Archive member included to satisfy reference by file (symbol)

c:/ac6/systemworkbench/plugins/fr.ac6.mcu.externaltools.arm-none.win32_1.7.0.201602121829/tools/compiler/bin/../lib/gcc/arm-none-eabi/5.2.1/../../../../arm-none-eabi/lib/armv7-m\libc_nano.a(lib_a-exit.o)
                              c:/ac6/systemworkbench/plugins/fr.ac6.mcu.externaltools.arm-none.win32_1.7.0.201602121829/tools/compiler/bin/../lib/gcc/arm-none-eabi/5.2.1/../../../../arm-none-eabi/lib/armv7-m/crt0.o (exit)
c:/ac6/systemworkbench/plugins/fr.ac6.mcu.externaltools.arm-none.win32_1.7.0.201602121829/tools/compiler/bin/../lib/gcc/arm-none-eabi/5.2.1/../../../../arm-none-eabi/lib/armv7-m\libc_nano.a(lib_a-impure.o)
                              c:/ac6/systemworkbench/plugins/fr.ac6.mcu.externaltools.arm-none.win32_1.7.0.201602121829/tools/compiler/bin/../lib/gcc/arm-none-eabi/5.2.1/../../../../arm-none-eabi/lib/armv7-m\libc_nano.a(lib_a-exit.o) (_global_impure_ptr)
c:/ac6/systemworkbench/plugins/fr.ac6.mcu.externaltools.arm-none.win32_1.7.0.201602121829/tools/compiler/bin/../lib/gcc/arm-none-eabi/5.2.1/../../../../arm-none-eabi/lib/armv7-m\libc_nano.a(lib_a-init.o)
                              c:/ac6/systemworkbench/plugins/fr.ac6.mcu.externaltools.arm-none.win32_1.7.0.201602121829/tools/compiler/bin/../lib/gcc/arm-none-eabi/5.2.1/../../../../arm-none-eabi/lib/armv7-m/crt0.o (__libc_init_array)
c:/ac6/systemworkbench/plugins/fr.ac6.mcu.externaltools.arm-none.win32_1.7.0.201602121829/tools/compiler/bin/../lib/gcc/arm-none-eabi/5.2.1/../../../../arm-none-eabi/lib/armv7-m\libc_nano.a(lib_a-memcpy-stub.o)
                              src/main.o (memcpy)
c:/ac6/systemworkbench/plugins/fr.ac6.mcu.externaltools.arm-none.win32_1.7.0.201602121829/tools/compiler/bin/../lib/gcc/arm-none-eabi/5.2.1/../../../../arm-none-eabi/lib/armv7-m\libc_nano.a(lib_a-memmove.o)
                              src/radio.o (memmove)
c:/ac6/systemworkbench/plugins/fr.ac6.mcu.externaltools.arm-none.win32_1.7.0.201602121829/tools/compiler/bin/../lib/gcc/arm-none-eabi/5.2.1/../../../../arm-none-eabi/lib/armv7-m\libc_nano.a(lib_a-memset.o)
                              c:/ac6/systemworkbench/plugins/fr.ac6.mcu.externaltools.arm-none.win32_1.7.0.201602121829/tools/compiler/bin/../lib/gcc/arm-none-eabi/5.2.1/../../../../arm-none-eabi/lib/armv7-m/crt0.o (memset)
c:/ac6/systemworkbench/plugins/fr.ac6.mcu.externaltools.arm-none.win32_1.7.0.201602121829/tools/compiler/bin/../lib/gcc/arm-none-eabi/5.2.1/../../../../arm-none-eabi/lib/armv7-m\libc_nano.a(lib_a-strlen.o)
                              src/main.o (strlen)
c:/ac6/systemworkbench/plugins/fr.ac6.mcu.externaltools.arm-none.win32_1.7.0.201602121829/tools/compiler/bin/../lib/gcc/arm-none-eabi/5.2.1/../../../../arm-none-eabi/lib/armv7-m\libc_nano.a(lib_a-strncmp.o)
                              src/gps.o (strncmp)
c:/ac6/systemworkbench/plugins/fr.ac6.mcu.externaltools.arm-none.win32_1.7.0.201602121829/tools/compiler/bin/../lib/gcc/arm-none-eabi/5.2.1/../../../../arm-none-eabi/lib/armv7-m\libnosys.a(_exit.o)
                              c:/ac6/systemworkbench/plugins/fr.ac6.mcu.externaltools.arm-none.win32_1.7.0.201602121829/tools/compiler/bin/../lib/gcc/arm-none-eabi/5.2.1/../../../../arm-none-eabi/lib/armv7-m\libc_nano.a(lib_a-exit.o) (_exit)

Allocating common symbols
Common symbol       size              file

tmp                 0x4               src/main.o
DeviceState         0x4               src/main.o
timerSchedule       0x20              src/main.o
RadioBuffer         0x10              src/radio.o
SoftwareEvents      0x2               src/main.o
UartRxCounter       0x1               src/main.o
HardwareEvents      0x4               src/main.o
GpsRxBuffer         0x60              src/gps.o
UartRxBuffer        0x20              src/main.o
uint32tmp           0x4               src/main.o
AltimeterData       0x2               src/altimeter.o
GpsData             0xc               src/gps.o
EventMask           0x4               src/main.o
Uart2Tx             0x114             src/main.o
GpsRxCounter        0x1               src/gps.o
Uart2Command        0x20              src/main.o
uint8tmp            0x1               src/main.o

Discarded input sections

 .text          0x00000000        0x0 c:/ac6/systemworkbench/plugins/fr.ac6.mcu.externaltools.arm-none.win32_1.7.0.201602121829/tools/compiler/bin/../lib/gcc/arm-none-eabi/5.2.1/armv7-m/crti.o
 .data          0x00000000        0x0 c:/ac6/systemworkbench/plugins/fr.ac6.mcu.externaltools.arm-none.win32_1.7.0.201602121829/tools/compiler/bin/../lib/gcc/arm-none-eabi/5.2.1/armv7-m/crti.o
 .bss           0x00000000        0x0 c:/ac6/systemworkbench/plugins/fr.ac6.mcu.externaltools.arm-none.win32_1.7.0.201602121829/tools/compiler/bin/../lib/gcc/arm-none-eabi/5.2.1/armv7-m/crti.o
 .data          0x00000000        0x4 c:/ac6/systemworkbench/plugins/fr.ac6.mcu.externaltools.arm-none.win32_1.7.0.201602121829/tools/compiler/bin/../lib/gcc/arm-none-eabi/5.2.1/armv7-m/crtbegin.o
 .text          0x00000000       0x74 c:/ac6/systemworkbench/plugins/fr.ac6.mcu.externaltools.arm-none.win32_1.7.0.201602121829/tools/compiler/bin/../lib/gcc/arm-none-eabi/5.2.1/../../../../arm-none-eabi/lib/armv7-m/crt0.o
 .data          0x00000000        0x0 c:/ac6/systemworkbench/plugins/fr.ac6.mcu.externaltools.arm-none.win32_1.7.0.201602121829/tools/compiler/bin/../lib/gcc/arm-none-eabi/5.2.1/../../../../arm-none-eabi/lib/armv7-m/crt0.o
 .bss           0x00000000        0x0 c:/ac6/systemworkbench/plugins/fr.ac6.mcu.externaltools.arm-none.win32_1.7.0.201602121829/tools/compiler/bin/../lib/gcc/arm-none-eabi/5.2.1/../../../../arm-none-eabi/lib/armv7-m/crt0.o
 .ARM.extab     0x00000000        0x0 c:/ac6/systemworkbench/plugins/fr.ac6.mcu.externaltools.arm-none.win32_1.7.0.201602121829/tools/compiler/bin/../lib/gcc/arm-none-eabi/5.2.1/../../../../arm-none-eabi/lib/armv7-m/crt0.o
 .ARM.exidx     0x00000000        0x8 c:/ac6/systemworkbench/plugins/fr.ac6.mcu.externaltools.arm-none.win32_1.7.0.201602121829/tools/compiler/bin/../lib/gcc/arm-none-eabi/5.2.1/../../../../arm-none-eabi/lib/armv7-m/crt0.o
 .ARM.attributes
                0x00000000       0x1b c:/ac6/systemworkbench/plugins/fr.ac6.mcu.externaltools.arm-none.win32_1.7.0.201602121829/tools/compiler/bin/../lib/gcc/arm-none-eabi/5.2.1/../../../../arm-none-eabi/lib/armv7-m/crt0.o
 .group         0x00000000        0x8 src/altimeter.o
 .group         0x00000000        0x8 src/altimeter.o
 .group         0x00000000        0x8 src/altimeter.o
 .group         0x00000000        0x8 src/altimeter.o
 .group         0x00000000        0x8 src/altimeter.o
 .group         0x00000000        0x8 src/altimeter.o
 .group         0x00000000        0x8 src/altimeter.o
 .group         0x00000000        0x8 src/altimeter.o
 .group         0x00000000        0x8 src/altimeter.o
 .group         0x00000000        0x8 src/altimeter.o
 .group         0x00000000        0x8 src/altimeter.o
 .group         0x00000000        0x8 src/altimeter.o
 .group         0x00000000        0x8 src/altimeter.o
 .group         0x00000000        0x8 src/altimeter.o
 .group         0x00000000        0x8 src/altimeter.o
 .group         0x00000000        0x8 src/altimeter.o
 .group         0x00000000        0x8 src/altimeter.o
 .group         0x00000000        0x8 src/altimeter.o
 .group         0x00000000        0x8 src/altimeter.o
 .group         0x00000000        0x8 src/altimeter.o
 .group         0x00000000        0x8 src/altimeter.o
 .group         0x00000000        0x8 src/altimeter.o
 .group         0x00000000        0x8 src/altimeter.o
 .group         0x00000000        0x8 src/altimeter.o
 .group         0x00000000        0x8 src/altimeter.o
 .group         0x00000000        0x8 src/altimeter.o
 .group         0x00000000        0x8 src/altimeter.o
 .group         0x00000000        0x8 src/altimeter.o
 .group         0x00000000        0x8 src/altimeter.o
 .group         0x00000000        0x8 src/altimeter.o
 .group         0x00000000        0x8 src/altimeter.o
 .group         0x00000000        0x8 src/altimeter.o
 .group         0x00000000        0x8 src/altimeter.o
 .group         0x00000000        0x8 src/altimeter.o
 .group         0x00000000        0x8 src/altimeter.o
 .group         0x00000000        0x8 src/altimeter.o
 .group         0x00000000        0x8 src/altimeter.o
 .group         0x00000000        0x8 src/altimeter.o
 .group         0x00000000        0x8 src/altimeter.o
 .group         0x00000000        0x8 src/altimeter.o
 .group         0x00000000        0x8 src/altimeter.o
 .group         0x00000000        0x8 src/altimeter.o
 .group         0x00000000        0x8 src/altimeter.o
 .group         0x00000000        0x8 src/altimeter.o
 .group         0x00000000        0x8 src/altimeter.o
 .group         0x00000000        0x8 src/altimeter.o
 .group         0x00000000        0x8 src/altimeter.o
 .group         0x00000000        0x8 src/altimeter.o
 .group         0x00000000        0x8 src/altimeter.o
 .text          0x00000000        0x0 src/altimeter.o
 .data          0x00000000        0x0 src/altimeter.o
 .bss           0x00000000        0x0 src/altimeter.o
 .group         0x00000000        0x8 src/gps.o
 .group         0x00000000        0x8 src/gps.o
 .group         0x00000000        0x8 src/gps.o
 .group         0x00000000        0x8 src/gps.o
 .group         0x00000000        0x8 src/gps.o
 .group         0x00000000        0x8 src/gps.o
 .group         0x00000000        0x8 src/gps.o
 .group         0x00000000        0x8 src/gps.o
 .group         0x00000000        0x8 src/gps.o
 .group         0x00000000        0x8 src/gps.o
 .group         0x00000000        0x8 src/gps.o
 .group         0x00000000        0x8 src/gps.o
 .group         0x00000000        0x8 src/gps.o
 .group         0x00000000        0x8 src/gps.o
 .group         0x00000000        0x8 src/gps.o
 .group         0x00000000        0x8 src/gps.o
 .group         0x00000000        0x8 src/gps.o
 .group         0x00000000        0x8 src/gps.o
 .group         0x00000000        0x8 src/gps.o
 .group         0x00000000        0x8 src/gps.o
 .group         0x00000000        0x8 src/gps.o
 .group         0x00000000        0x8 src/gps.o
 .group         0x00000000        0x8 src/gps.o
 .group         0x00000000        0x8 src/gps.o
 .group         0x00000000        0x8 src/gps.o
 .group         0x00000000        0x8 src/gps.o
 .group         0x00000000        0x8 src/gps.o
 .group         0x00000000        0x8 src/gps.o
 .group         0x00000000        0x8 src/gps.o
 .group         0x00000000        0x8 src/gps.o
 .group         0x00000000        0x8 src/gps.o
 .group         0x00000000        0x8 src/gps.o
 .group         0x00000000        0x8 src/gps.o
 .group         0x00000000        0x8 src/gps.o
 .group         0x00000000        0x8 src/gps.o
 .group         0x00000000        0x8 src/gps.o
 .group         0x00000000        0x8 src/gps.o
 .group         0x00000000        0x8 src/gps.o
 .group         0x00000000        0x8 src/gps.o
 .group         0x00000000        0x8 src/gps.o
 .group         0x00000000        0x8 src/gps.o
 .group         0x00000000        0x8 src/gps.o
 .group         0x00000000        0x8 src/gps.o
 .group         0x00000000        0x8 src/gps.o
 .group         0x00000000        0x8 src/gps.o
 .group         0x00000000        0x8 src/gps.o
 .group         0x00000000        0x8 src/gps.o
 .group         0x00000000        0x8 src/gps.o
 .group         0x00000000        0x8 src/gps.o
 .text          0x00000000        0x0 src/gps.o
 .data          0x00000000        0x0 src/gps.o
 .bss           0x00000000        0x0 src/gps.o
 .data.GPRMCFieldsMaxSize
                0x00000000        0xe src/gps.o
 .debug_macro   0x00000000      0x874 src/gps.o
 .debug_macro   0x00000000       0x2e src/gps.o
 .debug_macro   0x00000000       0x22 src/gps.o
 .debug_macro   0x00000000       0x22 src/gps.o
 .debug_macro   0x00000000       0x44 src/gps.o
 .debug_macro   0x00000000       0xfd src/gps.o
 .debug_macro   0x00000000       0x22 src/gps.o
 .debug_macro   0x00000000      0x1df src/gps.o
 .debug_macro   0x00000000       0x34 src/gps.o
 .debug_macro   0x00000000       0x34 src/gps.o
 .debug_macro   0x00000000      0xcb4 src/gps.o
 .debug_macro   0x00000000     0xb754 src/gps.o
 .debug_macro   0x00000000       0x43 src/gps.o
 .debug_macro   0x00000000      0x1b2 src/gps.o
 .debug_macro   0x00000000      0x422 src/gps.o
 .debug_macro   0x00000000      0x585 src/gps.o
 .debug_macro   0x00000000       0xba src/gps.o
 .debug_macro   0x00000000       0xd2 src/gps.o
 .debug_macro   0x00000000      0x115 src/gps.o
 .debug_macro   0x00000000      0x348 src/gps.o
 .debug_macro   0x00000000      0x173 src/gps.o
 .debug_macro   0x00000000       0x58 src/gps.o
 .debug_macro   0x00000000       0x35 src/gps.o
 .debug_macro   0x00000000       0x9c src/gps.o
 .debug_macro   0x00000000       0x16 src/gps.o
 .debug_macro   0x00000000      0x10e src/gps.o
 .debug_macro   0x00000000       0x8d src/gps.o
 .debug_macro   0x00000000       0x52 src/gps.o
 .debug_macro   0x00000000       0x16 src/gps.o
 .debug_macro   0x00000000       0x43 src/gps.o
 .debug_macro   0x00000000      0x187 src/gps.o
 .debug_macro   0x00000000      0x329 src/gps.o
 .debug_macro   0x00000000       0x16 src/gps.o
 .debug_macro   0x00000000       0x29 src/gps.o
 .debug_macro   0x00000000      0x7c9 src/gps.o
 .debug_macro   0x00000000       0x34 src/gps.o
 .debug_macro   0x00000000       0x1c src/gps.o
 .debug_macro   0x00000000       0x35 src/gps.o
 .debug_macro   0x00000000       0x10 src/gps.o
 .debug_macro   0x00000000       0x10 src/gps.o
 .debug_macro   0x00000000       0x22 src/gps.o
 .debug_macro   0x00000000       0x3a src/gps.o
 .debug_macro   0x00000000       0x10 src/gps.o
 .debug_macro   0x00000000       0x40 src/gps.o
 .debug_macro   0x00000000       0x65 src/gps.o
 .debug_macro   0x00000000       0x16 src/gps.o
 .debug_macro   0x00000000      0x197 src/gps.o
 .debug_macro   0x00000000       0x16 src/gps.o
 .debug_macro   0x00000000      0x182 src/gps.o
 .group         0x00000000        0x8 src/main.o
 .group         0x00000000        0x8 src/main.o
 .group         0x00000000        0x8 src/main.o
 .group         0x00000000        0x8 src/main.o
 .group         0x00000000        0x8 src/main.o
 .group         0x00000000        0x8 src/main.o
 .group         0x00000000        0x8 src/main.o
 .group         0x00000000        0x8 src/main.o
 .group         0x00000000        0x8 src/main.o
 .group         0x00000000        0x8 src/main.o
 .group         0x00000000        0x8 src/main.o
 .group         0x00000000        0x8 src/main.o
 .group         0x00000000        0x8 src/main.o
 .group         0x00000000        0x8 src/main.o
 .group         0x00000000        0x8 src/main.o
 .group         0x00000000        0x8 src/main.o
 .group         0x00000000        0x8 src/main.o
 .group         0x00000000        0x8 src/main.o
 .group         0x00000000        0x8 src/main.o
 .group         0x00000000        0x8 src/main.o
 .group         0x00000000        0x8 src/main.o
 .group         0x00000000        0x8 src/main.o
 .group         0x00000000        0x8 src/main.o
 .group         0x00000000        0x8 src/main.o
 .group         0x00000000        0x8 src/main.o
 .group         0x00000000        0x8 src/main.o
 .group         0x00000000        0x8 src/main.o
 .group         0x00000000        0x8 src/main.o
 .group         0x00000000        0x8 src/main.o
 .group         0x00000000        0x8 src/main.o
 .group         0x00000000        0x8 src/main.o
 .group         0x00000000        0x8 src/main.o
 .group         0x00000000        0x8 src/main.o
 .group         0x00000000        0x8 src/main.o
 .group         0x00000000        0x8 src/main.o
 .group         0x00000000        0x8 src/main.o
 .group         0x00000000        0x8 src/main.o
 .group         0x00000000        0x8 src/main.o
 .group         0x00000000        0x8 src/main.o
 .group         0x00000000        0x8 src/main.o
 .group         0x00000000        0x8 src/main.o
 .group         0x00000000        0x8 src/main.o
 .group         0x00000000        0x8 src/main.o
 .group         0x00000000        0x8 src/main.o
 .group         0x00000000        0x8 src/main.o
 .group         0x00000000        0x8 src/main.o
 .group         0x00000000        0x8 src/main.o
 .group         0x00000000        0x8 src/main.o
 .group         0x00000000        0x8 src/main.o
 .text          0x00000000        0x0 src/main.o
 .data          0x00000000        0x0 src/main.o
 .bss           0x00000000        0x0 src/main.o
 .debug_macro   0x00000000      0x874 src/main.o
 .debug_macro   0x00000000       0x2e src/main.o
 .debug_macro   0x00000000       0x22 src/main.o
 .debug_macro   0x00000000       0x22 src/main.o
 .debug_macro   0x00000000       0x44 src/main.o
 .debug_macro   0x00000000       0xfd src/main.o
 .debug_macro   0x00000000       0x22 src/main.o
 .debug_macro   0x00000000      0x1df src/main.o
 .debug_macro   0x00000000       0x34 src/main.o
 .debug_macro   0x00000000       0x34 src/main.o
 .debug_macro   0x00000000      0xcb4 src/main.o
 .debug_macro   0x00000000     0xb754 src/main.o
 .debug_macro   0x00000000       0x43 src/main.o
 .debug_macro   0x00000000      0x1b2 src/main.o
 .debug_macro   0x00000000      0x422 src/main.o
 .debug_macro   0x00000000      0x585 src/main.o
 .debug_macro   0x00000000       0xba src/main.o
 .debug_macro   0x00000000       0xd2 src/main.o
 .debug_macro   0x00000000      0x115 src/main.o
 .debug_macro   0x00000000      0x348 src/main.o
 .debug_macro   0x00000000      0x173 src/main.o
 .debug_macro   0x00000000       0x58 src/main.o
 .debug_macro   0x00000000       0x35 src/main.o
 .debug_macro   0x00000000       0x9c src/main.o
 .debug_macro   0x00000000       0x16 src/main.o
 .debug_macro   0x00000000      0x10e src/main.o
 .debug_macro   0x00000000       0x8d src/main.o
 .debug_macro   0x00000000       0x52 src/main.o
 .debug_macro   0x00000000       0x16 src/main.o
 .debug_macro   0x00000000       0x43 src/main.o
 .debug_macro   0x00000000      0x187 src/main.o
 .debug_macro   0x00000000      0x329 src/main.o
 .debug_macro   0x00000000       0x16 src/main.o
 .debug_macro   0x00000000       0x29 src/main.o
 .debug_macro   0x00000000      0x7c9 src/main.o
 .debug_macro   0x00000000       0x34 src/main.o
 .debug_macro   0x00000000       0x1c src/main.o
 .debug_macro   0x00000000       0x35 src/main.o
 .debug_macro   0x00000000       0x10 src/main.o
 .debug_macro   0x00000000       0x10 src/main.o
 .debug_macro   0x00000000       0x22 src/main.o
 .debug_macro   0x00000000       0x3a src/main.o
 .debug_macro   0x00000000       0x10 src/main.o
 .debug_macro   0x00000000       0x40 src/main.o
 .debug_macro   0x00000000       0x65 src/main.o
 .debug_macro   0x00000000       0x16 src/main.o
 .debug_macro   0x00000000      0x197 src/main.o
 .debug_macro   0x00000000       0x16 src/main.o
 .debug_macro   0x00000000      0x182 src/main.o
 .group         0x00000000        0x8 src/radio.o
 .group         0x00000000        0x8 src/radio.o
 .group         0x00000000        0x8 src/radio.o
 .group         0x00000000        0x8 src/radio.o
 .group         0x00000000        0x8 src/radio.o
 .group         0x00000000        0x8 src/radio.o
 .group         0x00000000        0x8 src/radio.o
 .group         0x00000000        0x8 src/radio.o
 .group         0x00000000        0x8 src/radio.o
 .group         0x00000000        0x8 src/radio.o
 .group         0x00000000        0x8 src/radio.o
 .group         0x00000000        0x8 src/radio.o
 .group         0x00000000        0x8 src/radio.o
 .group         0x00000000        0x8 src/radio.o
 .group         0x00000000        0x8 src/radio.o
 .group         0x00000000        0x8 src/radio.o
 .group         0x00000000        0x8 src/radio.o
 .group         0x00000000        0x8 src/radio.o
 .group         0x00000000        0x8 src/radio.o
 .group         0x00000000        0x8 src/radio.o
 .group         0x00000000        0x8 src/radio.o
 .group         0x00000000        0x8 src/radio.o
 .group         0x00000000        0x8 src/radio.o
 .group         0x00000000        0x8 src/radio.o
 .group         0x00000000        0x8 src/radio.o
 .group         0x00000000        0x8 src/radio.o
 .group         0x00000000        0x8 src/radio.o
 .group         0x00000000        0x8 src/radio.o
 .group         0x00000000        0x8 src/radio.o
 .group         0x00000000        0x8 src/radio.o
 .group         0x00000000        0x8 src/radio.o
 .group         0x00000000        0x8 src/radio.o
 .group         0x00000000        0x8 src/radio.o
 .group         0x00000000        0x8 src/radio.o
 .group         0x00000000        0x8 src/radio.o
 .group         0x00000000        0x8 src/radio.o
 .group         0x00000000        0x8 src/radio.o
 .group         0x00000000        0x8 src/radio.o
 .group         0x00000000        0x8 src/radio.o
 .group         0x00000000        0x8 src/radio.o
 .group         0x00000000        0x8 src/radio.o
 .group         0x00000000        0x8 src/radio.o
 .group         0x00000000        0x8 src/radio.o
 .group         0x00000000        0x8 src/radio.o
 .group         0x00000000        0x8 src/radio.o
 .group         0x00000000        0x8 src/radio.o
 .group         0x00000000        0x8 src/radio.o
 .group         0x00000000        0x8 src/radio.o
 .group         0x00000000        0x8 src/radio.o
 .text          0x00000000        0x0 src/radio.o
 .data          0x00000000        0x0 src/radio.o
 .bss           0x00000000        0x0 src/radio.o
 .debug_macro   0x00000000      0x874 src/radio.o
 .debug_macro   0x00000000       0x2e src/radio.o
 .debug_macro   0x00000000       0x22 src/radio.o
 .debug_macro   0x00000000       0x22 src/radio.o
 .debug_macro   0x00000000       0x44 src/radio.o
 .debug_macro   0x00000000       0xfd src/radio.o
 .debug_macro   0x00000000       0x22 src/radio.o
 .debug_macro   0x00000000      0x1df src/radio.o
 .debug_macro   0x00000000       0x34 src/radio.o
 .debug_macro   0x00000000       0x34 src/radio.o
 .debug_macro   0x00000000      0xcb4 src/radio.o
 .debug_macro   0x00000000     0xb754 src/radio.o
 .debug_macro   0x00000000       0x43 src/radio.o
 .debug_macro   0x00000000      0x1b2 src/radio.o
 .debug_macro   0x00000000      0x422 src/radio.o
 .debug_macro   0x00000000      0x585 src/radio.o
 .debug_macro   0x00000000       0xba src/radio.o
 .debug_macro   0x00000000       0xd2 src/radio.o
 .debug_macro   0x00000000      0x115 src/radio.o
 .debug_macro   0x00000000      0x348 src/radio.o
 .debug_macro   0x00000000      0x173 src/radio.o
 .debug_macro   0x00000000       0x58 src/radio.o
 .debug_macro   0x00000000       0x35 src/radio.o
 .debug_macro   0x00000000       0x9c src/radio.o
 .debug_macro   0x00000000       0x16 src/radio.o
 .debug_macro   0x00000000      0x10e src/radio.o
 .debug_macro   0x00000000       0x8d src/radio.o
 .debug_macro   0x00000000       0x52 src/radio.o
 .debug_macro   0x00000000       0x16 src/radio.o
 .debug_macro   0x00000000       0x43 src/radio.o
 .debug_macro   0x00000000      0x187 src/radio.o
 .debug_macro   0x00000000      0x329 src/radio.o
 .debug_macro   0x00000000       0x16 src/radio.o
 .debug_macro   0x00000000       0x29 src/radio.o
 .debug_macro   0x00000000       0x34 src/radio.o
 .debug_macro   0x00000000       0x1c src/radio.o
 .debug_macro   0x00000000       0x35 src/radio.o
 .debug_macro   0x00000000       0x10 src/radio.o
 .debug_macro   0x00000000       0x10 src/radio.o
 .debug_macro   0x00000000       0x22 src/radio.o
 .debug_macro   0x00000000       0x3a src/radio.o
 .debug_macro   0x00000000       0x10 src/radio.o
 .debug_macro   0x00000000       0x40 src/radio.o
 .debug_macro   0x00000000       0x65 src/radio.o
 .debug_macro   0x00000000       0x16 src/radio.o
 .debug_macro   0x00000000      0x197 src/radio.o
 .debug_macro   0x00000000       0x16 src/radio.o
 .debug_macro   0x00000000      0x182 src/radio.o
 .debug_macro   0x00000000      0x7c9 src/radio.o
 .group         0x00000000        0x8 src/stm32l152x_board.o
 .group         0x00000000        0x8 src/stm32l152x_board.o
 .group         0x00000000        0x8 src/stm32l152x_board.o
 .group         0x00000000        0x8 src/stm32l152x_board.o
 .group         0x00000000        0x8 src/stm32l152x_board.o
 .group         0x00000000        0x8 src/stm32l152x_board.o
 .group         0x00000000        0x8 src/stm32l152x_board.o
 .group         0x00000000        0x8 src/stm32l152x_board.o
 .group         0x00000000        0x8 src/stm32l152x_board.o
 .group         0x00000000        0x8 src/stm32l152x_board.o
 .group         0x00000000        0x8 src/stm32l152x_board.o
 .group         0x00000000        0x8 src/stm32l152x_board.o
 .group         0x00000000        0x8 src/stm32l152x_board.o
 .group         0x00000000        0x8 src/stm32l152x_board.o
 .group         0x00000000        0x8 src/stm32l152x_board.o
 .group         0x00000000        0x8 src/stm32l152x_board.o
 .group         0x00000000        0x8 src/stm32l152x_board.o
 .group         0x00000000        0x8 src/stm32l152x_board.o
 .group         0x00000000        0x8 src/stm32l152x_board.o
 .group         0x00000000        0x8 src/stm32l152x_board.o
 .group         0x00000000        0x8 src/stm32l152x_board.o
 .group         0x00000000        0x8 src/stm32l152x_board.o
 .group         0x00000000        0x8 src/stm32l152x_board.o
 .group         0x00000000        0x8 src/stm32l152x_board.o
 .group         0x00000000        0x8 src/stm32l152x_board.o
 .group         0x00000000        0x8 src/stm32l152x_board.o
 .group         0x00000000        0x8 src/stm32l152x_board.o
 .group         0x00000000        0x8 src/stm32l152x_board.o
 .group         0x00000000        0x8 src/stm32l152x_board.o
 .group         0x00000000        0x8 src/stm32l152x_board.o
 .group         0x00000000        0x8 src/stm32l152x_board.o
 .group         0x00000000        0x8 src/stm32l152x_board.o
 .group         0x00000000        0x8 src/stm32l152x_board.o
 .group         0x00000000        0x8 src/stm32l152x_board.o
 .group         0x00000000        0x8 src/stm32l152x_board.o
 .group         0x00000000        0x8 src/stm32l152x_board.o
 .group         0x00000000        0x8 src/stm32l152x_board.o
 .group         0x00000000        0x8 src/stm32l152x_board.o
 .group         0x00000000        0x8 src/stm32l152x_board.o
 .group         0x00000000        0x8 src/stm32l152x_board.o
 .group         0x00000000        0x8 src/stm32l152x_board.o
 .group         0x00000000        0x8 src/stm32l152x_board.o
 .group         0x00000000        0x8 src/stm32l152x_board.o
 .group         0x00000000        0x8 src/stm32l152x_board.o
 .group         0x00000000        0x8 src/stm32l152x_board.o
 .group         0x00000000        0x8 src/stm32l152x_board.o
 .group         0x00000000        0x8 src/stm32l152x_board.o
 .group         0x00000000        0x8 src/stm32l152x_board.o
 .group         0x00000000        0x8 src/stm32l152x_board.o
 .text          0x00000000        0x0 src/stm32l152x_board.o
 .data          0x00000000        0x0 src/stm32l152x_board.o
 .bss           0x00000000        0x0 src/stm32l152x_board.o
 .debug_macro   0x00000000      0x874 src/stm32l152x_board.o
 .debug_macro   0x00000000       0x2e src/stm32l152x_board.o
 .debug_macro   0x00000000       0x22 src/stm32l152x_board.o
 .debug_macro   0x00000000       0x22 src/stm32l152x_board.o
 .debug_macro   0x00000000       0x44 src/stm32l152x_board.o
 .debug_macro   0x00000000       0xfd src/stm32l152x_board.o
 .debug_macro   0x00000000       0x22 src/stm32l152x_board.o
 .debug_macro   0x00000000      0x1df src/stm32l152x_board.o
 .debug_macro   0x00000000       0x34 src/stm32l152x_board.o
 .debug_macro   0x00000000       0x34 src/stm32l152x_board.o
 .debug_macro   0x00000000      0xcb4 src/stm32l152x_board.o
 .debug_macro   0x00000000     0xb754 src/stm32l152x_board.o
 .debug_macro   0x00000000       0x43 src/stm32l152x_board.o
 .debug_macro   0x00000000      0x1b2 src/stm32l152x_board.o
 .debug_macro   0x00000000      0x422 src/stm32l152x_board.o
 .debug_macro   0x00000000      0x585 src/stm32l152x_board.o
 .debug_macro   0x00000000       0xba src/stm32l152x_board.o
 .debug_macro   0x00000000       0xd2 src/stm32l152x_board.o
 .debug_macro   0x00000000      0x115 src/stm32l152x_board.o
 .debug_macro   0x00000000      0x348 src/stm32l152x_board.o
 .debug_macro   0x00000000      0x173 src/stm32l152x_board.o
 .debug_macro   0x00000000       0x58 src/stm32l152x_board.o
 .debug_macro   0x00000000       0x35 src/stm32l152x_board.o
 .debug_macro   0x00000000       0x9c src/stm32l152x_board.o
 .debug_macro   0x00000000       0x16 src/stm32l152x_board.o
 .debug_macro   0x00000000      0x10e src/stm32l152x_board.o
 .debug_macro   0x00000000       0x8d src/stm32l152x_board.o
 .debug_macro   0x00000000       0x52 src/stm32l152x_board.o
 .debug_macro   0x00000000       0x16 src/stm32l152x_board.o
 .debug_macro   0x00000000       0x43 src/stm32l152x_board.o
 .debug_macro   0x00000000      0x187 src/stm32l152x_board.o
 .debug_macro   0x00000000      0x329 src/stm32l152x_board.o
 .debug_macro   0x00000000       0x16 src/stm32l152x_board.o
 .debug_macro   0x00000000       0x29 src/stm32l152x_board.o
 .debug_macro   0x00000000      0x7c9 src/stm32l152x_board.o
 .debug_macro   0x00000000       0x34 src/stm32l152x_board.o
 .debug_macro   0x00000000       0x1c src/stm32l152x_board.o
 .debug_macro   0x00000000       0x35 src/stm32l152x_board.o
 .debug_macro   0x00000000       0x10 src/stm32l152x_board.o
 .debug_macro   0x00000000       0x10 src/stm32l152x_board.o
 .debug_macro   0x00000000       0x22 src/stm32l152x_board.o
 .debug_macro   0x00000000       0x3a src/stm32l152x_board.o
 .debug_macro   0x00000000       0x10 src/stm32l152x_board.o
 .debug_macro   0x00000000       0x40 src/stm32l152x_board.o
 .debug_macro   0x00000000       0x65 src/stm32l152x_board.o
 .debug_macro   0x00000000       0x16 src/stm32l152x_board.o
 .debug_macro   0x00000000      0x197 src/stm32l152x_board.o
 .debug_macro   0x00000000       0x16 src/stm32l152x_board.o
 .debug_macro   0x00000000      0x182 src/stm32l152x_board.o
 .group         0x00000000        0x8 src/stm32l1xx_it.o
 .group         0x00000000        0x8 src/stm32l1xx_it.o
 .group         0x00000000        0x8 src/stm32l1xx_it.o
 .group         0x00000000        0x8 src/stm32l1xx_it.o
 .group         0x00000000        0x8 src/stm32l1xx_it.o
 .group         0x00000000        0x8 src/stm32l1xx_it.o
 .group         0x00000000        0x8 src/stm32l1xx_it.o
 .group         0x00000000        0x8 src/stm32l1xx_it.o
 .group         0x00000000        0x8 src/stm32l1xx_it.o
 .group         0x00000000        0x8 src/stm32l1xx_it.o
 .group         0x00000000        0x8 src/stm32l1xx_it.o
 .group         0x00000000        0x8 src/stm32l1xx_it.o
 .group         0x00000000        0x8 src/stm32l1xx_it.o
 .group         0x00000000        0x8 src/stm32l1xx_it.o
 .group         0x00000000        0x8 src/stm32l1xx_it.o
 .group         0x00000000        0x8 src/stm32l1xx_it.o
 .group         0x00000000        0x8 src/stm32l1xx_it.o
 .group         0x00000000        0x8 src/stm32l1xx_it.o
 .group         0x00000000        0x8 src/stm32l1xx_it.o
 .group         0x00000000        0x8 src/stm32l1xx_it.o
 .group         0x00000000        0x8 src/stm32l1xx_it.o
 .group         0x00000000        0x8 src/stm32l1xx_it.o
 .group         0x00000000        0x8 src/stm32l1xx_it.o
 .group         0x00000000        0x8 src/stm32l1xx_it.o
 .group         0x00000000        0x8 src/stm32l1xx_it.o
 .group         0x00000000        0x8 src/stm32l1xx_it.o
 .group         0x00000000        0x8 src/stm32l1xx_it.o
 .group         0x00000000        0x8 src/stm32l1xx_it.o
 .group         0x00000000        0x8 src/stm32l1xx_it.o
 .group         0x00000000        0x8 src/stm32l1xx_it.o
 .group         0x00000000        0x8 src/stm32l1xx_it.o
 .group         0x00000000        0x8 src/stm32l1xx_it.o
 .group         0x00000000        0x8 src/stm32l1xx_it.o
 .group         0x00000000        0x8 src/stm32l1xx_it.o
 .group         0x00000000        0x8 src/stm32l1xx_it.o
 .group         0x00000000        0x8 src/stm32l1xx_it.o
 .group         0x00000000        0x8 src/stm32l1xx_it.o
 .group         0x00000000        0x8 src/stm32l1xx_it.o
 .group         0x00000000        0x8 src/stm32l1xx_it.o
 .group         0x00000000        0x8 src/stm32l1xx_it.o
 .group         0x00000000        0x8 src/stm32l1xx_it.o
 .group         0x00000000        0x8 src/stm32l1xx_it.o
 .group         0x00000000        0x8 src/stm32l1xx_it.o
 .group         0x00000000        0x8 src/stm32l1xx_it.o
 .group         0x00000000        0x8 src/stm32l1xx_it.o
 .group         0x00000000        0x8 src/stm32l1xx_it.o
 .group         0x00000000        0x8 src/stm32l1xx_it.o
 .group         0x00000000        0x8 src/stm32l1xx_it.o
 .group         0x00000000        0x8 src/stm32l1xx_it.o
 .text          0x00000000        0x0 src/stm32l1xx_it.o
 .data          0x00000000        0x0 src/stm32l1xx_it.o
 .bss           0x00000000        0x0 src/stm32l1xx_it.o
 .text.TIM6_DAC_IRQHandler
                0x00000000        0xc src/stm32l1xx_it.o
 .debug_macro   0x00000000      0x874 src/stm32l1xx_it.o
 .debug_macro   0x00000000       0x2e src/stm32l1xx_it.o
 .debug_macro   0x00000000       0x22 src/stm32l1xx_it.o
 .debug_macro   0x00000000       0x22 src/stm32l1xx_it.o
 .debug_macro   0x00000000       0x44 src/stm32l1xx_it.o
 .debug_macro   0x00000000       0xfd src/stm32l1xx_it.o
 .debug_macro   0x00000000       0x22 src/stm32l1xx_it.o
 .debug_macro   0x00000000      0x1df src/stm32l1xx_it.o
 .debug_macro   0x00000000       0x34 src/stm32l1xx_it.o
 .debug_macro   0x00000000       0x34 src/stm32l1xx_it.o
 .debug_macro   0x00000000      0xcb4 src/stm32l1xx_it.o
 .debug_macro   0x00000000     0xb754 src/stm32l1xx_it.o
 .debug_macro   0x00000000       0x43 src/stm32l1xx_it.o
 .debug_macro   0x00000000      0x1b2 src/stm32l1xx_it.o
 .debug_macro   0x00000000      0x422 src/stm32l1xx_it.o
 .debug_macro   0x00000000      0x585 src/stm32l1xx_it.o
 .debug_macro   0x00000000       0xba src/stm32l1xx_it.o
 .debug_macro   0x00000000       0xd2 src/stm32l1xx_it.o
 .debug_macro   0x00000000      0x115 src/stm32l1xx_it.o
 .debug_macro   0x00000000      0x348 src/stm32l1xx_it.o
 .debug_macro   0x00000000      0x173 src/stm32l1xx_it.o
 .debug_macro   0x00000000       0x58 src/stm32l1xx_it.o
 .debug_macro   0x00000000       0x35 src/stm32l1xx_it.o
 .debug_macro   0x00000000       0x9c src/stm32l1xx_it.o
 .debug_macro   0x00000000       0x16 src/stm32l1xx_it.o
 .debug_macro   0x00000000      0x10e src/stm32l1xx_it.o
 .debug_macro   0x00000000       0x8d src/stm32l1xx_it.o
 .debug_macro   0x00000000       0x52 src/stm32l1xx_it.o
 .debug_macro   0x00000000       0x16 src/stm32l1xx_it.o
 .debug_macro   0x00000000       0x43 src/stm32l1xx_it.o
 .debug_macro   0x00000000      0x187 src/stm32l1xx_it.o
 .debug_macro   0x00000000      0x329 src/stm32l1xx_it.o
 .debug_macro   0x00000000       0x16 src/stm32l1xx_it.o
 .debug_macro   0x00000000       0x29 src/stm32l1xx_it.o
 .debug_macro   0x00000000      0x7c9 src/stm32l1xx_it.o
 .debug_macro   0x00000000       0x34 src/stm32l1xx_it.o
 .debug_macro   0x00000000       0x1c src/stm32l1xx_it.o
 .debug_macro   0x00000000       0x35 src/stm32l1xx_it.o
 .debug_macro   0x00000000       0x10 src/stm32l1xx_it.o
 .debug_macro   0x00000000       0x10 src/stm32l1xx_it.o
 .debug_macro   0x00000000       0x22 src/stm32l1xx_it.o
 .debug_macro   0x00000000       0x3a src/stm32l1xx_it.o
 .debug_macro   0x00000000       0x10 src/stm32l1xx_it.o
 .debug_macro   0x00000000       0x40 src/stm32l1xx_it.o
 .debug_macro   0x00000000       0x65 src/stm32l1xx_it.o
 .debug_macro   0x00000000       0x16 src/stm32l1xx_it.o
 .debug_macro   0x00000000      0x197 src/stm32l1xx_it.o
 .debug_macro   0x00000000       0x16 src/stm32l1xx_it.o
 .debug_macro   0x00000000      0x182 src/stm32l1xx_it.o
 .text          0x00000000       0x14 startup/startup_stm32.o
 .data          0x00000000        0x0 startup/startup_stm32.o
 .bss           0x00000000        0x0 startup/startup_stm32.o
 .text          0x00000000        0x0 c:/ac6/systemworkbench/plugins/fr.ac6.mcu.externaltools.arm-none.win32_1.7.0.201602121829/tools/compiler/bin/../lib/gcc/arm-none-eabi/5.2.1/../../../../arm-none-eabi/lib/armv7-m\libc_nano.a(lib_a-exit.o)
 .data          0x00000000        0x0 c:/ac6/systemworkbench/plugins/fr.ac6.mcu.externaltools.arm-none.win32_1.7.0.201602121829/tools/compiler/bin/../lib/gcc/arm-none-eabi/5.2.1/../../../../arm-none-eabi/lib/armv7-m\libc_nano.a(lib_a-exit.o)
 .bss           0x00000000        0x0 c:/ac6/systemworkbench/plugins/fr.ac6.mcu.externaltools.arm-none.win32_1.7.0.201602121829/tools/compiler/bin/../lib/gcc/arm-none-eabi/5.2.1/../../../../arm-none-eabi/lib/armv7-m\libc_nano.a(lib_a-exit.o)
 .text.exit     0x00000000       0x28 c:/ac6/systemworkbench/plugins/fr.ac6.mcu.externaltools.arm-none.win32_1.7.0.201602121829/tools/compiler/bin/../lib/gcc/arm-none-eabi/5.2.1/../../../../arm-none-eabi/lib/armv7-m\libc_nano.a(lib_a-exit.o)
 .debug_frame   0x00000000       0x28 c:/ac6/systemworkbench/plugins/fr.ac6.mcu.externaltools.arm-none.win32_1.7.0.201602121829/tools/compiler/bin/../lib/gcc/arm-none-eabi/5.2.1/../../../../arm-none-eabi/lib/armv7-m\libc_nano.a(lib_a-exit.o)
 .ARM.attributes
                0x00000000       0x2d c:/ac6/systemworkbench/plugins/fr.ac6.mcu.externaltools.arm-none.win32_1.7.0.201602121829/tools/compiler/bin/../lib/gcc/arm-none-eabi/5.2.1/../../../../arm-none-eabi/lib/armv7-m\libc_nano.a(lib_a-exit.o)
 .text          0x00000000        0x0 c:/ac6/systemworkbench/plugins/fr.ac6.mcu.externaltools.arm-none.win32_1.7.0.201602121829/tools/compiler/bin/../lib/gcc/arm-none-eabi/5.2.1/../../../../arm-none-eabi/lib/armv7-m\libc_nano.a(lib_a-impure.o)
 .data          0x00000000        0x0 c:/ac6/systemworkbench/plugins/fr.ac6.mcu.externaltools.arm-none.win32_1.7.0.201602121829/tools/compiler/bin/../lib/gcc/arm-none-eabi/5.2.1/../../../../arm-none-eabi/lib/armv7-m\libc_nano.a(lib_a-impure.o)
 .bss           0x00000000        0x0 c:/ac6/systemworkbench/plugins/fr.ac6.mcu.externaltools.arm-none.win32_1.7.0.201602121829/tools/compiler/bin/../lib/gcc/arm-none-eabi/5.2.1/../../../../arm-none-eabi/lib/armv7-m\libc_nano.a(lib_a-impure.o)
 .data.impure_data
                0x00000000       0x60 c:/ac6/systemworkbench/plugins/fr.ac6.mcu.externaltools.arm-none.win32_1.7.0.201602121829/tools/compiler/bin/../lib/gcc/arm-none-eabi/5.2.1/../../../../arm-none-eabi/lib/armv7-m\libc_nano.a(lib_a-impure.o)
 .data._impure_ptr
                0x00000000        0x4 c:/ac6/systemworkbench/plugins/fr.ac6.mcu.externaltools.arm-none.win32_1.7.0.201602121829/tools/compiler/bin/../lib/gcc/arm-none-eabi/5.2.1/../../../../arm-none-eabi/lib/armv7-m\libc_nano.a(lib_a-impure.o)
 .rodata.str1.1
                0x00000000        0x2 c:/ac6/systemworkbench/plugins/fr.ac6.mcu.externaltools.arm-none.win32_1.7.0.201602121829/tools/compiler/bin/../lib/gcc/arm-none-eabi/5.2.1/../../../../arm-none-eabi/lib/armv7-m\libc_nano.a(lib_a-impure.o)
 .rodata._global_impure_ptr
                0x00000000        0x4 c:/ac6/systemworkbench/plugins/fr.ac6.mcu.externaltools.arm-none.win32_1.7.0.201602121829/tools/compiler/bin/../lib/gcc/arm-none-eabi/5.2.1/../../../../arm-none-eabi/lib/armv7-m\libc_nano.a(lib_a-impure.o)
 .ARM.attributes
                0x00000000       0x2d c:/ac6/systemworkbench/plugins/fr.ac6.mcu.externaltools.arm-none.win32_1.7.0.201602121829/tools/compiler/bin/../lib/gcc/arm-none-eabi/5.2.1/../../../../arm-none-eabi/lib/armv7-m\libc_nano.a(lib_a-impure.o)
 .text          0x00000000        0x0 c:/ac6/systemworkbench/plugins/fr.ac6.mcu.externaltools.arm-none.win32_1.7.0.201602121829/tools/compiler/bin/../lib/gcc/arm-none-eabi/5.2.1/../../../../arm-none-eabi/lib/armv7-m\libc_nano.a(lib_a-init.o)
 .data          0x00000000        0x0 c:/ac6/systemworkbench/plugins/fr.ac6.mcu.externaltools.arm-none.win32_1.7.0.201602121829/tools/compiler/bin/../lib/gcc/arm-none-eabi/5.2.1/../../../../arm-none-eabi/lib/armv7-m\libc_nano.a(lib_a-init.o)
 .bss           0x00000000        0x0 c:/ac6/systemworkbench/plugins/fr.ac6.mcu.externaltools.arm-none.win32_1.7.0.201602121829/tools/compiler/bin/../lib/gcc/arm-none-eabi/5.2.1/../../../../arm-none-eabi/lib/armv7-m\libc_nano.a(lib_a-init.o)
 .text          0x00000000        0x0 c:/ac6/systemworkbench/plugins/fr.ac6.mcu.externaltools.arm-none.win32_1.7.0.201602121829/tools/compiler/bin/../lib/gcc/arm-none-eabi/5.2.1/../../../../arm-none-eabi/lib/armv7-m\libc_nano.a(lib_a-memcpy-stub.o)
 .data          0x00000000        0x0 c:/ac6/systemworkbench/plugins/fr.ac6.mcu.externaltools.arm-none.win32_1.7.0.201602121829/tools/compiler/bin/../lib/gcc/arm-none-eabi/5.2.1/../../../../arm-none-eabi/lib/armv7-m\libc_nano.a(lib_a-memcpy-stub.o)
 .bss           0x00000000        0x0 c:/ac6/systemworkbench/plugins/fr.ac6.mcu.externaltools.arm-none.win32_1.7.0.201602121829/tools/compiler/bin/../lib/gcc/arm-none-eabi/5.2.1/../../../../arm-none-eabi/lib/armv7-m\libc_nano.a(lib_a-memcpy-stub.o)
 .text          0x00000000        0x0 c:/ac6/systemworkbench/plugins/fr.ac6.mcu.externaltools.arm-none.win32_1.7.0.201602121829/tools/compiler/bin/../lib/gcc/arm-none-eabi/5.2.1/../../../../arm-none-eabi/lib/armv7-m\libc_nano.a(lib_a-memmove.o)
 .data          0x00000000        0x0 c:/ac6/systemworkbench/plugins/fr.ac6.mcu.externaltools.arm-none.win32_1.7.0.201602121829/tools/compiler/bin/../lib/gcc/arm-none-eabi/5.2.1/../../../../arm-none-eabi/lib/armv7-m\libc_nano.a(lib_a-memmove.o)
 .bss           0x00000000        0x0 c:/ac6/systemworkbench/plugins/fr.ac6.mcu.externaltools.arm-none.win32_1.7.0.201602121829/tools/compiler/bin/../lib/gcc/arm-none-eabi/5.2.1/../../../../arm-none-eabi/lib/armv7-m\libc_nano.a(lib_a-memmove.o)
 .text          0x00000000        0x0 c:/ac6/systemworkbench/plugins/fr.ac6.mcu.externaltools.arm-none.win32_1.7.0.201602121829/tools/compiler/bin/../lib/gcc/arm-none-eabi/5.2.1/../../../../arm-none-eabi/lib/armv7-m\libc_nano.a(lib_a-memset.o)
 .data          0x00000000        0x0 c:/ac6/systemworkbench/plugins/fr.ac6.mcu.externaltools.arm-none.win32_1.7.0.201602121829/tools/compiler/bin/../lib/gcc/arm-none-eabi/5.2.1/../../../../arm-none-eabi/lib/armv7-m\libc_nano.a(lib_a-memset.o)
 .bss           0x00000000        0x0 c:/ac6/systemworkbench/plugins/fr.ac6.mcu.externaltools.arm-none.win32_1.7.0.201602121829/tools/compiler/bin/../lib/gcc/arm-none-eabi/5.2.1/../../../../arm-none-eabi/lib/armv7-m\libc_nano.a(lib_a-memset.o)
 .text.memset   0x00000000       0x10 c:/ac6/systemworkbench/plugins/fr.ac6.mcu.externaltools.arm-none.win32_1.7.0.201602121829/tools/compiler/bin/../lib/gcc/arm-none-eabi/5.2.1/../../../../arm-none-eabi/lib/armv7-m\libc_nano.a(lib_a-memset.o)
 .debug_frame   0x00000000       0x20 c:/ac6/systemworkbench/plugins/fr.ac6.mcu.externaltools.arm-none.win32_1.7.0.201602121829/tools/compiler/bin/../lib/gcc/arm-none-eabi/5.2.1/../../../../arm-none-eabi/lib/armv7-m\libc_nano.a(lib_a-memset.o)
 .ARM.attributes
                0x00000000       0x2d c:/ac6/systemworkbench/plugins/fr.ac6.mcu.externaltools.arm-none.win32_1.7.0.201602121829/tools/compiler/bin/../lib/gcc/arm-none-eabi/5.2.1/../../../../arm-none-eabi/lib/armv7-m\libc_nano.a(lib_a-memset.o)
 .data          0x00000000        0x0 c:/ac6/systemworkbench/plugins/fr.ac6.mcu.externaltools.arm-none.win32_1.7.0.201602121829/tools/compiler/bin/../lib/gcc/arm-none-eabi/5.2.1/../../../../arm-none-eabi/lib/armv7-m\libc_nano.a(lib_a-strlen.o)
 .bss           0x00000000        0x0 c:/ac6/systemworkbench/plugins/fr.ac6.mcu.externaltools.arm-none.win32_1.7.0.201602121829/tools/compiler/bin/../lib/gcc/arm-none-eabi/5.2.1/../../../../arm-none-eabi/lib/armv7-m\libc_nano.a(lib_a-strlen.o)
 .text          0x00000000        0x0 c:/ac6/systemworkbench/plugins/fr.ac6.mcu.externaltools.arm-none.win32_1.7.0.201602121829/tools/compiler/bin/../lib/gcc/arm-none-eabi/5.2.1/../../../../arm-none-eabi/lib/armv7-m\libc_nano.a(lib_a-strncmp.o)
 .data          0x00000000        0x0 c:/ac6/systemworkbench/plugins/fr.ac6.mcu.externaltools.arm-none.win32_1.7.0.201602121829/tools/compiler/bin/../lib/gcc/arm-none-eabi/5.2.1/../../../../arm-none-eabi/lib/armv7-m\libc_nano.a(lib_a-strncmp.o)
 .bss           0x00000000        0x0 c:/ac6/systemworkbench/plugins/fr.ac6.mcu.externaltools.arm-none.win32_1.7.0.201602121829/tools/compiler/bin/../lib/gcc/arm-none-eabi/5.2.1/../../../../arm-none-eabi/lib/armv7-m\libc_nano.a(lib_a-strncmp.o)
 .text          0x00000000        0x0 c:/ac6/systemworkbench/plugins/fr.ac6.mcu.externaltools.arm-none.win32_1.7.0.201602121829/tools/compiler/bin/../lib/gcc/arm-none-eabi/5.2.1/../../../../arm-none-eabi/lib/armv7-m\libnosys.a(_exit.o)
 .data          0x00000000        0x0 c:/ac6/systemworkbench/plugins/fr.ac6.mcu.externaltools.arm-none.win32_1.7.0.201602121829/tools/compiler/bin/../lib/gcc/arm-none-eabi/5.2.1/../../../../arm-none-eabi/lib/armv7-m\libnosys.a(_exit.o)
 .bss           0x00000000        0x0 c:/ac6/systemworkbench/plugins/fr.ac6.mcu.externaltools.arm-none.win32_1.7.0.201602121829/tools/compiler/bin/../lib/gcc/arm-none-eabi/5.2.1/../../../../arm-none-eabi/lib/armv7-m\libnosys.a(_exit.o)
 .text._exit    0x00000000        0x4 c:/ac6/systemworkbench/plugins/fr.ac6.mcu.externaltools.arm-none.win32_1.7.0.201602121829/tools/compiler/bin/../lib/gcc/arm-none-eabi/5.2.1/../../../../arm-none-eabi/lib/armv7-m\libnosys.a(_exit.o)
 .debug_frame   0x00000000       0x20 c:/ac6/systemworkbench/plugins/fr.ac6.mcu.externaltools.arm-none.win32_1.7.0.201602121829/tools/compiler/bin/../lib/gcc/arm-none-eabi/5.2.1/../../../../arm-none-eabi/lib/armv7-m\libnosys.a(_exit.o)
 .ARM.attributes
                0x00000000       0x2d c:/ac6/systemworkbench/plugins/fr.ac6.mcu.externaltools.arm-none.win32_1.7.0.201602121829/tools/compiler/bin/../lib/gcc/arm-none-eabi/5.2.1/../../../../arm-none-eabi/lib/armv7-m\libnosys.a(_exit.o)
 .text          0x00000000        0x0 c:/ac6/systemworkbench/plugins/fr.ac6.mcu.externaltools.arm-none.win32_1.7.0.201602121829/tools/compiler/bin/../lib/gcc/arm-none-eabi/5.2.1/armv7-m/crtend.o
 .data          0x00000000        0x0 c:/ac6/systemworkbench/plugins/fr.ac6.mcu.externaltools.arm-none.win32_1.7.0.201602121829/tools/compiler/bin/../lib/gcc/arm-none-eabi/5.2.1/armv7-m/crtend.o
 .bss           0x00000000        0x0 c:/ac6/systemworkbench/plugins/fr.ac6.mcu.externaltools.arm-none.win32_1.7.0.201602121829/tools/compiler/bin/../lib/gcc/arm-none-eabi/5.2.1/armv7-m/crtend.o
 .eh_frame      0x00000000        0x4 c:/ac6/systemworkbench/plugins/fr.ac6.mcu.externaltools.arm-none.win32_1.7.0.201602121829/tools/compiler/bin/../lib/gcc/arm-none-eabi/5.2.1/armv7-m/crtend.o
 .jcr           0x00000000        0x4 c:/ac6/systemworkbench/plugins/fr.ac6.mcu.externaltools.arm-none.win32_1.7.0.201602121829/tools/compiler/bin/../lib/gcc/arm-none-eabi/5.2.1/armv7-m/crtend.o
 .text          0x00000000        0x0 c:/ac6/systemworkbench/plugins/fr.ac6.mcu.externaltools.arm-none.win32_1.7.0.201602121829/tools/compiler/bin/../lib/gcc/arm-none-eabi/5.2.1/armv7-m/crtn.o
 .data          0x00000000        0x0 c:/ac6/systemworkbench/plugins/fr.ac6.mcu.externaltools.arm-none.win32_1.7.0.201602121829/tools/compiler/bin/../lib/gcc/arm-none-eabi/5.2.1/armv7-m/crtn.o
 .bss           0x00000000        0x0 c:/ac6/systemworkbench/plugins/fr.ac6.mcu.externaltools.arm-none.win32_1.7.0.201602121829/tools/compiler/bin/../lib/gcc/arm-none-eabi/5.2.1/armv7-m/crtn.o

Memory Configuration

Name             Origin             Length             Attributes
RAM              0x20000000         0x00008000         xrw
ROM              0x08000000         0x00040000         xr
*default*        0x00000000         0xffffffff

Linker script and memory map

LOAD c:/ac6/systemworkbench/plugins/fr.ac6.mcu.externaltools.arm-none.win32_1.7.0.201602121829/tools/compiler/bin/../lib/gcc/arm-none-eabi/5.2.1/armv7-m/crti.o
LOAD c:/ac6/systemworkbench/plugins/fr.ac6.mcu.externaltools.arm-none.win32_1.7.0.201602121829/tools/compiler/bin/../lib/gcc/arm-none-eabi/5.2.1/armv7-m/crtbegin.o
LOAD c:/ac6/systemworkbench/plugins/fr.ac6.mcu.externaltools.arm-none.win32_1.7.0.201602121829/tools/compiler/bin/../lib/gcc/arm-none-eabi/5.2.1/../../../../arm-none-eabi/lib/armv7-m/crt0.o
LOAD c:/ac6/systemworkbench/plugins/fr.ac6.mcu.externaltools.arm-none.win32_1.7.0.201602121829/tools/compiler/bin/../lib/gcc/arm-none-eabi/5.2.1/../../../../arm-none-eabi/lib/armv7-m\libm.a
LOAD src/altimeter.o
LOAD src/gps.o
LOAD src/main.o
LOAD src/radio.o
LOAD src/stm32l152x_board.o
LOAD src/stm32l1xx_it.o
LOAD startup/startup_stm32.o
START GROUP
LOAD c:/ac6/systemworkbench/plugins/fr.ac6.mcu.externaltools.arm-none.win32_1.7.0.201602121829/tools/compiler/bin/../lib/gcc/arm-none-eabi/5.2.1/armv7-m\libgcc.a
LOAD c:/ac6/systemworkbench/plugins/fr.ac6.mcu.externaltools.arm-none.win32_1.7.0.201602121829/tools/compiler/bin/../lib/gcc/arm-none-eabi/5.2.1/../../../../arm-none-eabi/lib/armv7-m\libc_nano.a
END GROUP
START GROUP
LOAD c:/ac6/systemworkbench/plugins/fr.ac6.mcu.externaltools.arm-none.win32_1.7.0.201602121829/tools/compiler/bin/../lib/gcc/arm-none-eabi/5.2.1/armv7-m\libgcc.a
LOAD c:/ac6/systemworkbench/plugins/fr.ac6.mcu.externaltools.arm-none.win32_1.7.0.201602121829/tools/compiler/bin/../lib/gcc/arm-none-eabi/5.2.1/../../../../arm-none-eabi/lib/armv7-m\libc_nano.a
LOAD c:/ac6/systemworkbench/plugins/fr.ac6.mcu.externaltools.arm-none.win32_1.7.0.201602121829/tools/compiler/bin/../lib/gcc/arm-none-eabi/5.2.1/../../../../arm-none-eabi/lib/armv7-m\libnosys.a
END GROUP
START GROUP
LOAD c:/ac6/systemworkbench/plugins/fr.ac6.mcu.externaltools.arm-none.win32_1.7.0.201602121829/tools/compiler/bin/../lib/gcc/arm-none-eabi/5.2.1/armv7-m\libgcc.a
LOAD c:/ac6/systemworkbench/plugins/fr.ac6.mcu.externaltools.arm-none.win32_1.7.0.201602121829/tools/compiler/bin/../lib/gcc/arm-none-eabi/5.2.1/../../../../arm-none-eabi/lib/armv7-m\libc_nano.a
LOAD c:/ac6/systemworkbench/plugins/fr.ac6.mcu.externaltools.arm-none.win32_1.7.0.201602121829/tools/compiler/bin/../lib/gcc/arm-none-eabi/5.2.1/../../../../arm-none-eabi/lib/armv7-m\libnosys.a
END GROUP
LOAD c:/ac6/systemworkbench/plugins/fr.ac6.mcu.externaltools.arm-none.win32_1.7.0.201602121829/tools/compiler/bin/../lib/gcc/arm-none-eabi/5.2.1/armv7-m/crtend.o
LOAD c:/ac6/systemworkbench/plugins/fr.ac6.mcu.externaltools.arm-none.win32_1.7.0.201602121829/tools/compiler/bin/../lib/gcc/arm-none-eabi/5.2.1/armv7-m/crtn.o
                0x20008000                _estack = 0x20008000
                0x00000000                _Min_Heap_Size = 0x0
                0x00000400                _Min_Stack_Size = 0x400

.isr_vector     0x08000000      0x13c
                0x08000000                . = ALIGN (0x4)
 *(.isr_vector)
 .isr_vector    0x08000000      0x13c startup/startup_stm32.o
                0x08000000                g_pfnVectors
                0x0800013c                . = ALIGN (0x4)

.text           0x0800013c     0x4198
                0x0800013c                . = ALIGN (0x4)
 *(.text)
 .text          0x0800013c       0xa4 c:/ac6/systemworkbench/plugins/fr.ac6.mcu.externaltools.arm-none.win32_1.7.0.201602121829/tools/compiler/bin/../lib/gcc/arm-none-eabi/5.2.1/armv7-m/crtbegin.o
 .text          0x080001e0       0x10 c:/ac6/systemworkbench/plugins/fr.ac6.mcu.externaltools.arm-none.win32_1.7.0.201602121829/tools/compiler/bin/../lib/gcc/arm-none-eabi/5.2.1/../../../../arm-none-eabi/lib/armv7-m\libc_nano.a(lib_a-strlen.o)
                0x080001e0                strlen
 *(.text*)
 .text.i2cWriteMPL3115A
                0x080001f0       0x30 src/altimeter.o
                0x080001f0                i2cWriteMPL3115A
 .text.i2cReadMPL3115A
                0x08000220       0x34 src/altimeter.o
                0x08000220                i2cReadMPL3115A
 .text.AltimeterTask
                0x08000254       0xcc src/altimeter.o
                0x08000254                AltimeterTask
 .text.GetNextField
                0x08000320       0x68 src/gps.o
                0x08000320                GetNextField
 .text.GpsParseGPGGAMessage
                0x08000388      0x2a8 src/gps.o
                0x08000388                GpsParseGPGGAMessage
 .text.GpsParseGPRMCMessage
                0x08000630      0x28c src/gps.o
                0x08000630                GpsParseGPRMCMessage
 .text.GpsCheckMessage
                0x080008bc       0x64 src/gps.o
                0x080008bc                GpsCheckMessage
 .text.GpsTask  0x08000920      0x20c src/gps.o
                0x08000920                GpsTask
 .text.LL_RTC_EnableInitMode
                0x08000b2c       0x1c src/main.o
 .text.LL_RTC_DisableInitMode
                0x08000b48       0x1c src/main.o
 .text.LL_RTC_EnableWriteProtection
                0x08000b64       0x18 src/main.o
 .text.LL_RTC_DisableWriteProtection
                0x08000b7c       0x20 src/main.o
 .text.LL_RTC_TIME_GetHour
                0x08000b9c       0x54 src/main.o
 .text.LL_RTC_TIME_GetMinute
                0x08000bf0       0x54 src/main.o
 .text.LL_RTC_TIME_GetSecond
                0x08000c44       0x50 src/main.o
 .text.LL_RTC_TIME_Config
                0x08000c94       0xe8 src/main.o
 .text.LL_RTC_DATE_GetYear
                0x08000d7c       0x54 src/main.o
 .text.LL_RTC_DATE_GetWeekDay
                0x08000dd0       0x30 src/main.o
 .text.LL_RTC_DATE_GetMonth
                0x08000e00       0x54 src/main.o
 .text.LL_RTC_DATE_GetDay
                0x08000e54       0x50 src/main.o
 .text.LL_RTC_DATE_Config
                0x08000ea4      0x104 src/main.o
 .text.LL_RTC_ALMA_Enable
                0x08000fa8       0x20 src/main.o
 .text.LL_RTC_ALMA_Disable
                0x08000fc8       0x20 src/main.o
 .text.LL_RTC_ALMA_SetMask
                0x08000fe8       0x24 src/main.o
 .text.LL_RTC_ALMA_SetDay
                0x0800100c       0x60 src/main.o
 .text.LL_RTC_ALMA_ConfigTime
                0x0800106c       0xe8 src/main.o
 .text.LL_RTC_ALMB_Disable
                0x08001154       0x20 src/main.o
 .text.LL_RTC_IsActiveFlag_INIT
                0x08001174       0x24 src/main.o
 .text.LL_RTC_IsActiveFlag_ALRAW
                0x08001198       0x24 src/main.o
 .text.LL_PWR_IsActiveFlag_WU
                0x080011bc       0x24 src/main.o
 .text.stateMachine
                0x080011e0      0x61c src/main.o
                0x080011e0                stateMachine
 .text.runStateMachine
                0x080017fc       0x24 src/main.o
                0x080017fc                runStateMachine
 .text.main     0x08001820      0x258 src/main.o
                0x08001820                main
 .text.resetPortBit
                0x08001a78       0x24 src/radio.o
 .text.RadioSetCommunicationParameters
                0x08001a9c       0xd4 src/radio.o
                0x08001a9c                RadioSetCommunicationParameters
 .text.RadioTransmit
                0x08001b70       0x80 src/radio.o
                0x08001b70                RadioTransmit
 .text.RadioReceive
                0x08001bf0       0x54 src/radio.o
                0x08001bf0                RadioReceive
 .text.RadioTaskGoToFailed
                0x08001c44       0x40 src/radio.o
 .text.RadioTask
                0x08001c84      0x5c0 src/radio.o
                0x08001c84                RadioTask
 .text.NVIC_EnableIRQ
                0x08002244       0x30 src/stm32l152x_board.o
 .text.NVIC_SetPriority
                0x08002274       0x54 src/stm32l152x_board.o
 .text.LL_LPM_EnableDeepSleep
                0x080022c8       0x1c src/stm32l152x_board.o
 .text.LL_SYSCFG_SetEXTISource
                0x080022e4       0x54 src/stm32l152x_board.o
 .text.LL_DBGMCU_EnableDBGStopMode
                0x08002338       0x1c src/stm32l152x_board.o
 .text.LL_DBGMCU_EnableDBGStandbyMode
                0x08002354       0x1c src/stm32l152x_board.o
 .text.LL_DBGMCU_APB1_GRP1_FreezePeriph
                0x08002370       0x24 src/stm32l152x_board.o
 .text.LL_RTC_EnableInitMode
                0x08002394       0x1c src/stm32l152x_board.o
 .text.LL_RTC_DisableInitMode
                0x080023b0       0x1c src/stm32l152x_board.o
 .text.LL_RTC_SetAsynchPrescaler
                0x080023cc       0x3c src/stm32l152x_board.o
 .text.LL_RTC_SetSynchPrescaler
                0x08002408       0x28 src/stm32l152x_board.o
 .text.LL_RTC_GetAsynchPrescaler
                0x08002430       0x30 src/stm32l152x_board.o
 .text.LL_RTC_GetSynchPrescaler
                0x08002460       0x1c src/stm32l152x_board.o
 .text.LL_RTC_DisableWriteProtection
                0x0800247c       0x20 src/stm32l152x_board.o
 .text.LL_RTC_TIME_GetMinute
                0x0800249c       0x54 src/stm32l152x_board.o
 .text.LL_RTC_TIME_GetSecond
                0x080024f0       0x50 src/stm32l152x_board.o
 .text.LL_RTC_TIME_GetSubSecond
                0x08002540       0x18 src/stm32l152x_board.o
 .text.LL_RTC_ALMA_Disable
                0x08002558       0x20 src/stm32l152x_board.o
 .text.LL_RTC_ALMB_Enable
                0x08002578       0x20 src/stm32l152x_board.o
 .text.LL_RTC_ALMB_Disable
                0x08002598       0x20 src/stm32l152x_board.o
 .text.LL_RTC_ALMB_SetMask
                0x080025b8       0x24 src/stm32l152x_board.o
 .text.LL_RTC_ALMB_SetMinute
                0x080025dc       0x60 src/stm32l152x_board.o
 .text.LL_RTC_ALMB_SetSecond
                0x0800263c       0x5c src/stm32l152x_board.o
 .text.LL_RTC_ALMB_SetSubSecondMask
                0x08002698       0x3c src/stm32l152x_board.o
 .text.LL_RTC_ALMB_SetSubSecond
                0x080026d4       0x28 src/stm32l152x_board.o
 .text.LL_RTC_IsActiveFlag_INIT
                0x080026fc       0x24 src/stm32l152x_board.o
 .text.LL_RTC_IsActiveFlag_RS
                0x08002720       0x24 src/stm32l152x_board.o
 .text.LL_RTC_IsActiveFlag_ALRBW
                0x08002744       0x24 src/stm32l152x_board.o
 .text.LL_RTC_IsActiveFlag_ALRAW
                0x08002768       0x24 src/stm32l152x_board.o
 .text.LL_RTC_EnableIT_ALRB
                0x0800278c       0x20 src/stm32l152x_board.o
 .text.LL_RTC_EnableIT_ALRA
                0x080027ac       0x20 src/stm32l152x_board.o
 .text.LL_EXTI_EnableIT_0_31
                0x080027cc       0x24 src/stm32l152x_board.o
 .text.LL_EXTI_EnableRisingTrig_0_31
                0x080027f0       0x24 src/stm32l152x_board.o
 .text.LL_PWR_SetRegulVoltageScaling
                0x08002814       0x28 src/stm32l152x_board.o
 .text.LL_PWR_EnableBkUpAccess
                0x0800283c       0x1c src/stm32l152x_board.o
 .text.LL_PWR_IsEnabledBkUpAccess
                0x08002858       0x24 src/stm32l152x_board.o
 .text.LL_PWR_SetPowerMode
                0x0800287c       0x28 src/stm32l152x_board.o
 .text.LL_PWR_EnableWakeUpPin
                0x080028a4       0x24 src/stm32l152x_board.o
 .text.LL_PWR_ClearFlag_SB
                0x080028c8       0x1c src/stm32l152x_board.o
 .text.LL_PWR_ClearFlag_WU
                0x080028e4       0x1c src/stm32l152x_board.o
 .text.LL_AHB1_GRP1_EnableClock
                0x08002900       0x30 src/stm32l152x_board.o
 .text.LL_APB1_GRP1_EnableClock
                0x08002930       0x30 src/stm32l152x_board.o
 .text.LL_APB2_GRP1_EnableClock
                0x08002960       0x30 src/stm32l152x_board.o
 .text.LL_RCC_HSI_Enable
                0x08002990       0x1c src/stm32l152x_board.o
 .text.LL_RCC_HSI_IsReady
                0x080029ac       0x24 src/stm32l152x_board.o
 .text.LL_RCC_LSE_Enable
                0x080029d0       0x1c src/stm32l152x_board.o
 .text.LL_RCC_LSE_IsReady
                0x080029ec       0x24 src/stm32l152x_board.o
 .text.LL_RCC_SetSysClkSource
                0x08002a10       0x28 src/stm32l152x_board.o
 .text.LL_RCC_SetRTCClockSource
                0x08002a38       0x28 src/stm32l152x_board.o
 .text.LL_RCC_EnableRTC
                0x08002a60       0x1c src/stm32l152x_board.o
 .text.LL_I2C_Enable
                0x08002a7c       0x20 src/stm32l152x_board.o
 .text.LL_I2C_Disable
                0x08002a9c       0x20 src/stm32l152x_board.o
 .text.LL_I2C_ConfigSpeed
                0x08002abc      0x120 src/stm32l152x_board.o
 .text.LL_I2C_IsActiveFlag_TXE
                0x08002bdc       0x24 src/stm32l152x_board.o
 .text.LL_I2C_IsActiveFlag_RXNE
                0x08002c00       0x24 src/stm32l152x_board.o
 .text.LL_I2C_IsActiveFlag_SB
                0x08002c24       0x24 src/stm32l152x_board.o
 .text.LL_I2C_IsActiveFlag_ADDR
                0x08002c48       0x24 src/stm32l152x_board.o
 .text.LL_I2C_ClearFlag_ADDR
                0x08002c6c       0x24 src/stm32l152x_board.o
 .text.LL_I2C_AcknowledgeNextData
                0x08002c90       0x24 src/stm32l152x_board.o
 .text.LL_I2C_GenerateStartCondition
                0x08002cb4       0x20 src/stm32l152x_board.o
 .text.LL_I2C_GenerateStopCondition
                0x08002cd4       0x20 src/stm32l152x_board.o
 .text.LL_I2C_ReceiveData8
                0x08002cf4       0x18 src/stm32l152x_board.o
 .text.LL_I2C_TransmitData8
                0x08002d0c       0x28 src/stm32l152x_board.o
 .text.setPortBit
                0x08002d34       0x24 src/stm32l152x_board.o
 .text.resetPortBit
                0x08002d58       0x24 src/stm32l152x_board.o
 .text.SystemInit
                0x08002d7c       0x3c src/stm32l152x_board.o
                0x08002d7c                SystemInit
 .text.readPortBit
                0x08002db8       0x24 src/stm32l152x_board.o
                0x08002db8                readPortBit
 .text.configurePortPinAsInput
                0x08002ddc       0x54 src/stm32l152x_board.o
                0x08002ddc                configurePortPinAsInput
 .text.configurePortPinAsOutput
                0x08002e30       0x9c src/stm32l152x_board.o
                0x08002e30                configurePortPinAsOutput
 .text.configurePortPinAsAf
                0x08002ecc       0xa4 src/stm32l152x_board.o
                0x08002ecc                configurePortPinAsAf
 .text.configurePortPinPullDown
                0x08002f70       0x40 src/stm32l152x_board.o
                0x08002f70                configurePortPinPullDown
 .text.configurePortPinOpenDrain
                0x08002fb0       0x28 src/stm32l152x_board.o
 .text.configureButton
                0x08002fd8       0x40 src/stm32l152x_board.o
 .text.configureUart
                0x08003018       0x38 src/stm32l152x_board.o
                0x08003018                configureUart
 .text.configureUart1
                0x08003050       0x3c src/stm32l152x_board.o
 .text.configureUart2
                0x0800308c       0x3c src/stm32l152x_board.o
 .text.configureSpi2
                0x080030c8       0x64 src/stm32l152x_board.o
 .text.enableRTC
                0x0800312c      0x118 src/stm32l152x_board.o
 .text.enableLPTim
                0x08003244        0xc src/stm32l152x_board.o
 .text.configureI2C1
                0x08003250       0x54 src/stm32l152x_board.o
 .text.configureRadio
                0x080032a4       0x4c src/stm32l152x_board.o
 .text.init_Board_Peripherals
                0x080032f0      0x11c src/stm32l152x_board.o
                0x080032f0                init_Board_Peripherals
 .text.setTimer
                0x0800340c      0x2c4 src/stm32l152x_board.o
                0x0800340c                setTimer
 .text.EnableGps
                0x080036d0       0x14 src/stm32l152x_board.o
                0x080036d0                EnableGps
 .text.DisableGps
                0x080036e4       0x14 src/stm32l152x_board.o
                0x080036e4                DisableGps
 .text.startUart2Msg
                0x080036f8       0x4c src/stm32l152x_board.o
                0x080036f8                startUart2Msg
 .text.addToUart2Msg
                0x08003744       0x48 src/stm32l152x_board.o
                0x08003744                addToUart2Msg
 .text.sendUart2Message
                0x0800378c       0x44 src/stm32l152x_board.o
                0x0800378c                sendUart2Message
 .text.uart2SendText
                0x080037d0       0x7c src/stm32l152x_board.o
                0x080037d0                uart2SendText
 .text.spiAccessRegisters
                0x0800384c       0x60 src/stm32l152x_board.o
                0x0800384c                spiAccessRegisters
 .text.spiAccessRegisters2
                0x080038ac       0x7c src/stm32l152x_board.o
                0x080038ac                spiAccessRegisters2
 .text.i2cWrite
                0x08003928       0xa0 src/stm32l152x_board.o
                0x08003928                i2cWrite
 .text.i2cRead  0x080039c8       0xc8 src/stm32l152x_board.o
                0x080039c8                i2cRead
 .text.boardGreenLedOn
                0x08003a90       0x14 src/stm32l152x_board.o
                0x08003a90                boardGreenLedOn
 .text.boardGreenLedOff
                0x08003aa4       0x14 src/stm32l152x_board.o
                0x08003aa4                boardGreenLedOff
 .text.boardGreenLedToggle
                0x08003ab8       0x24 src/stm32l152x_board.o
                0x08003ab8                boardGreenLedToggle
 .text.boardYellowLedOn
                0x08003adc       0x14 src/stm32l152x_board.o
                0x08003adc                boardYellowLedOn
 .text.boardYellowLedOff
                0x08003af0       0x14 src/stm32l152x_board.o
                0x08003af0                boardYellowLedOff
 .text.boardYellowLedToggle
                0x08003b04       0x24 src/stm32l152x_board.o
                0x08003b04                boardYellowLedToggle
 .text.boardRedLedOn
                0x08003b28       0x14 src/stm32l152x_board.o
                0x08003b28                boardRedLedOn
 .text.boardRedLedOff
                0x08003b3c       0x14 src/stm32l152x_board.o
                0x08003b3c                boardRedLedOff
 .text.boardRedLedToggle
                0x08003b50       0x24 src/stm32l152x_board.o
                0x08003b50                boardRedLedToggle
 .text.driveGreenLed
                0x08003b74       0x24 src/stm32l152x_board.o
                0x08003b74                driveGreenLed
 .text.driveRedLed
                0x08003b98       0x24 src/stm32l152x_board.o
                0x08003b98                driveRedLed
 .text.driveRfSwitch
                0x08003bbc       0x70 src/stm32l152x_board.o
                0x08003bbc                driveRfSwitch
 .text.enterSleep
                0x08003c2c       0x28 src/stm32l152x_board.o
                0x08003c2c                enterSleep
 .text.enterStandby
                0x08003c54       0x44 src/stm32l152x_board.o
                0x08003c54                enterStandby
 .text.ErrorHandler
                0x08003c98       0x14 src/stm32l152x_board.o
                0x08003c98                ErrorHandler
 .text.LL_RTC_ALMB_Enable
                0x08003cac       0x20 src/stm32l1xx_it.o
 .text.LL_RTC_ALMB_Disable
                0x08003ccc       0x20 src/stm32l1xx_it.o
 .text.LL_RTC_ALMB_SetMinute
                0x08003cec       0x60 src/stm32l1xx_it.o
 .text.LL_RTC_ALMB_SetSecond
                0x08003d4c       0x5c src/stm32l1xx_it.o
 .text.LL_RTC_ALMB_SetSubSecond
                0x08003da8       0x28 src/stm32l1xx_it.o
 .text.LL_RTC_IsActiveFlag_ALRB
                0x08003dd0       0x24 src/stm32l1xx_it.o
 .text.LL_RTC_IsActiveFlag_ALRBW
                0x08003df4       0x24 src/stm32l1xx_it.o
 .text.NMI_Handler
                0x08003e18        0xc src/stm32l1xx_it.o
                0x08003e18                NMI_Handler
 .text.HardFault_Handler
                0x08003e24        0x8 src/stm32l1xx_it.o
                0x08003e24                HardFault_Handler
 .text.SVC_Handler
                0x08003e2c        0xc src/stm32l1xx_it.o
                0x08003e2c                SVC_Handler
 .text.DebugMon_Handler
                0x08003e38        0xc src/stm32l1xx_it.o
                0x08003e38                DebugMon_Handler
 .text.PendSV_Handler
                0x08003e44        0xc src/stm32l1xx_it.o
                0x08003e44                PendSV_Handler
 .text.SysTick_Handler
                0x08003e50        0xc src/stm32l1xx_it.o
                0x08003e50                SysTick_Handler
 .text.EXTI0_IRQHandler
                0x08003e5c       0x60 src/stm32l1xx_it.o
                0x08003e5c                EXTI0_IRQHandler
 .text.EXTI9_5_IRQHandler
                0x08003ebc       0x68 src/stm32l1xx_it.o
                0x08003ebc                EXTI9_5_IRQHandler
 .text.USART1_IRQHandler
                0x08003f24       0x84 src/stm32l1xx_it.o
                0x08003f24                USART1_IRQHandler
 .text.USART2_IRQHandler
                0x08003fa8       0xc0 src/stm32l1xx_it.o
                0x08003fa8                USART2_IRQHandler
 .text.RTC_Alarm_IRQHandler
                0x08004068      0x144 src/stm32l1xx_it.o
                0x08004068                RTC_Alarm_IRQHandler
 .text.Reset_Handler
                0x080041ac       0x48 startup/startup_stm32.o
                0x080041ac                Reset_Handler
 .text.Default_Handler
                0x080041f4        0x2 startup/startup_stm32.o
                0x080041f4                EXTI2_IRQHandler
                0x080041f4                COMP_ACQ_IRQHandler
                0x080041f4                TIM10_IRQHandler
                0x080041f4                USB_HP_IRQHandler
                0x080041f4                TIM6_IRQHandler
                0x080041f4                PVD_IRQHandler
                0x080041f4                EXTI3_IRQHandler
                0x080041f4                I2C2_EV_IRQHandler
                0x080041f4                UsageFault_Handler
                0x080041f4                SPI1_IRQHandler
                0x080041f4                USB_FS_WKUP_IRQHandler
                0x080041f4                DMA2_Channel2_IRQHandler
                0x080041f4                DMA1_Channel4_IRQHandler
                0x080041f4                ADC1_IRQHandler
                0x080041f4                USART3_IRQHandler
                0x080041f4                DMA1_Channel7_IRQHandler
                0x080041f4                LCD_IRQHandler
                0x080041f4                UART5_IRQHandler
                0x080041f4                TIM4_IRQHandler
                0x080041f4                DMA2_Channel1_IRQHandler
                0x080041f4                I2C1_EV_IRQHandler
                0x080041f4                DMA1_Channel6_IRQHandler
                0x080041f4                UART4_IRQHandler
                0x080041f4                DMA2_Channel4_IRQHandler
                0x080041f4                TIM3_IRQHandler
                0x080041f4                RCC_IRQHandler
                0x080041f4                DMA1_Channel1_IRQHandler
                0x080041f4                Default_Handler
                0x080041f4                EXTI15_10_IRQHandler
                0x080041f4                TIM7_IRQHandler
                0x080041f4                TIM5_IRQHandler
                0x080041f4                TIM9_IRQHandler
                0x080041f4                TAMPER_STAMP_IRQHandler
                0x080041f4                RTC_WKUP_IRQHandler
                0x080041f4                SPI2_IRQHandler
                0x080041f4                MemManage_Handler
                0x080041f4                DMA2_Channel5_IRQHandler
                0x080041f4                DMA1_Channel5_IRQHandler
                0x080041f4                USB_LP_IRQHandler
                0x080041f4                EXTI4_IRQHandler
                0x080041f4                DMA1_Channel3_IRQHandler
                0x080041f4                COMP_IRQHandler
                0x080041f4                WWDG_IRQHandler
                0x080041f4                TIM2_IRQHandler
                0x080041f4                DAC_IRQHandler
                0x080041f4                EXTI1_IRQHandler
                0x080041f4                TIM11_IRQHandler
                0x080041f4                I2C2_ER_IRQHandler
                0x080041f4                DMA1_Channel2_IRQHandler
                0x080041f4                FLASH_IRQHandler
                0x080041f4                BusFault_Handler
                0x080041f4                SPI3_IRQHandler
                0x080041f4                I2C1_ER_IRQHandler
                0x080041f4                DMA2_Channel3_IRQHandler
 *fill*         0x080041f6        0x2 
 .text.__libc_init_array
                0x080041f8       0x4c c:/ac6/systemworkbench/plugins/fr.ac6.mcu.externaltools.arm-none.win32_1.7.0.201602121829/tools/compiler/bin/../lib/gcc/arm-none-eabi/5.2.1/../../../../arm-none-eabi/lib/armv7-m\libc_nano.a(lib_a-init.o)
                0x080041f8                __libc_init_array
 .text.memcpy   0x08004244       0x16 c:/ac6/systemworkbench/plugins/fr.ac6.mcu.externaltools.arm-none.win32_1.7.0.201602121829/tools/compiler/bin/../lib/gcc/arm-none-eabi/5.2.1/../../../../arm-none-eabi/lib/armv7-m\libc_nano.a(lib_a-memcpy-stub.o)
                0x08004244                memcpy
 .text.memmove  0x0800425a       0x36 c:/ac6/systemworkbench/plugins/fr.ac6.mcu.externaltools.arm-none.win32_1.7.0.201602121829/tools/compiler/bin/../lib/gcc/arm-none-eabi/5.2.1/../../../../arm-none-eabi/lib/armv7-m\libc_nano.a(lib_a-memmove.o)
                0x0800425a                memmove
 .text.strncmp  0x08004290       0x2a c:/ac6/systemworkbench/plugins/fr.ac6.mcu.externaltools.arm-none.win32_1.7.0.201602121829/tools/compiler/bin/../lib/gcc/arm-none-eabi/5.2.1/../../../../arm-none-eabi/lib/armv7-m\libc_nano.a(lib_a-strncmp.o)
                0x08004290                strncmp
 *(.glue_7)
 .glue_7        0x080042ba        0x0 linker stubs
 *(.glue_7t)
 .glue_7t       0x080042ba        0x0 linker stubs
 *(.eh_frame)
 *fill*         0x080042ba        0x2 
 .eh_frame      0x080042bc        0x0 c:/ac6/systemworkbench/plugins/fr.ac6.mcu.externaltools.arm-none.win32_1.7.0.201602121829/tools/compiler/bin/../lib/gcc/arm-none-eabi/5.2.1/armv7-m/crtbegin.o
 *(.init)
 .init          0x080042bc        0x4 c:/ac6/systemworkbench/plugins/fr.ac6.mcu.externaltools.arm-none.win32_1.7.0.201602121829/tools/compiler/bin/../lib/gcc/arm-none-eabi/5.2.1/armv7-m/crti.o
                0x080042bc                _init
 .init          0x080042c0        0x8 c:/ac6/systemworkbench/plugins/fr.ac6.mcu.externaltools.arm-none.win32_1.7.0.201602121829/tools/compiler/bin/../lib/gcc/arm-none-eabi/5.2.1/armv7-m/crtn.o
 *(.fini)
 .fini          0x080042c8        0x4 c:/ac6/systemworkbench/plugins/fr.ac6.mcu.externaltools.arm-none.win32_1.7.0.201602121829/tools/compiler/bin/../lib/gcc/arm-none-eabi/5.2.1/armv7-m/crti.o
                0x080042c8                _fini
 .fini          0x080042cc        0x8 c:/ac6/systemworkbench/plugins/fr.ac6.mcu.externaltools.arm-none.win32_1.7.0.201602121829/tools/compiler/bin/../lib/gcc/arm-none-eabi/5.2.1/armv7-m/crtn.o
                0x080042d4                . = ALIGN (0x4)
                0x080042d4                _etext = .

.vfp11_veneer   0x080042d4        0x0
 .vfp11_veneer  0x080042d4        0x0 linker stubs

.v4_bx          0x080042d4        0x0
 .v4_bx         0x080042d4        0x0 linker stubs

.iplt           0x080042d4        0x0
 .iplt          0x080042d4        0x0 c:/ac6/systemworkbench/plugins/fr.ac6.mcu.externaltools.arm-none.win32_1.7.0.201602121829/tools/compiler/bin/../lib/gcc/arm-none-eabi/5.2.1/armv7-m/crtbegin.o

.rodata         0x080042d4      0x21c
                0x080042d4                . = ALIGN (0x4)
 *(.rodata)
 .rodata        0x080042d4        0xf src/gps.o
 *fill*         0x080042e3        0x1 
 .rodata        0x080042e4       0x45 src/main.o
 *fill*         0x08004329        0x3 
 .rodata        0x0800432c       0xd9 src/radio.o
 *fill*         0x08004405        0x3 
 .rodata        0x08004408       0x3e src/stm32l152x_board.o
 *fill*         0x08004446        0x2 
 .rodata        0x08004448       0x11 src/stm32l1xx_it.o
 *(.rodata*)
 *fill*         0x08004459        0x3 
 .rodata.DeviceID
                0x0800445c        0x4 src/main.o
                0x0800445c                DeviceID
 .rodata.inputs
                0x08004460       0x38 src/stm32l152x_board.o
 .rodata.outputs
                0x08004498       0x58 src/stm32l152x_board.o
                0x080044f0                . = ALIGN (0x4)

.rel.dyn        0x080044f0        0x0
 .rel.iplt      0x080044f0        0x0 c:/ac6/systemworkbench/plugins/fr.ac6.mcu.externaltools.arm-none.win32_1.7.0.201602121829/tools/compiler/bin/../lib/gcc/arm-none-eabi/5.2.1/armv7-m/crtbegin.o

.ARM.extab      0x080044f0        0x0
                0x080044f0                . = ALIGN (0x4)
 *(.ARM.extab* .gnu.linkonce.armextab.*)
                0x080044f0                . = ALIGN (0x4)

.ARM            0x080044f0        0x0
                0x080044f0                . = ALIGN (0x4)
                0x080044f0                __exidx_start = .
 *(.ARM.exidx*)
                0x080044f0                __exidx_end = .
                0x080044f0                . = ALIGN (0x4)

.preinit_array  0x080044f0        0x0
                0x080044f0                . = ALIGN (0x4)
                0x080044f0                PROVIDE (__preinit_array_start, .)
 *(.preinit_array*)
                0x080044f0                PROVIDE (__preinit_array_end, .)
                0x080044f0                . = ALIGN (0x4)

.init_array     0x080044f0        0x4
                0x080044f0                . = ALIGN (0x4)
                0x080044f0                PROVIDE (__init_array_start, .)
 *(SORT(.init_array.*))
 *(.init_array*)
 .init_array    0x080044f0        0x4 c:/ac6/systemworkbench/plugins/fr.ac6.mcu.externaltools.arm-none.win32_1.7.0.201602121829/tools/compiler/bin/../lib/gcc/arm-none-eabi/5.2.1/armv7-m/crtbegin.o
                0x080044f4                PROVIDE (__init_array_end, .)
                0x080044f4                . = ALIGN (0x4)

.fini_array     0x080044f4        0x4
                0x080044f4                . = ALIGN (0x4)
                [!provide]                PROVIDE (__fini_array_start, .)
 *(SORT(.fini_array.*))
 *(.fini_array*)
 .fini_array    0x080044f4        0x4 c:/ac6/systemworkbench/plugins/fr.ac6.mcu.externaltools.arm-none.win32_1.7.0.201602121829/tools/compiler/bin/../lib/gcc/arm-none-eabi/5.2.1/armv7-m/crtbegin.o
                [!provide]                PROVIDE (__fini_array_end, .)
                0x080044f8                . = ALIGN (0x4)
                0x080044f8                _sidata = LOADADDR (.data)

.data           0x20000000       0x18 load address 0x080044f8
                0x20000000                . = ALIGN (0x4)
                0x20000000                _sdata = .
 *(.data)
 *(.data*)
 .data.GPGGAFieldsMaxSize
                0x20000000       0x10 src/gps.o
                0x20000000                GPGGAFieldsMaxSize
 .data.radioControlTxSettings
                0x20000010        0x8 src/radio.o
                0x20000010                radioControlTxSettings
                0x20000018                . = ALIGN (0x4)
                0x20000018                _edata = .

.jcr            0x20000018        0x0 load address 0x08004510
 .jcr           0x20000018        0x0 c:/ac6/systemworkbench/plugins/fr.ac6.mcu.externaltools.arm-none.win32_1.7.0.201602121829/tools/compiler/bin/../lib/gcc/arm-none-eabi/5.2.1/armv7-m/crtbegin.o

.tm_clone_table
                0x20000018        0x0 load address 0x08004510
 .tm_clone_table
                0x20000018        0x0 c:/ac6/systemworkbench/plugins/fr.ac6.mcu.externaltools.arm-none.win32_1.7.0.201602121829/tools/compiler/bin/../lib/gcc/arm-none-eabi/5.2.1/armv7-m/crtbegin.o
 .tm_clone_table
                0x20000018        0x0 c:/ac6/systemworkbench/plugins/fr.ac6.mcu.externaltools.arm-none.win32_1.7.0.201602121829/tools/compiler/bin/../lib/gcc/arm-none-eabi/5.2.1/armv7-m/crtend.o

.igot.plt       0x20000018        0x0 load address 0x08004510
 .igot.plt      0x20000018        0x0 c:/ac6/systemworkbench/plugins/fr.ac6.mcu.externaltools.arm-none.win32_1.7.0.201602121829/tools/compiler/bin/../lib/gcc/arm-none-eabi/5.2.1/armv7-m/crtbegin.o
                0x20000018                . = ALIGN (0x4)

.bss            0x20000018      0x248 load address 0x08004510
                0x20000018                _sbss = .
                0x20000018                __bss_start__ = _sbss
 *(.bss)
 .bss           0x20000018       0x1c c:/ac6/systemworkbench/plugins/fr.ac6.mcu.externaltools.arm-none.win32_1.7.0.201602121829/tools/compiler/bin/../lib/gcc/arm-none-eabi/5.2.1/armv7-m/crtbegin.o
 *(.bss*)
 .bss.state.8845
                0x20000034        0x1 src/altimeter.o
 *fill*         0x20000035        0x3 
 .bss.next.8874
                0x20000038        0x4 src/gps.o
 .bss.state.8941
                0x2000003c        0x1 src/gps.o
 .bss.fixAttempts.8942
                0x2000003d        0x1 src/gps.o
 .bss.blinkCycles.8943
                0x2000003e        0x1 src/gps.o
 *fill*         0x2000003f        0x1 
 .bss.radioDataTxSettings
                0x20000040        0x8 src/radio.o
                0x20000040                radioDataTxSettings
 .bss.state.8851
                0x20000048        0x1 src/radio.o
 *(COMMON)
 *fill*         0x20000049        0x3 
 COMMON         0x2000004c        0x2 src/altimeter.o
                0x2000004c                AltimeterData
 *fill*         0x2000004e        0x2 
 COMMON         0x20000050       0x6d src/gps.o
                0x20000050                GpsRxBuffer
                0x200000b0                GpsData
                0x200000bc                GpsRxCounter
 *fill*         0x200000bd        0x3 
 COMMON         0x200000c0      0x18d src/main.o
                0x200000c0                tmp
                0x200000c4                DeviceState
                0x200000c8                timerSchedule
                0x200000e8                SoftwareEvents
                0x200000ea                UartRxCounter
                0x200000ec                HardwareEvents
                0x200000f0                UartRxBuffer
                0x20000110                uint32tmp
                0x20000114                EventMask
                0x20000118                Uart2Tx
                0x2000022c                Uart2Command
                0x2000024c                uint8tmp
 *fill*         0x2000024d        0x3 
 COMMON         0x20000250       0x10 src/radio.o
                0x20000250                RadioBuffer
                0x20000260                . = ALIGN (0x4)
                0x20000260                _ebss = .
                0x20000260                __bss_end__ = _ebss

._user_heap_stack
                0x20000260      0x400 load address 0x08004510
                0x20000260                . = ALIGN (0x8)
                [!provide]                PROVIDE (end, .)
                [!provide]                PROVIDE (_end, .)
                0x20000260                . = (. + _Min_Heap_Size)
                0x20000660                . = (. + _Min_Stack_Size)
 *fill*         0x20000260      0x400 
                0x20000660                . = ALIGN (0x8)

/DISCARD/
 libc.a(*)
 libm.a(*)
 libgcc.a(*)

.ARM.attributes
                0x00000000       0x29
 *(.ARM.attributes)
 .ARM.attributes
                0x00000000       0x1d c:/ac6/systemworkbench/plugins/fr.ac6.mcu.externaltools.arm-none.win32_1.7.0.201602121829/tools/compiler/bin/../lib/gcc/arm-none-eabi/5.2.1/armv7-m/crti.o
 .ARM.attributes
                0x0000001d       0x2d c:/ac6/systemworkbench/plugins/fr.ac6.mcu.externaltools.arm-none.win32_1.7.0.201602121829/tools/compiler/bin/../lib/gcc/arm-none-eabi/5.2.1/armv7-m/crtbegin.o
 .ARM.attributes
                0x0000004a       0x33 src/altimeter.o
 .ARM.attributes
                0x0000007d       0x33 src/gps.o
 .ARM.attributes
                0x000000b0       0x33 src/main.o
 .ARM.attributes
                0x000000e3       0x33 src/radio.o
 .ARM.attributes
                0x00000116       0x33 src/stm32l152x_board.o
 .ARM.attributes
                0x00000149       0x33 src/stm32l1xx_it.o
 .ARM.attributes
                0x0000017c       0x21 startup/startup_stm32.o
 .ARM.attributes
                0x0000019d       0x2d c:/ac6/systemworkbench/plugins/fr.ac6.mcu.externaltools.arm-none.win32_1.7.0.201602121829/tools/compiler/bin/../lib/gcc/arm-none-eabi/5.2.1/../../../../arm-none-eabi/lib/armv7-m\libc_nano.a(lib_a-init.o)
 .ARM.attributes
                0x000001ca       0x2d c:/ac6/systemworkbench/plugins/fr.ac6.mcu.externaltools.arm-none.win32_1.7.0.201602121829/tools/compiler/bin/../lib/gcc/arm-none-eabi/5.2.1/../../../../arm-none-eabi/lib/armv7-m\libc_nano.a(lib_a-memcpy-stub.o)
 .ARM.attributes
                0x000001f7       0x2d c:/ac6/systemworkbench/plugins/fr.ac6.mcu.externaltools.arm-none.win32_1.7.0.201602121829/tools/compiler/bin/../lib/gcc/arm-none-eabi/5.2.1/../../../../arm-none-eabi/lib/armv7-m\libc_nano.a(lib_a-memmove.o)
 .ARM.attributes
                0x00000224       0x17 c:/ac6/systemworkbench/plugins/fr.ac6.mcu.externaltools.arm-none.win32_1.7.0.201602121829/tools/compiler/bin/../lib/gcc/arm-none-eabi/5.2.1/../../../../arm-none-eabi/lib/armv7-m\libc_nano.a(lib_a-strlen.o)
 .ARM.attributes
                0x0000023b       0x2d c:/ac6/systemworkbench/plugins/fr.ac6.mcu.externaltools.arm-none.win32_1.7.0.201602121829/tools/compiler/bin/../lib/gcc/arm-none-eabi/5.2.1/../../../../arm-none-eabi/lib/armv7-m\libc_nano.a(lib_a-strncmp.o)
 .ARM.attributes
                0x00000268       0x2d c:/ac6/systemworkbench/plugins/fr.ac6.mcu.externaltools.arm-none.win32_1.7.0.201602121829/tools/compiler/bin/../lib/gcc/arm-none-eabi/5.2.1/armv7-m/crtend.o
 .ARM.attributes
                0x00000295       0x1d c:/ac6/systemworkbench/plugins/fr.ac6.mcu.externaltools.arm-none.win32_1.7.0.201602121829/tools/compiler/bin/../lib/gcc/arm-none-eabi/5.2.1/armv7-m/crtn.o
OUTPUT(LoRaMote.elf elf32-littlearm)

.debug_info     0x00000000     0x5c4e
 .debug_info    0x00000000      0x2c6 src/altimeter.o
 .debug_info    0x000002c6      0x765 src/gps.o
 .debug_info    0x00000a2b     0x1749 src/main.o
 .debug_info    0x00002174      0xbe3 src/radio.o
 .debug_info    0x00002d57     0x2495 src/stm32l152x_board.o
 .debug_info    0x000051ec      0x9fd src/stm32l1xx_it.o
 .debug_info    0x00005be9       0x65 startup/startup_stm32.o

.debug_abbrev   0x00000000      0xece
 .debug_abbrev  0x00000000      0x145 src/altimeter.o
 .debug_abbrev  0x00000145      0x1ce src/gps.o
 .debug_abbrev  0x00000313      0x2ee src/main.o
 .debug_abbrev  0x00000601      0x299 src/radio.o
 .debug_abbrev  0x0000089a      0x3fc src/stm32l152x_board.o
 .debug_abbrev  0x00000c96      0x226 src/stm32l1xx_it.o
 .debug_abbrev  0x00000ebc       0x12 startup/startup_stm32.o

.debug_aranges  0x00000000      0x5e8
 .debug_aranges
                0x00000000       0x30 src/altimeter.o
 .debug_aranges
                0x00000030       0x40 src/gps.o
 .debug_aranges
                0x00000070       0xe0 src/main.o
 .debug_aranges
                0x00000150       0x48 src/radio.o
 .debug_aranges
                0x00000198      0x378 src/stm32l152x_board.o
 .debug_aranges
                0x00000510       0xb0 src/stm32l1xx_it.o
 .debug_aranges
                0x000005c0       0x28 startup/startup_stm32.o

.debug_ranges   0x00000000      0x580
 .debug_ranges  0x00000000       0x20 src/altimeter.o
 .debug_ranges  0x00000020       0x30 src/gps.o
 .debug_ranges  0x00000050       0xd0 src/main.o
 .debug_ranges  0x00000120       0x38 src/radio.o
 .debug_ranges  0x00000158      0x368 src/stm32l152x_board.o
 .debug_ranges  0x000004c0       0xa0 src/stm32l1xx_it.o
 .debug_ranges  0x00000560       0x20 startup/startup_stm32.o

.debug_macro    0x00000000    0x1088e
 .debug_macro   0x00000000      0x298 src/altimeter.o
 .debug_macro   0x00000298      0x874 src/altimeter.o
 .debug_macro   0x00000b0c       0x2e src/altimeter.o
 .debug_macro   0x00000b3a       0x22 src/altimeter.o
 .debug_macro   0x00000b5c       0x22 src/altimeter.o
 .debug_macro   0x00000b7e       0x44 src/altimeter.o
 .debug_macro   0x00000bc2       0xfd src/altimeter.o
 .debug_macro   0x00000cbf       0x22 src/altimeter.o
 .debug_macro   0x00000ce1      0x1df src/altimeter.o
 .debug_macro   0x00000ec0       0x34 src/altimeter.o
 .debug_macro   0x00000ef4       0x34 src/altimeter.o
 .debug_macro   0x00000f28      0xcb4 src/altimeter.o
 .debug_macro   0x00001bdc     0xb754 src/altimeter.o
 .debug_macro   0x0000d330       0x43 src/altimeter.o
 .debug_macro   0x0000d373      0x1b2 src/altimeter.o
 .debug_macro   0x0000d525      0x422 src/altimeter.o
 .debug_macro   0x0000d947      0x585 src/altimeter.o
 .debug_macro   0x0000decc       0xba src/altimeter.o
 .debug_macro   0x0000df86       0xd2 src/altimeter.o
 .debug_macro   0x0000e058      0x115 src/altimeter.o
 .debug_macro   0x0000e16d      0x348 src/altimeter.o
 .debug_macro   0x0000e4b5      0x173 src/altimeter.o
 .debug_macro   0x0000e628       0x58 src/altimeter.o
 .debug_macro   0x0000e680       0x35 src/altimeter.o
 .debug_macro   0x0000e6b5       0x9c src/altimeter.o
 .debug_macro   0x0000e751       0x16 src/altimeter.o
 .debug_macro   0x0000e767      0x10e src/altimeter.o
 .debug_macro   0x0000e875       0x8d src/altimeter.o
 .debug_macro   0x0000e902       0x52 src/altimeter.o
 .debug_macro   0x0000e954       0x16 src/altimeter.o
 .debug_macro   0x0000e96a       0x43 src/altimeter.o
 .debug_macro   0x0000e9ad      0x187 src/altimeter.o
 .debug_macro   0x0000eb34      0x329 src/altimeter.o
 .debug_macro   0x0000ee5d       0x16 src/altimeter.o
 .debug_macro   0x0000ee73       0x29 src/altimeter.o
 .debug_macro   0x0000ee9c      0x7c9 src/altimeter.o
 .debug_macro   0x0000f665       0x34 src/altimeter.o
 .debug_macro   0x0000f699       0x1c src/altimeter.o
 .debug_macro   0x0000f6b5       0x35 src/altimeter.o
 .debug_macro   0x0000f6ea       0x10 src/altimeter.o
 .debug_macro   0x0000f6fa       0x10 src/altimeter.o
 .debug_macro   0x0000f70a       0x22 src/altimeter.o
 .debug_macro   0x0000f72c       0x3a src/altimeter.o
 .debug_macro   0x0000f766       0x10 src/altimeter.o
 .debug_macro   0x0000f776       0x40 src/altimeter.o
 .debug_macro   0x0000f7b6       0x65 src/altimeter.o
 .debug_macro   0x0000f81b       0x16 src/altimeter.o
 .debug_macro   0x0000f831      0x197 src/altimeter.o
 .debug_macro   0x0000f9c8       0x16 src/altimeter.o
 .debug_macro   0x0000f9de      0x182 src/altimeter.o
 .debug_macro   0x0000fb60      0x298 src/gps.o
 .debug_macro   0x0000fdf8      0x298 src/main.o
 .debug_macro   0x00010090      0x2c2 src/radio.o
 .debug_macro   0x00010352      0x2a4 src/stm32l152x_board.o
 .debug_macro   0x000105f6      0x298 src/stm32l1xx_it.o

.debug_line     0x00000000     0x3fd9
 .debug_line    0x00000000      0x6fa src/altimeter.o
 .debug_line    0x000006fa      0x81e src/gps.o
 .debug_line    0x00000f18      0xd1d src/main.o
 .debug_line    0x00001c35      0x847 src/radio.o
 .debug_line    0x0000247c     0x1246 src/stm32l152x_board.o
 .debug_line    0x000036c2      0x8a1 src/stm32l1xx_it.o
 .debug_line    0x00003f63       0x76 startup/startup_stm32.o

.debug_str      0x00000000    0x5949c
 .debug_str     0x00000000    0x56da1 src/altimeter.o
                              0x56fb2 (size before relaxing)
 .debug_str     0x00056da1      0x5c6 src/gps.o
                              0x57419 (size before relaxing)
 .debug_str     0x00057367      0xb44 src/main.o
                              0x57c8b (size before relaxing)
 .debug_str     0x00057eab      0x467 src/radio.o
                              0x57d12 (size before relaxing)
 .debug_str     0x00058312     0x1090 src/stm32l152x_board.o
                              0x5891c (size before relaxing)
 .debug_str     0x000593a2       0xfa src/stm32l1xx_it.o
                              0x573cc (size before relaxing)

.comment        0x00000000       0x6e
 .comment       0x00000000       0x6e src/altimeter.o
                                 0x6f (size before relaxing)
 .comment       0x0000006e       0x6f src/gps.o
 .comment       0x0000006e       0x6f src/main.o
 .comment       0x0000006e       0x6f src/radio.o
 .comment       0x0000006e       0x6f src/stm32l152x_board.o
 .comment       0x0000006e       0x6f src/stm32l1xx_it.o

.debug_frame    0x00000000     0x189c
 .debug_frame   0x00000000       0x7c src/altimeter.o
 .debug_frame   0x0000007c       0xd0 src/gps.o
 .debug_frame   0x0000014c      0x3e0 src/main.o
 .debug_frame   0x0000052c       0xe8 src/radio.o
 .debug_frame   0x00000614      0xf54 src/stm32l152x_board.o
 .debug_frame   0x00001568      0x28c src/stm32l1xx_it.o
 .debug_frame   0x000017f4       0x2c c:/ac6/systemworkbench/plugins/fr.ac6.mcu.externaltools.arm-none.win32_1.7.0.201602121829/tools/compiler/bin/../lib/gcc/arm-none-eabi/5.2.1/../../../../arm-none-eabi/lib/armv7-m\libc_nano.a(lib_a-init.o)
 .debug_frame   0x00001820       0x28 c:/ac6/systemworkbench/plugins/fr.ac6.mcu.externaltools.arm-none.win32_1.7.0.201602121829/tools/compiler/bin/../lib/gcc/arm-none-eabi/5.2.1/../../../../arm-none-eabi/lib/armv7-m\libc_nano.a(lib_a-memcpy-stub.o)
 .debug_frame   0x00001848       0x28 c:/ac6/systemworkbench/plugins/fr.ac6.mcu.externaltools.arm-none.win32_1.7.0.201602121829/tools/compiler/bin/../lib/gcc/arm-none-eabi/5.2.1/../../../../arm-none-eabi/lib/armv7-m\libc_nano.a(lib_a-memmove.o)
 .debug_frame   0x00001870       0x2c c:/ac6/systemworkbench/plugins/fr.ac6.mcu.externaltools.arm-none.win32_1.7.0.201602121829/tools/compiler/bin/../lib/gcc/arm-none-eabi/5.2.1/../../../../arm-none-eabi/lib/armv7-m\libc_nano.a(lib_a-strncmp.o)
