Archive member included to satisfy reference by file (symbol)

c:/ac6/systemworkbench/plugins/fr.ac6.mcu.externaltools.arm-none.win32_1.7.0.201602121829/tools/compiler/bin/../lib/gcc/arm-none-eabi/5.2.1/armv6-m\libgcc.a(_thumb1_case_uqi.o)
                              Drivers/CMSIS/system_stm32l0xx.o (__gnu_thumb1_case_uqi)
c:/ac6/systemworkbench/plugins/fr.ac6.mcu.externaltools.arm-none.win32_1.7.0.201602121829/tools/compiler/bin/../lib/gcc/arm-none-eabi/5.2.1/armv6-m\libgcc.a(_udivsi3.o)
                              Drivers/CMSIS/system_stm32l0xx.o (__aeabi_uidiv)
c:/ac6/systemworkbench/plugins/fr.ac6.mcu.externaltools.arm-none.win32_1.7.0.201602121829/tools/compiler/bin/../lib/gcc/arm-none-eabi/5.2.1/armv6-m\libgcc.a(_dvmd_tls.o)
                              c:/ac6/systemworkbench/plugins/fr.ac6.mcu.externaltools.arm-none.win32_1.7.0.201602121829/tools/compiler/bin/../lib/gcc/arm-none-eabi/5.2.1/armv6-m\libgcc.a(_udivsi3.o) (__aeabi_idiv0)
c:/ac6/systemworkbench/plugins/fr.ac6.mcu.externaltools.arm-none.win32_1.7.0.201602121829/tools/compiler/bin/../lib/gcc/arm-none-eabi/5.2.1/../../../../arm-none-eabi/lib/armv6-m\libc_nano.a(lib_a-exit.o)
                              c:/ac6/systemworkbench/plugins/fr.ac6.mcu.externaltools.arm-none.win32_1.7.0.201602121829/tools/compiler/bin/../lib/gcc/arm-none-eabi/5.2.1/../../../../arm-none-eabi/lib/armv6-m/crt0.o (exit)
c:/ac6/systemworkbench/plugins/fr.ac6.mcu.externaltools.arm-none.win32_1.7.0.201602121829/tools/compiler/bin/../lib/gcc/arm-none-eabi/5.2.1/../../../../arm-none-eabi/lib/armv6-m\libc_nano.a(lib_a-impure.o)
                              c:/ac6/systemworkbench/plugins/fr.ac6.mcu.externaltools.arm-none.win32_1.7.0.201602121829/tools/compiler/bin/../lib/gcc/arm-none-eabi/5.2.1/../../../../arm-none-eabi/lib/armv6-m\libc_nano.a(lib_a-exit.o) (_global_impure_ptr)
c:/ac6/systemworkbench/plugins/fr.ac6.mcu.externaltools.arm-none.win32_1.7.0.201602121829/tools/compiler/bin/../lib/gcc/arm-none-eabi/5.2.1/../../../../arm-none-eabi/lib/armv6-m\libc_nano.a(lib_a-init.o)
                              c:/ac6/systemworkbench/plugins/fr.ac6.mcu.externaltools.arm-none.win32_1.7.0.201602121829/tools/compiler/bin/../lib/gcc/arm-none-eabi/5.2.1/../../../../arm-none-eabi/lib/armv6-m/crt0.o (__libc_init_array)
c:/ac6/systemworkbench/plugins/fr.ac6.mcu.externaltools.arm-none.win32_1.7.0.201602121829/tools/compiler/bin/../lib/gcc/arm-none-eabi/5.2.1/../../../../arm-none-eabi/lib/armv6-m\libc_nano.a(lib_a-memset.o)
                              c:/ac6/systemworkbench/plugins/fr.ac6.mcu.externaltools.arm-none.win32_1.7.0.201602121829/tools/compiler/bin/../lib/gcc/arm-none-eabi/5.2.1/../../../../arm-none-eabi/lib/armv6-m/crt0.o (memset)
c:/ac6/systemworkbench/plugins/fr.ac6.mcu.externaltools.arm-none.win32_1.7.0.201602121829/tools/compiler/bin/../lib/gcc/arm-none-eabi/5.2.1/../../../../arm-none-eabi/lib/armv6-m\libnosys.a(_exit.o)
                              c:/ac6/systemworkbench/plugins/fr.ac6.mcu.externaltools.arm-none.win32_1.7.0.201602121829/tools/compiler/bin/../lib/gcc/arm-none-eabi/5.2.1/../../../../arm-none-eabi/lib/armv6-m\libc_nano.a(lib_a-exit.o) (_exit)

Allocating common symbols
Common symbol       size              file

LptimHandle         0x30              Example/User/main.o
uwTick              0x4               Drivers/STM32L0xx_HAL_Driver/stm32l0xx_hal.o
ProcFlash           0x18              Drivers/STM32L0xx_HAL_Driver/stm32l0xx_hal_flash.o
RCC_PeriphCLKInitStruct
                    0x24              Example/User/main.o

Discarded input sections

 .text          0x00000000        0x0 c:/ac6/systemworkbench/plugins/fr.ac6.mcu.externaltools.arm-none.win32_1.7.0.201602121829/tools/compiler/bin/../lib/gcc/arm-none-eabi/5.2.1/armv6-m/crti.o
 .data          0x00000000        0x0 c:/ac6/systemworkbench/plugins/fr.ac6.mcu.externaltools.arm-none.win32_1.7.0.201602121829/tools/compiler/bin/../lib/gcc/arm-none-eabi/5.2.1/armv6-m/crti.o
 .bss           0x00000000        0x0 c:/ac6/systemworkbench/plugins/fr.ac6.mcu.externaltools.arm-none.win32_1.7.0.201602121829/tools/compiler/bin/../lib/gcc/arm-none-eabi/5.2.1/armv6-m/crti.o
 .data          0x00000000        0x4 c:/ac6/systemworkbench/plugins/fr.ac6.mcu.externaltools.arm-none.win32_1.7.0.201602121829/tools/compiler/bin/../lib/gcc/arm-none-eabi/5.2.1/armv6-m/crtbegin.o
 .text          0x00000000       0x78 c:/ac6/systemworkbench/plugins/fr.ac6.mcu.externaltools.arm-none.win32_1.7.0.201602121829/tools/compiler/bin/../lib/gcc/arm-none-eabi/5.2.1/../../../../arm-none-eabi/lib/armv6-m/crt0.o
 .data          0x00000000        0x0 c:/ac6/systemworkbench/plugins/fr.ac6.mcu.externaltools.arm-none.win32_1.7.0.201602121829/tools/compiler/bin/../lib/gcc/arm-none-eabi/5.2.1/../../../../arm-none-eabi/lib/armv6-m/crt0.o
[...]
Memory Configuration

Name             Origin             Length             Attributes
FLASH            0x08000000         0x00010000         xr
RAM              0x20000000         0x00002000         xrw
*default*        0x00000000         0xffffffff

Linker script and memory map

LOAD c:/ac6/systemworkbench/plugins/fr.ac6.mcu.externaltools.arm-none.win32_1.7.0.201602121829/tools/compiler/bin/../lib/gcc/arm-none-eabi/5.2.1/armv6-m/crti.o
LOAD c:/ac6/systemworkbench/plugins/fr.ac6.mcu.externaltools.arm-none.win32_1.7.0.201602121829/tools/compiler/bin/../lib/gcc/arm-none-eabi/5.2.1/armv6-m/crtbegin.o
LOAD c:/ac6/systemworkbench/plugins/fr.ac6.mcu.externaltools.arm-none.win32_1.7.0.201602121829/tools/compiler/bin/../lib/gcc/arm-none-eabi/5.2.1/../../../../arm-none-eabi/lib/armv6-m/crt0.o
LOAD c:/ac6/systemworkbench/plugins/fr.ac6.mcu.externaltools.arm-none.win32_1.7.0.201602121829/tools/compiler/bin/../lib/gcc/arm-none-eabi/5.2.1/../../../../arm-none-eabi/lib/armv6-m\libm.a
LOAD Drivers/BSP/STM32L053R8_NUCLEO/stm32l0xx_nucleo.o
LOAD Drivers/CMSIS/system_stm32l0xx.o
LOAD Drivers/STM32L0xx_HAL_Driver/stm32l0xx_hal.o
LOAD Drivers/STM32L0xx_HAL_Driver/stm32l0xx_hal_adc.o
LOAD Drivers/STM32L0xx_HAL_Driver/stm32l0xx_hal_adc_ex.o
LOAD Drivers/STM32L0xx_HAL_Driver/stm32l0xx_hal_cortex.o
LOAD Drivers/STM32L0xx_HAL_Driver/stm32l0xx_hal_dma.o
LOAD Drivers/STM32L0xx_HAL_Driver/stm32l0xx_hal_flash.o
LOAD Drivers/STM32L0xx_HAL_Driver/stm32l0xx_hal_flash_ex.o
LOAD Drivers/STM32L0xx_HAL_Driver/stm32l0xx_hal_gpio.o
LOAD Drivers/STM32L0xx_HAL_Driver/stm32l0xx_hal_lptim.o
LOAD Drivers/STM32L0xx_HAL_Driver/stm32l0xx_hal_pwr.o
LOAD Drivers/STM32L0xx_HAL_Driver/stm32l0xx_hal_pwr_ex.o
LOAD Drivers/STM32L0xx_HAL_Driver/stm32l0xx_hal_rcc.o
LOAD Drivers/STM32L0xx_HAL_Driver/stm32l0xx_hal_rcc_ex.o
LOAD Drivers/STM32L0xx_HAL_Driver/stm32l0xx_hal_spi.o
LOAD Example/SW4STM32/startup_stm32l053xx.o
LOAD Example/User/main.o
LOAD Example/User/stm32l0xx_hal_msp.o
LOAD Example/User/stm32l0xx_it.o
START GROUP
LOAD c:/ac6/systemworkbench/plugins/fr.ac6.mcu.externaltools.arm-none.win32_1.7.0.201602121829/tools/compiler/bin/../lib/gcc/arm-none-eabi/5.2.1/armv6-m\libgcc.a
LOAD c:/ac6/systemworkbench/plugins/fr.ac6.mcu.externaltools.arm-none.win32_1.7.0.201602121829/tools/compiler/bin/../lib/gcc/arm-none-eabi/5.2.1/../../../../arm-none-eabi/lib/armv6-m\libc_nano.a
END GROUP
START GROUP
LOAD c:/ac6/systemworkbench/plugins/fr.ac6.mcu.externaltools.arm-none.win32_1.7.0.201602121829/tools/compiler/bin/../lib/gcc/arm-none-eabi/5.2.1/armv6-m\libgcc.a
LOAD c:/ac6/systemworkbench/plugins/fr.ac6.mcu.externaltools.arm-none.win32_1.7.0.201602121829/tools/compiler/bin/../lib/gcc/arm-none-eabi/5.2.1/../../../../arm-none-eabi/lib/armv6-m\libc_nano.a
LOAD c:/ac6/systemworkbench/plugins/fr.ac6.mcu.externaltools.arm-none.win32_1.7.0.201602121829/tools/compiler/bin/../lib/gcc/arm-none-eabi/5.2.1/../../../../arm-none-eabi/lib/armv6-m\libnosys.a
END GROUP
START GROUP
LOAD c:/ac6/systemworkbench/plugins/fr.ac6.mcu.externaltools.arm-none.win32_1.7.0.201602121829/tools/compiler/bin/../lib/gcc/arm-none-eabi/5.2.1/armv6-m\libgcc.a
LOAD c:/ac6/systemworkbench/plugins/fr.ac6.mcu.externaltools.arm-none.win32_1.7.0.201602121829/tools/compiler/bin/../lib/gcc/arm-none-eabi/5.2.1/../../../../arm-none-eabi/lib/armv6-m\libc_nano.a
LOAD c:/ac6/systemworkbench/plugins/fr.ac6.mcu.externaltools.arm-none.win32_1.7.0.201602121829/tools/compiler/bin/../lib/gcc/arm-none-eabi/5.2.1/../../../../arm-none-eabi/lib/armv6-m\libnosys.a
END GROUP
LOAD c:/ac6/systemworkbench/plugins/fr.ac6.mcu.externaltools.arm-none.win32_1.7.0.201602121829/tools/compiler/bin/../lib/gcc/arm-none-eabi/5.2.1/armv6-m/crtend.o
LOAD c:/ac6/systemworkbench/plugins/fr.ac6.mcu.externaltools.arm-none.win32_1.7.0.201602121829/tools/compiler/bin/../lib/gcc/arm-none-eabi/5.2.1/armv6-m/crtn.o
                0x20002000                _estack = 0x20002000
                0x00000200                _Min_Heap_Size = 0x200
                0x00000400                _Min_Stack_Size = 0x400

.isr_vector     0x08000000       0xc0
                0x08000000                . = ALIGN (0x4)
 *(.isr_vector)
 .isr_vector    0x08000000       0xc0 Example/SW4STM32/startup_stm32l053xx.o
                0x08000000                g_pfnVectors
                0x080000c0                . = ALIGN (0x4)

.text           0x080000c0      0xfd0
                0x080000c0                . = ALIGN (0x4)
 *(.text)
 .text          0x080000c0       0xb4 c:/ac6/systemworkbench/plugins/fr.ac6.mcu.externaltools.arm-none.win32_1.7.0.201602121829/tools/compiler/bin/../lib/gcc/arm-none-eabi/5.2.1/armv6-m/crtbegin.o
 .text          0x08000174       0x14 c:/ac6/systemworkbench/plugins/fr.ac6.mcu.externaltools.arm-none.win32_1.7.0.201602121829/tools/compiler/bin/../lib/gcc/arm-none-eabi/5.2.1/armv6-m\libgcc.a(_thumb1_case_uqi.o)
                0x08000174                __gnu_thumb1_case_uqi
 .text          0x08000188      0x114 c:/ac6/systemworkbench/plugins/fr.ac6.mcu.externaltools.arm-none.win32_1.7.0.201602121829/tools/compiler/bin/../lib/gcc/arm-none-eabi/5.2.1/armv6-m\libgcc.a(_udivsi3.o)
                0x08000188                __aeabi_uidiv
                0x08000188                __udivsi3
                0x08000294                __aeabi_uidivmod
 .text          0x0800029c        0x4 c:/ac6/systemworkbench/plugins/fr.ac6.mcu.externaltools.arm-none.win32_1.7.0.201602121829/tools/compiler/bin/../lib/gcc/arm-none-eabi/5.2.1/armv6-m\libgcc.a(_dvmd_tls.o)
                0x0800029c                __aeabi_idiv0
                0x0800029c                __aeabi_ldiv0
 *(.text*)
 .text.SystemInit
                0x080002a0       0x5c Drivers/CMSIS/system_stm32l0xx.o
                0x080002a0                SystemInit
 .text.HAL_InitTick
                0x080002fc       0x28 Drivers/STM32L0xx_HAL_Driver/stm32l0xx_hal.o
                0x080002fc                HAL_InitTick
 .text.HAL_Init
                0x08000324       0x28 Drivers/STM32L0xx_HAL_Driver/stm32l0xx_hal.o
                0x08000324                HAL_Init
 .text.HAL_IncTick
                0x0800034c       0x10 Drivers/STM32L0xx_HAL_Driver/stm32l0xx_hal.o
                0x0800034c                HAL_IncTick
 .text.HAL_GetTick
                0x0800035c        0xc Drivers/STM32L0xx_HAL_Driver/stm32l0xx_hal.o
                0x0800035c                HAL_GetTick
 .text.HAL_NVIC_SetPriority
                0x08000368       0x60 Drivers/STM32L0xx_HAL_Driver/stm32l0xx_hal_cortex.o
                0x08000368                HAL_NVIC_SetPriority
 .text.HAL_SYSTICK_Config
                0x080003c8       0x34 Drivers/STM32L0xx_HAL_Driver/stm32l0xx_hal_cortex.o
                0x080003c8                HAL_SYSTICK_Config
 .text.HAL_GPIO_Init
                0x080003fc      0x16c Drivers/STM32L0xx_HAL_Driver/stm32l0xx_hal_gpio.o
                0x080003fc                HAL_GPIO_Init
 .text.HAL_LPTIM_Init
                0x08000568       0x8c Drivers/STM32L0xx_HAL_Driver/stm32l0xx_hal_lptim.o
                0x08000568                HAL_LPTIM_Init
 .text.HAL_LPTIM_PWM_Start
                0x080005f4       0x34 Drivers/STM32L0xx_HAL_Driver/stm32l0xx_hal_lptim.o
                0x080005f4                HAL_LPTIM_PWM_Start
 .text.HAL_PWR_EnterSTOPMode
                0x08000628       0x38 Drivers/STM32L0xx_HAL_Driver/stm32l0xx_hal_pwr.o
                0x08000628                HAL_PWR_EnterSTOPMode
 .text.HAL_RCC_GetSysClockFreq
                0x08000660       0x84 Drivers/STM32L0xx_HAL_Driver/stm32l0xx_hal_rcc.o
                0x08000660                HAL_RCC_GetSysClockFreq
 .text.HAL_RCC_OscConfig
                0x080006e4      0x4cc Drivers/STM32L0xx_HAL_Driver/stm32l0xx_hal_rcc.o
                0x080006e4                HAL_RCC_OscConfig
 .text.HAL_RCC_ClockConfig
                0x08000bb0      0x16c Drivers/STM32L0xx_HAL_Driver/stm32l0xx_hal_rcc.o
                0x08000bb0                HAL_RCC_ClockConfig
 .text.HAL_RCCEx_PeriphCLKConfig
                0x08000d1c      0x190 Drivers/STM32L0xx_HAL_Driver/stm32l0xx_hal_rcc_ex.o
                0x08000d1c                HAL_RCCEx_PeriphCLKConfig
 .text.Reset_Handler
                0x08000eac       0x50 Example/SW4STM32/startup_stm32l053xx.o
                0x08000eac                Reset_Handler
 .text.Default_Handler
                0x08000efc        0x2 Example/SW4STM32/startup_stm32l053xx.o
                0x08000efc                TSC_IRQHandler
                0x08000efc                ADC1_COMP_IRQHandler
                0x08000efc                PVD_IRQHandler
                0x08000efc                I2C1_IRQHandler
                0x08000efc                RCC_CRS_IRQHandler
                0x08000efc                SPI1_IRQHandler
                0x08000efc                TIM6_DAC_IRQHandler
                0x08000efc                EXTI2_3_IRQHandler
                0x08000efc                I2C2_IRQHandler
                0x08000efc                RTC_IRQHandler
                0x08000efc                LCD_IRQHandler
                0x08000efc                DMA1_Channel4_5_6_7_IRQHandler
                0x08000efc                EXTI4_15_IRQHandler
                0x08000efc                DMA1_Channel1_IRQHandler
                0x08000efc                Default_Handler
                0x08000efc                TIM22_IRQHandler
                0x08000efc                EXTI0_1_IRQHandler
                0x08000efc                USB_IRQHandler
                0x08000efc                SPI2_IRQHandler
                0x08000efc                TIM21_IRQHandler
                0x08000efc                WWDG_IRQHandler
                0x08000efc                TIM2_IRQHandler
                0x08000efc                DMA1_Channel2_3_IRQHandler
                0x08000efc                USART2_IRQHandler
                0x08000efc                FLASH_IRQHandler
                0x08000efc                USART1_IRQHandler
                0x08000efc                RNG_LPUART1_IRQHandler
                0x08000efc                LPTIM1_IRQHandler
 *fill*         0x08000efe        0x2 
 .text.startup.main
                0x08000f00       0xc8 Example/User/main.o
                0x08000f00                main
 .text.HAL_LPTIM_MspInit
                0x08000fc8       0x50 Example/User/stm32l0xx_hal_msp.o
                0x08000fc8                HAL_LPTIM_MspInit
 .text.HAL_MspInit
                0x08001018        0x2 Example/User/stm32l0xx_hal_msp.o
                0x08001018                HAL_MspInit
 .text.NMI_Handler
                0x0800101a        0x2 Example/User/stm32l0xx_it.o
                0x0800101a                NMI_Handler
 .text.HardFault_Handler
                0x0800101c        0x2 Example/User/stm32l0xx_it.o
                0x0800101c                HardFault_Handler
 .text.SVC_Handler
                0x0800101e        0x2 Example/User/stm32l0xx_it.o
                0x0800101e                SVC_Handler
 .text.PendSV_Handler
                0x08001020        0x2 Example/User/stm32l0xx_it.o
                0x08001020                PendSV_Handler
 .text.SysTick_Handler
                0x08001022        0x8 Example/User/stm32l0xx_it.o
                0x08001022                SysTick_Handler
 *fill*         0x0800102a        0x2 
 .text.__libc_init_array
                0x0800102c       0x4c c:/ac6/systemworkbench/plugins/fr.ac6.mcu.externaltools.arm-none.win32_1.7.0.201602121829/tools/compiler/bin/../lib/gcc/arm-none-eabi/5.2.1/../../../../arm-none-eabi/lib/armv6-m\libc_nano.a(lib_a-init.o)
                0x0800102c                __libc_init_array
 *(.glue_7)
 .glue_7        0x08001078        0x0 linker stubs
 *(.glue_7t)
 .glue_7t       0x08001078        0x0 linker stubs
 *(.eh_frame)
 .eh_frame      0x08001078        0x0 c:/ac6/systemworkbench/plugins/fr.ac6.mcu.externaltools.arm-none.win32_1.7.0.201602121829/tools/compiler/bin/../lib/gcc/arm-none-eabi/5.2.1/armv6-m/crtbegin.o
 *(.init)
 .init          0x08001078        0x4 c:/ac6/systemworkbench/plugins/fr.ac6.mcu.externaltools.arm-none.win32_1.7.0.201602121829/tools/compiler/bin/../lib/gcc/arm-none-eabi/5.2.1/armv6-m/crti.o
                0x08001078                _init
 .init          0x0800107c        0x8 c:/ac6/systemworkbench/plugins/fr.ac6.mcu.externaltools.arm-none.win32_1.7.0.201602121829/tools/compiler/bin/../lib/gcc/arm-none-eabi/5.2.1/armv6-m/crtn.o
 *(.fini)
 .fini          0x08001084        0x4 c:/ac6/systemworkbench/plugins/fr.ac6.mcu.externaltools.arm-none.win32_1.7.0.201602121829/tools/compiler/bin/../lib/gcc/arm-none-eabi/5.2.1/armv6-m/crti.o
                0x08001084                _fini
 .fini          0x08001088        0x8 c:/ac6/systemworkbench/plugins/fr.ac6.mcu.externaltools.arm-none.win32_1.7.0.201602121829/tools/compiler/bin/../lib/gcc/arm-none-eabi/5.2.1/armv6-m/crtn.o
                0x08001090                . = ALIGN (0x4)
                0x08001090                _etext = .

.vfp11_veneer   0x08001090        0x0
 .vfp11_veneer  0x08001090        0x0 linker stubs

.v4_bx          0x08001090        0x0
 .v4_bx         0x08001090        0x0 linker stubs

.iplt           0x08001090        0x0
 .iplt          0x08001090        0x0 c:/ac6/systemworkbench/plugins/fr.ac6.mcu.externaltools.arm-none.win32_1.7.0.201602121829/tools/compiler/bin/../lib/gcc/arm-none-eabi/5.2.1/armv6-m/crtbegin.o

.rodata         0x08001090       0x24
                0x08001090                . = ALIGN (0x4)
 *(.rodata)
 .rodata        0x08001090       0x21 Drivers/CMSIS/system_stm32l0xx.o
                0x08001090                PLLMulTable
                0x08001099                AHBPrescTable
                0x080010a9                APBPrescTable
 *(.rodata*)
                0x080010b4                . = ALIGN (0x4)
 *fill*         0x080010b1        0x3 

.rel.dyn        0x080010b4        0x0
 .rel.iplt      0x080010b4        0x0 c:/ac6/systemworkbench/plugins/fr.ac6.mcu.externaltools.arm-none.win32_1.7.0.201602121829/tools/compiler/bin/../lib/gcc/arm-none-eabi/5.2.1/armv6-m/crtbegin.o

.ARM.extab
 *(.ARM.extab* .gnu.linkonce.armextab.*)

.ARM            0x080010b4        0x0
                0x080010b4                __exidx_start = .
 *(.ARM.exidx*)
                0x080010b4                __exidx_end = .

.preinit_array  0x080010b4        0x0
                0x080010b4                PROVIDE (__preinit_array_start, .)
 *(.preinit_array*)
                0x080010b4                PROVIDE (__preinit_array_end, .)

.init_array     0x080010b4        0x4
                0x080010b4                PROVIDE (__init_array_start, .)
 *(SORT(.init_array.*))
 *(.init_array*)
 .init_array    0x080010b4        0x4 c:/ac6/systemworkbench/plugins/fr.ac6.mcu.externaltools.arm-none.win32_1.7.0.201602121829/tools/compiler/bin/../lib/gcc/arm-none-eabi/5.2.1/armv6-m/crtbegin.o
                0x080010b8                PROVIDE (__init_array_end, .)

.fini_array     0x080010b8        0x4
                [!provide]                PROVIDE (__fini_array_start, .)
 *(SORT(.fini_array.*))
 *(.fini_array*)
 .fini_array    0x080010b8        0x4 c:/ac6/systemworkbench/plugins/fr.ac6.mcu.externaltools.arm-none.win32_1.7.0.201602121829/tools/compiler/bin/../lib/gcc/arm-none-eabi/5.2.1/armv6-m/crtbegin.o
                [!provide]                PROVIDE (__fini_array_end, .)
                0x080010bc                _sidata = LOADADDR (.data)

.data           0x20000000        0x4 load address 0x080010bc
                0x20000000                . = ALIGN (0x4)
                0x20000000                _sdata = .
 *(.data)
 .data          0x20000000        0x4 Drivers/CMSIS/system_stm32l0xx.o
                0x20000000                SystemCoreClock
 *(.data*)
                0x20000004                . = ALIGN (0x4)
                0x20000004                _edata = .

.jcr            0x20000004        0x0 load address 0x080010c0
 .jcr           0x20000004        0x0 c:/ac6/systemworkbench/plugins/fr.ac6.mcu.externaltools.arm-none.win32_1.7.0.201602121829/tools/compiler/bin/../lib/gcc/arm-none-eabi/5.2.1/armv6-m/crtbegin.o

.tm_clone_table
                0x20000004        0x0 load address 0x080010c0
 .tm_clone_table
                0x20000004        0x0 c:/ac6/systemworkbench/plugins/fr.ac6.mcu.externaltools.arm-none.win32_1.7.0.201602121829/tools/compiler/bin/../lib/gcc/arm-none-eabi/5.2.1/armv6-m/crtbegin.o
 .tm_clone_table
                0x20000004        0x0 c:/ac6/systemworkbench/plugins/fr.ac6.mcu.externaltools.arm-none.win32_1.7.0.201602121829/tools/compiler/bin/../lib/gcc/arm-none-eabi/5.2.1/armv6-m/crtend.o

.igot.plt       0x20000004        0x0 load address 0x080010c0
 .igot.plt      0x20000004        0x0 c:/ac6/systemworkbench/plugins/fr.ac6.mcu.externaltools.arm-none.win32_1.7.0.201602121829/tools/compiler/bin/../lib/gcc/arm-none-eabi/5.2.1/armv6-m/crtbegin.o
                0x20000004                . = ALIGN (0x4)

.bss            0x20000004       0x74 load address 0x080010c0
                0x20000004                _sbss = .
                0x20000004                __bss_start__ = _sbss
 *(.bss)
 .bss           0x20000004       0x1c c:/ac6/systemworkbench/plugins/fr.ac6.mcu.externaltools.arm-none.win32_1.7.0.201602121829/tools/compiler/bin/../lib/gcc/arm-none-eabi/5.2.1/armv6-m/crtbegin.o
 *(.bss*)
 *(COMMON)
 COMMON         0x20000020        0x4 Drivers/STM32L0xx_HAL_Driver/stm32l0xx_hal.o
                0x20000020                uwTick
 COMMON         0x20000024       0x54 Example/User/main.o
                0x20000024                LptimHandle
                0x20000054                RCC_PeriphCLKInitStruct
                0x20000078                . = ALIGN (0x4)
                0x20000078                _ebss = .
                0x20000078                __bss_end__ = _ebss

._user_heap_stack
                0x20000078      0x600 load address 0x080010c0
                0x20000078                . = ALIGN (0x8)
                [!provide]                PROVIDE (end, .)
                [!provide]                PROVIDE (_end, .)
                0x20000278                . = (. + _Min_Heap_Size)
 *fill*         0x20000078      0x200 
                0x20000678                . = (. + _Min_Stack_Size)
 *fill*         0x20000278      0x400 
                0x20000678                . = ALIGN (0x8)

/DISCARD/
 libc.a(*)
 libm.a(*)
 libgcc.a(*)

.ARM.attributes
                0x00000000       0x28
 *(.ARM.attributes)
 .ARM.attributes
                0x00000000       0x1e c:/ac6/systemworkbench/plugins/fr.ac6.mcu.externaltools.arm-none.win32_1.7.0.201602121829/tools/compiler/bin/../lib/gcc/arm-none-eabi/5.2.1/armv6-m/crti.o
 .ARM.attributes
                0x0000001e       0x2c c:/ac6/systemworkbench/plugins/fr.ac6.mcu.externaltools.arm-none.win32_1.7.0.201602121829/tools/compiler/bin/../lib/gcc/arm-none-eabi/5.2.1/armv6-m/crtbegin.o
 .ARM.attributes
                0x0000004a       0x32 Drivers/CMSIS/system_stm32l0xx.o
 .ARM.attributes
                0x0000007c       0x32 Drivers/STM32L0xx_HAL_Driver/stm32l0xx_hal.o
 .ARM.attributes
                0x000000ae       0x32 Drivers/STM32L0xx_HAL_Driver/stm32l0xx_hal_cortex.o
 .ARM.attributes
                0x000000e0       0x32 Drivers/STM32L0xx_HAL_Driver/stm32l0xx_hal_gpio.o
 .ARM.attributes
                0x00000112       0x32 Drivers/STM32L0xx_HAL_Driver/stm32l0xx_hal_lptim.o
 .ARM.attributes
                0x00000144       0x32 Drivers/STM32L0xx_HAL_Driver/stm32l0xx_hal_pwr.o
 .ARM.attributes
                0x00000176       0x32 Drivers/STM32L0xx_HAL_Driver/stm32l0xx_hal_rcc.o
 .ARM.attributes
                0x000001a8       0x32 Drivers/STM32L0xx_HAL_Driver/stm32l0xx_hal_rcc_ex.o
 .ARM.attributes
                0x000001da       0x22 Example/SW4STM32/startup_stm32l053xx.o
 .ARM.attributes
                0x000001fc       0x32 Example/User/main.o
 .ARM.attributes
                0x0000022e       0x32 Example/User/stm32l0xx_hal_msp.o
 .ARM.attributes
                0x00000260       0x32 Example/User/stm32l0xx_it.o
 .ARM.attributes
                0x00000292       0x1e c:/ac6/systemworkbench/plugins/fr.ac6.mcu.externaltools.arm-none.win32_1.7.0.201602121829/tools/compiler/bin/../lib/gcc/arm-none-eabi/5.2.1/armv6-m\libgcc.a(_thumb1_case_uqi.o)
 .ARM.attributes
                0x000002b0       0x1e c:/ac6/systemworkbench/plugins/fr.ac6.mcu.externaltools.arm-none.win32_1.7.0.201602121829/tools/compiler/bin/../lib/gcc/arm-none-eabi/5.2.1/armv6-m\libgcc.a(_udivsi3.o)
 .ARM.attributes
                0x000002ce       0x1e c:/ac6/systemworkbench/plugins/fr.ac6.mcu.externaltools.arm-none.win32_1.7.0.201602121829/tools/compiler/bin/../lib/gcc/arm-none-eabi/5.2.1/armv6-m\libgcc.a(_dvmd_tls.o)
 .ARM.attributes
                0x000002ec       0x2c c:/ac6/systemworkbench/plugins/fr.ac6.mcu.externaltools.arm-none.win32_1.7.0.201602121829/tools/compiler/bin/../lib/gcc/arm-none-eabi/5.2.1/../../../../arm-none-eabi/lib/armv6-m\libc_nano.a(lib_a-init.o)
 .ARM.attributes
                0x00000318       0x2c c:/ac6/systemworkbench/plugins/fr.ac6.mcu.externaltools.arm-none.win32_1.7.0.201602121829/tools/compiler/bin/../lib/gcc/arm-none-eabi/5.2.1/armv6-m/crtend.o
 .ARM.attributes
                0x00000344       0x1e c:/ac6/systemworkbench/plugins/fr.ac6.mcu.externaltools.arm-none.win32_1.7.0.201602121829/tools/compiler/bin/../lib/gcc/arm-none-eabi/5.2.1/armv6-m/crtn.o
OUTPUT(STM32L053R8_NUCLEO.elf elf32-littlearm)

.debug_info     0x00000000     0x4bc2
 .debug_info    0x00000000      0x376 Drivers/CMSIS/system_stm32l0xx.o
 .debug_info    0x00000376      0x73a Drivers/STM32L0xx_HAL_Driver/stm32l0xx_hal.o
 .debug_info    0x00000ab0      0x8d7 Drivers/STM32L0xx_HAL_Driver/stm32l0xx_hal_cortex.o
 .debug_info    0x00001387      0x63d Drivers/STM32L0xx_HAL_Driver/stm32l0xx_hal_gpio.o
 .debug_info    0x000019c4      0x9f0 Drivers/STM32L0xx_HAL_Driver/stm32l0xx_hal_lptim.o
 .debug_info    0x000023b4      0x5ee Drivers/STM32L0xx_HAL_Driver/stm32l0xx_hal_pwr.o
 .debug_info    0x000029a2      0xae3 Drivers/STM32L0xx_HAL_Driver/stm32l0xx_hal_rcc.o
 .debug_info    0x00003485      0x773 Drivers/STM32L0xx_HAL_Driver/stm32l0xx_hal_rcc_ex.o
 .debug_info    0x00003bf8      0x150 Example/SW4STM32/startup_stm32l053xx.o
 .debug_info    0x00003d48      0x7d4 Example/User/main.o
 .debug_info    0x0000451c      0x5ce Example/User/stm32l0xx_hal_msp.o
 .debug_info    0x00004aea       0xd8 Example/User/stm32l0xx_it.o

.debug_abbrev   0x00000000     0x130c
 .debug_abbrev  0x00000000       0xf3 Drivers/CMSIS/system_stm32l0xx.o
 .debug_abbrev  0x000000f3      0x21b Drivers/STM32L0xx_HAL_Driver/stm32l0xx_hal.o
 .debug_abbrev  0x0000030e      0x292 Drivers/STM32L0xx_HAL_Driver/stm32l0xx_hal_cortex.o
 .debug_abbrev  0x000005a0      0x1bc Drivers/STM32L0xx_HAL_Driver/stm32l0xx_hal_gpio.o
 .debug_abbrev  0x0000075c      0x1ed Drivers/STM32L0xx_HAL_Driver/stm32l0xx_hal_lptim.o
 .debug_abbrev  0x00000949      0x190 Drivers/STM32L0xx_HAL_Driver/stm32l0xx_hal_pwr.o
 .debug_abbrev  0x00000ad9      0x292 Drivers/STM32L0xx_HAL_Driver/stm32l0xx_hal_rcc.o
 .debug_abbrev  0x00000d6b      0x1e5 Drivers/STM32L0xx_HAL_Driver/stm32l0xx_hal_rcc_ex.o
 .debug_abbrev  0x00000f50       0x12 Example/SW4STM32/startup_stm32l053xx.o
 .debug_abbrev  0x00000f62      0x199 Example/User/main.o
 .debug_abbrev  0x000010fb      0x172 Example/User/stm32l0xx_hal_msp.o
 .debug_abbrev  0x0000126d       0x9f Example/User/stm32l0xx_it.o

.debug_loc      0x00000000     0x1bdf
 .debug_loc     0x00000000      0x123 Drivers/CMSIS/system_stm32l0xx.o
 .debug_loc     0x00000123       0xac Drivers/STM32L0xx_HAL_Driver/stm32l0xx_hal.o
 .debug_loc     0x000001cf      0x3da Drivers/STM32L0xx_HAL_Driver/stm32l0xx_hal_cortex.o
 .debug_loc     0x000005a9      0x2cc Drivers/STM32L0xx_HAL_Driver/stm32l0xx_hal_gpio.o
 .debug_loc     0x00000875      0x81e Drivers/STM32L0xx_HAL_Driver/stm32l0xx_hal_lptim.o
 .debug_loc     0x00001093      0x12f Drivers/STM32L0xx_HAL_Driver/stm32l0xx_hal_pwr.o
 .debug_loc     0x000011c2      0x4bc Drivers/STM32L0xx_HAL_Driver/stm32l0xx_hal_rcc.o
 .debug_loc     0x0000167e      0x540 Drivers/STM32L0xx_HAL_Driver/stm32l0xx_hal_rcc_ex.o
 .debug_loc     0x00001bbe       0x21 Example/User/stm32l0xx_hal_msp.o

.debug_aranges  0x00000000      0x510
 .debug_aranges
                0x00000000       0x28 Drivers/CMSIS/system_stm32l0xx.o
 .debug_aranges
                0x00000028       0xd8 Drivers/STM32L0xx_HAL_Driver/stm32l0xx_hal.o
 .debug_aranges
                0x00000100       0x80 Drivers/STM32L0xx_HAL_Driver/stm32l0xx_hal_cortex.o
 .debug_aranges
                0x00000180       0x58 Drivers/STM32L0xx_HAL_Driver/stm32l0xx_hal_gpio.o
 .debug_aranges
                0x000001d8       0xf0 Drivers/STM32L0xx_HAL_Driver/stm32l0xx_hal_lptim.o
 .debug_aranges
                0x000002c8       0xa0 Drivers/STM32L0xx_HAL_Driver/stm32l0xx_hal_pwr.o
 .debug_aranges
                0x00000368       0x80 Drivers/STM32L0xx_HAL_Driver/stm32l0xx_hal_rcc.o
 .debug_aranges
                0x000003e8       0x88 Drivers/STM32L0xx_HAL_Driver/stm32l0xx_hal_rcc_ex.o
 .debug_aranges
                0x00000470       0x28 Example/SW4STM32/startup_stm32l053xx.o
 .debug_aranges
                0x00000498       0x20 Example/User/main.o
 .debug_aranges
                0x000004b8       0x28 Example/User/stm32l0xx_hal_msp.o
 .debug_aranges
                0x000004e0       0x30 Example/User/stm32l0xx_it.o

.debug_ranges   0x00000000      0x538
 .debug_ranges  0x00000000       0x18 Drivers/CMSIS/system_stm32l0xx.o
 .debug_ranges  0x00000018       0xc8 Drivers/STM32L0xx_HAL_Driver/stm32l0xx_hal.o
 .debug_ranges  0x000000e0       0xf0 Drivers/STM32L0xx_HAL_Driver/stm32l0xx_hal_cortex.o
 .debug_ranges  0x000001d0       0x48 Drivers/STM32L0xx_HAL_Driver/stm32l0xx_hal_gpio.o
 .debug_ranges  0x00000218       0xe0 Drivers/STM32L0xx_HAL_Driver/stm32l0xx_hal_lptim.o
 .debug_ranges  0x000002f8       0x90 Drivers/STM32L0xx_HAL_Driver/stm32l0xx_hal_pwr.o
 .debug_ranges  0x00000388       0xb8 Drivers/STM32L0xx_HAL_Driver/stm32l0xx_hal_rcc.o
 .debug_ranges  0x00000440       0x78 Drivers/STM32L0xx_HAL_Driver/stm32l0xx_hal_rcc_ex.o
 .debug_ranges  0x000004b8       0x20 Example/SW4STM32/startup_stm32l053xx.o
 .debug_ranges  0x000004d8       0x10 Example/User/main.o
 .debug_ranges  0x000004e8       0x30 Example/User/stm32l0xx_hal_msp.o
 .debug_ranges  0x00000518       0x20 Example/User/stm32l0xx_it.o

.debug_macro    0x00000000     0x1f03
 .debug_macro   0x00000000      0x2c0 Drivers/CMSIS/system_stm32l0xx.o
 .debug_macro   0x000002c0      0x2de Drivers/STM32L0xx_HAL_Driver/stm32l0xx_hal.o
 .debug_macro   0x0000059e      0x2ba Drivers/STM32L0xx_HAL_Driver/stm32l0xx_hal_cortex.o
 .debug_macro   0x00000858      0x2f3 Drivers/STM32L0xx_HAL_Driver/stm32l0xx_hal_gpio.o
 .debug_macro   0x00000b4b      0x2ba Drivers/STM32L0xx_HAL_Driver/stm32l0xx_hal_lptim.o
 .debug_macro   0x00000e05      0x2d2 Drivers/STM32L0xx_HAL_Driver/stm32l0xx_hal_pwr.o
 .debug_macro   0x000010d7      0x308 Drivers/STM32L0xx_HAL_Driver/stm32l0xx_hal_rcc.o
 .debug_macro   0x000013df      0x2cc Drivers/STM32L0xx_HAL_Driver/stm32l0xx_hal_rcc_ex.o
 .debug_macro   0x000016ab      0x2d0 Example/User/main.o
 .debug_macro   0x0000197b      0x2ba Example/User/stm32l0xx_hal_msp.o
 .debug_macro   0x00001c35      0x2ce Example/User/stm32l0xx_it.o

.debug_line     0x00000000     0x6e56
 .debug_line    0x00000000      0x8ac Drivers/CMSIS/system_stm32l0xx.o
 .debug_line    0x000008ac      0xa3a Drivers/STM32L0xx_HAL_Driver/stm32l0xx_hal.o
 .debug_line    0x000012e6      0x9f8 Drivers/STM32L0xx_HAL_Driver/stm32l0xx_hal_cortex.o
 .debug_line    0x00001cde      0x9f3 Drivers/STM32L0xx_HAL_Driver/stm32l0xx_hal_gpio.o
 .debug_line    0x000026d1      0xc01 Drivers/STM32L0xx_HAL_Driver/stm32l0xx_hal_lptim.o
 .debug_line    0x000032d2      0x9de Drivers/STM32L0xx_HAL_Driver/stm32l0xx_hal_pwr.o
 .debug_line    0x00003cb0      0xb78 Drivers/STM32L0xx_HAL_Driver/stm32l0xx_hal_rcc.o
 .debug_line    0x00004828      0xb3a Drivers/STM32L0xx_HAL_Driver/stm32l0xx_hal_rcc_ex.o
 .debug_line    0x00005362       0xf6 Example/SW4STM32/startup_stm32l053xx.o
 .debug_line    0x00005458      0x8b6 Example/User/main.o
 .debug_line    0x00005d0e      0x89b Example/User/stm32l0xx_hal_msp.o
 .debug_line    0x000065a9      0x8ad Example/User/stm32l0xx_it.o

.debug_str      0x00000000    0x71f40
 .debug_str     0x00000000    0x700f0 Drivers/CMSIS/system_stm32l0xx.o
                              0x703e7 (size before relaxing)
 .debug_str     0x000700f0      0x5b5 Drivers/STM32L0xx_HAL_Driver/stm32l0xx_hal.o
                              0x70969 (size before relaxing)
 .debug_str     0x000706a5      0x2b0 Drivers/STM32L0xx_HAL_Driver/stm32l0xx_hal_cortex.o
                              0x70787 (size before relaxing)
 .debug_str     0x00070955      0x2ff Drivers/STM32L0xx_HAL_Driver/stm32l0xx_hal_gpio.o
                              0x7061a (size before relaxing)
 .debug_str     0x00070c54      0x4bd Drivers/STM32L0xx_HAL_Driver/stm32l0xx_hal_lptim.o
                              0x70754 (size before relaxing)
 .debug_str     0x00071111      0x2ec Drivers/STM32L0xx_HAL_Driver/stm32l0xx_hal_pwr.o
                              0x705f2 (size before relaxing)
 .debug_str     0x000713fd      0x4b0 Drivers/STM32L0xx_HAL_Driver/stm32l0xx_hal_rcc.o
                              0x70922 (size before relaxing)
 .debug_str     0x000718ad      0x405 Drivers/STM32L0xx_HAL_Driver/stm32l0xx_hal_rcc_ex.o
                              0x707db (size before relaxing)
 .debug_str     0x00071cb2      0x124 Example/User/main.o
                              0x70874 (size before relaxing)
 .debug_str     0x00071dd6       0x9f Example/User/stm32l0xx_hal_msp.o
                              0x70603 (size before relaxing)
 .debug_str     0x00071e75       0xcb Example/User/stm32l0xx_it.o
                              0x702c0 (size before relaxing)

.comment        0x00000000       0x6e
 .comment       0x00000000       0x6e Drivers/CMSIS/system_stm32l0xx.o
                                 0x6f (size before relaxing)
 .comment       0x0000006e       0x6f Drivers/STM32L0xx_HAL_Driver/stm32l0xx_hal.o
 .comment       0x0000006e       0x6f Drivers/STM32L0xx_HAL_Driver/stm32l0xx_hal_cortex.o
 .comment       0x0000006e       0x6f Drivers/STM32L0xx_HAL_Driver/stm32l0xx_hal_gpio.o
 .comment       0x0000006e       0x6f Drivers/STM32L0xx_HAL_Driver/stm32l0xx_hal_lptim.o
 .comment       0x0000006e       0x6f Drivers/STM32L0xx_HAL_Driver/stm32l0xx_hal_pwr.o
 .comment       0x0000006e       0x6f Drivers/STM32L0xx_HAL_Driver/stm32l0xx_hal_rcc.o
 .comment       0x0000006e       0x6f Drivers/STM32L0xx_HAL_Driver/stm32l0xx_hal_rcc_ex.o
 .comment       0x0000006e       0x6f Example/User/main.o
 .comment       0x0000006e       0x6f Example/User/stm32l0xx_hal_msp.o
 .comment       0x0000006e       0x6f Example/User/stm32l0xx_it.o

.debug_frame    0x00000000      0xc44
 .debug_frame   0x00000000       0x3c Drivers/CMSIS/system_stm32l0xx.o
 .debug_frame   0x0000003c      0x1c4 Drivers/STM32L0xx_HAL_Driver/stm32l0xx_hal.o
 .debug_frame   0x00000200       0xf4 Drivers/STM32L0xx_HAL_Driver/stm32l0xx_hal_cortex.o
 .debug_frame   0x000002f4       0xbc Drivers/STM32L0xx_HAL_Driver/stm32l0xx_hal_gpio.o
 .debug_frame   0x000003b0      0x3b0 Drivers/STM32L0xx_HAL_Driver/stm32l0xx_hal_lptim.o
 .debug_frame   0x00000760      0x13c Drivers/STM32L0xx_HAL_Driver/stm32l0xx_hal_pwr.o
 .debug_frame   0x0000089c      0x134 Drivers/STM32L0xx_HAL_Driver/stm32l0xx_hal_rcc.o
 .debug_frame   0x000009d0      0x12c Drivers/STM32L0xx_HAL_Driver/stm32l0xx_hal_rcc_ex.o
 .debug_frame   0x00000afc       0x30 Example/User/main.o
 .debug_frame   0x00000b2c       0x54 Example/User/stm32l0xx_hal_msp.o
 .debug_frame   0x00000b80       0x78 Example/User/stm32l0xx_it.o
 .debug_frame   0x00000bf8       0x20 c:/ac6/systemworkbench/plugins/fr.ac6.mcu.externaltools.arm-none.win32_1.7.0.201602121829/tools/compiler/bin/../lib/gcc/arm-none-eabi/5.2.1/armv6-m\libgcc.a(_udivsi3.o)
 .debug_frame   0x00000c18       0x2c c:/ac6/systemworkbench/plugins/fr.ac6.mcu.externaltools.arm-none.win32_1.7.0.201602121829/tools/compiler/bin/../lib/gcc/arm-none-eabi/5.2.1/../../../../arm-none-eabi/lib/armv6-m\libc_nano.a(lib_a-init.o)
