Archive member included to satisfy reference by file (symbol)

c:/ac6/systemworkbench/plugins/fr.ac6.mcu.externaltools.arm-none.win32_1.7.0.201602121829/tools/compiler/bin/../lib/gcc/arm-none-eabi/5.2.1/../../../../arm-none-eabi/lib/armv6-m\libc.a(lib_a-exit.o)
                              c:/ac6/systemworkbench/plugins/fr.ac6.mcu.externaltools.arm-none.win32_1.7.0.201602121829/tools/compiler/bin/../lib/gcc/arm-none-eabi/5.2.1/../../../../arm-none-eabi/lib/armv6-m/crt0.o (exit)
c:/ac6/systemworkbench/plugins/fr.ac6.mcu.externaltools.arm-none.win32_1.7.0.201602121829/tools/compiler/bin/../lib/gcc/arm-none-eabi/5.2.1/../../../../arm-none-eabi/lib/armv6-m\libc.a(lib_a-impure.o)
                              c:/ac6/systemworkbench/plugins/fr.ac6.mcu.externaltools.arm-none.win32_1.7.0.201602121829/tools/compiler/bin/../lib/gcc/arm-none-eabi/5.2.1/../../../../arm-none-eabi/lib/armv6-m\libc.a(lib_a-exit.o) (_global_impure_ptr)
c:/ac6/systemworkbench/plugins/fr.ac6.mcu.externaltools.arm-none.win32_1.7.0.201602121829/tools/compiler/bin/../lib/gcc/arm-none-eabi/5.2.1/../../../../arm-none-eabi/lib/armv6-m\libc.a(lib_a-init.o)
                              c:/ac6/systemworkbench/plugins/fr.ac6.mcu.externaltools.arm-none.win32_1.7.0.201602121829/tools/compiler/bin/../lib/gcc/arm-none-eabi/5.2.1/../../../../arm-none-eabi/lib/armv6-m/crt0.o (__libc_init_array)
c:/ac6/systemworkbench/plugins/fr.ac6.mcu.externaltools.arm-none.win32_1.7.0.201602121829/tools/compiler/bin/../lib/gcc/arm-none-eabi/5.2.1/../../../../arm-none-eabi/lib/armv6-m\libc.a(lib_a-memset.o)
                              c:/ac6/systemworkbench/plugins/fr.ac6.mcu.externaltools.arm-none.win32_1.7.0.201602121829/tools/compiler/bin/../lib/gcc/arm-none-eabi/5.2.1/../../../../arm-none-eabi/lib/armv6-m/crt0.o (memset)
c:/ac6/systemworkbench/plugins/fr.ac6.mcu.externaltools.arm-none.win32_1.7.0.201602121829/tools/compiler/bin/../lib/gcc/arm-none-eabi/5.2.1/../../../../arm-none-eabi/lib/armv6-m\libc.a(lib_a-__call_atexit.o)
                              c:/ac6/systemworkbench/plugins/fr.ac6.mcu.externaltools.arm-none.win32_1.7.0.201602121829/tools/compiler/bin/../lib/gcc/arm-none-eabi/5.2.1/../../../../arm-none-eabi/lib/armv6-m\libc.a(lib_a-exit.o) (__call_exitprocs)
c:/ac6/systemworkbench/plugins/fr.ac6.mcu.externaltools.arm-none.win32_1.7.0.201602121829/tools/compiler/bin/../lib/gcc/arm-none-eabi/5.2.1/../../../../arm-none-eabi/lib/armv6-m\libc.a(lib_a-atexit.o)
                              c:/ac6/systemworkbench/plugins/fr.ac6.mcu.externaltools.arm-none.win32_1.7.0.201602121829/tools/compiler/bin/../lib/gcc/arm-none-eabi/5.2.1/../../../../arm-none-eabi/lib/armv6-m\libc.a(lib_a-__call_atexit.o) (atexit)
c:/ac6/systemworkbench/plugins/fr.ac6.mcu.externaltools.arm-none.win32_1.7.0.201602121829/tools/compiler/bin/../lib/gcc/arm-none-eabi/5.2.1/../../../../arm-none-eabi/lib/armv6-m\libc.a(lib_a-fini.o)
                              c:/ac6/systemworkbench/plugins/fr.ac6.mcu.externaltools.arm-none.win32_1.7.0.201602121829/tools/compiler/bin/../lib/gcc/arm-none-eabi/5.2.1/../../../../arm-none-eabi/lib/armv6-m\libc.a(lib_a-__call_atexit.o) (__libc_fini_array)
c:/ac6/systemworkbench/plugins/fr.ac6.mcu.externaltools.arm-none.win32_1.7.0.201602121829/tools/compiler/bin/../lib/gcc/arm-none-eabi/5.2.1/../../../../arm-none-eabi/lib/armv6-m\libc.a(lib_a-__atexit.o)
                              c:/ac6/systemworkbench/plugins/fr.ac6.mcu.externaltools.arm-none.win32_1.7.0.201602121829/tools/compiler/bin/../lib/gcc/arm-none-eabi/5.2.1/../../../../arm-none-eabi/lib/armv6-m\libc.a(lib_a-atexit.o) (__register_exitproc)

Allocating common symbols
Common symbol       size              file

tmp                 0x4               src/main.o
DeviceState         0x4               src/main.o
SoftwareEvents      0x2               src/main.o
UartRxCounter       0x1               src/main.o
HardwareEvents      0x2               src/main.o
UartRxBuffer        0x20              src/main.o
Uart2Tx             0x22              src/main.o
uint8tmp            0x1               src/main.o

Discarded input sections

 .text          0x00000000        0x0 c:/ac6/systemworkbench/plugins/fr.ac6.mcu.externaltools.arm-none.win32_1.7.0.201602121829/tools/compiler/bin/../lib/gcc/arm-none-eabi/5.2.1/armv6-m/crti.o
 .data          0x00000000        0x0 c:/ac6/systemworkbench/plugins/fr.ac6.mcu.externaltools.arm-none.win32_1.7.0.201602121829/tools/compiler/bin/../lib/gcc/arm-none-eabi/5.2.1/armv6-m/crti.o
 .bss           0x00000000        0x0 c:/ac6/systemworkbench/plugins/fr.ac6.mcu.externaltools.arm-none.win32_1.7.0.201602121829/tools/compiler/bin/../lib/gcc/arm-none-eabi/5.2.1/armv6-m/crti.o
 .data          0x00000000        0x4 c:/ac6/systemworkbench/plugins/fr.ac6.mcu.externaltools.arm-none.win32_1.7.0.201602121829/tools/compiler/bin/../lib/gcc/arm-none-eabi/5.2.1/armv6-m/crtbegin.o
 .text          0x00000000       0x78 c:/ac6/systemworkbench/plugins/fr.ac6.mcu.externaltools.arm-none.win32_1.7.0.201602121829/tools/compiler/bin/../lib/gcc/arm-none-eabi/5.2.1/../../../../arm-none-eabi/lib/armv6-m/crt0.o
 .data          0x00000000        0x0 c:/ac6/systemworkbench/plugins/fr.ac6.mcu.externaltools.arm-none.win32_1.7.0.201602121829/tools/compiler/bin/../lib/gcc/arm-none-eabi/5.2.1/../../../../arm-none-eabi/lib/armv6-m/crt0.o
 .bss           0x00000000        0x0 c:/ac6/systemworkbench/plugins/fr.ac6.mcu.externaltools.arm-none.win32_1.7.0.201602121829/tools/compiler/bin/../lib/gcc/arm-none-eabi/5.2.1/../../../../arm-none-eabi/lib/armv6-m/crt0.o
 .ARM.extab     0x00000000        0x0 c:/ac6/systemworkbench/plugins/fr.ac6.mcu.externaltools.arm-none.win32_1.7.0.201602121829/tools/compiler/bin/../lib/gcc/arm-none-eabi/5.2.1/../../../../arm-none-eabi/lib/armv6-m/crt0.o
 .ARM.exidx     0x00000000        0x8 c:/ac6/systemworkbench/plugins/fr.ac6.mcu.externaltools.arm-none.win32_1.7.0.201602121829/tools/compiler/bin/../lib/gcc/arm-none-eabi/5.2.1/../../../../arm-none-eabi/lib/armv6-m/crt0.o
 .ARM.attributes
                0x00000000       0x1b c:/ac6/systemworkbench/plugins/fr.ac6.mcu.externaltools.arm-none.win32_1.7.0.201602121829/tools/compiler/bin/../lib/gcc/arm-none-eabi/5.2.1/../../../../arm-none-eabi/lib/armv6-m/crt0.o
 .group         0x00000000        0x8 src/main.o
 .group         0x00000000        0x8 src/main.o
 .group         0x00000000        0x8 src/main.o
 .group         0x00000000        0x8 src/main.o
 .group         0x00000000        0x8 src/main.o
 .group         0x00000000        0x8 src/main.o
 .group         0x00000000        0x8 src/main.o
 .group         0x00000000        0x8 src/main.o
 .group         0x00000000        0x8 src/main.o
 .group         0x00000000        0x8 src/main.o
 .group         0x00000000        0x8 src/main.o
 .group         0x00000000        0x8 src/main.o
 .group         0x00000000        0x8 src/main.o
 .group         0x00000000        0x8 src/main.o
 .group         0x00000000        0x8 src/main.o
 .group         0x00000000        0x8 src/main.o
 .group         0x00000000        0x8 src/main.o
 .group         0x00000000        0x8 src/main.o
 .group         0x00000000        0x8 src/main.o
 .group         0x00000000        0x8 src/main.o
 .group         0x00000000        0x8 src/main.o
 .group         0x00000000        0x8 src/main.o
 .group         0x00000000        0x8 src/main.o
 .group         0x00000000        0x8 src/main.o
 .group         0x00000000        0x8 src/main.o
 .group         0x00000000        0x8 src/main.o
 .group         0x00000000        0x8 src/main.o
 .group         0x00000000        0x8 src/main.o
 .group         0x00000000        0x8 src/main.o
 .group         0x00000000        0x8 src/main.o
 .group         0x00000000        0x8 src/main.o
 .group         0x00000000        0x8 src/main.o
 .group         0x00000000        0x8 src/main.o
 .group         0x00000000        0x8 src/main.o
 .group         0x00000000        0x8 src/main.o
 .text          0x00000000        0x0 src/main.o
 .data          0x00000000        0x0 src/main.o
 .bss           0x00000000        0x0 src/main.o
 .group         0x00000000        0x8 src/stm32l05x_board.o
 .group         0x00000000        0x8 src/stm32l05x_board.o
 .group         0x00000000        0x8 src/stm32l05x_board.o
 .group         0x00000000        0x8 src/stm32l05x_board.o
 .group         0x00000000        0x8 src/stm32l05x_board.o
 .group         0x00000000        0x8 src/stm32l05x_board.o
 .group         0x00000000        0x8 src/stm32l05x_board.o
 .group         0x00000000        0x8 src/stm32l05x_board.o
 .group         0x00000000        0x8 src/stm32l05x_board.o
 .group         0x00000000        0x8 src/stm32l05x_board.o
 .group         0x00000000        0x8 src/stm32l05x_board.o
 .group         0x00000000        0x8 src/stm32l05x_board.o
 .group         0x00000000        0x8 src/stm32l05x_board.o
 .group         0x00000000        0x8 src/stm32l05x_board.o
 .group         0x00000000        0x8 src/stm32l05x_board.o
 .group         0x00000000        0x8 src/stm32l05x_board.o
 .group         0x00000000        0x8 src/stm32l05x_board.o
 .group         0x00000000        0x8 src/stm32l05x_board.o
 .group         0x00000000        0x8 src/stm32l05x_board.o
 .group         0x00000000        0x8 src/stm32l05x_board.o
 .group         0x00000000        0x8 src/stm32l05x_board.o
 .group         0x00000000        0x8 src/stm32l05x_board.o
 .group         0x00000000        0x8 src/stm32l05x_board.o
 .group         0x00000000        0x8 src/stm32l05x_board.o
 .group         0x00000000        0x8 src/stm32l05x_board.o
 .group         0x00000000        0x8 src/stm32l05x_board.o
 .group         0x00000000        0x8 src/stm32l05x_board.o
 .group         0x00000000        0x8 src/stm32l05x_board.o
 .group         0x00000000        0x8 src/stm32l05x_board.o
 .group         0x00000000        0x8 src/stm32l05x_board.o
 .group         0x00000000        0x8 src/stm32l05x_board.o
 .group         0x00000000        0x8 src/stm32l05x_board.o
 .group         0x00000000        0x8 src/stm32l05x_board.o
 .group         0x00000000        0x8 src/stm32l05x_board.o
 .group         0x00000000        0x8 src/stm32l05x_board.o
 .group         0x00000000        0x8 src/stm32l05x_board.o
 .group         0x00000000        0x8 src/stm32l05x_board.o
 .text          0x00000000        0x0 src/stm32l05x_board.o
 .data          0x00000000        0x0 src/stm32l05x_board.o
 .bss           0x00000000        0x0 src/stm32l05x_board.o
 .text.LL_LPM_EnableDeepSleep
                0x00000000       0x1c src/stm32l05x_board.o
 .text.LL_PWR_SetPowerMode
                0x00000000       0x28 src/stm32l05x_board.o
 .text.LL_PWR_EnableWakeUpPin
                0x00000000       0x20 src/stm32l05x_board.o
 .text.LL_PWR_ClearFlag_SB
                0x00000000       0x1c src/stm32l05x_board.o
 .text.LL_PWR_ClearFlag_WU
                0x00000000       0x1c src/stm32l05x_board.o
 .text.uart1Transmit
                0x00000000       0x3c src/stm32l05x_board.o
 .text.lpUartTransmit
                0x00000000       0x34 src/stm32l05x_board.o
 .text.spiAccessRegisters
                0x00000000       0x68 src/stm32l05x_board.o
 .text.boardRedLedOn
                0x00000000       0x18 src/stm32l05x_board.o
 .text.boardRedLedOff
                0x00000000       0x18 src/stm32l05x_board.o
 .text.boardRedLedToggle
                0x00000000       0x24 src/stm32l05x_board.o
 .text.driveRfSwitch
                0x00000000       0x38 src/stm32l05x_board.o
 .text.driveGreenLed
                0x00000000       0x28 src/stm32l05x_board.o
 .text.driveRedLed
                0x00000000       0x28 src/stm32l05x_board.o
 .text.enterSleep
                0x00000000       0x2c src/stm32l05x_board.o
 .text.enterStandby
                0x00000000       0x2c src/stm32l05x_board.o
 .debug_macro   0x00000000      0x826 src/stm32l05x_board.o
 .debug_macro   0x00000000       0x28 src/stm32l05x_board.o
 .debug_macro   0x00000000       0x22 src/stm32l05x_board.o
 .debug_macro   0x00000000       0x44 src/stm32l05x_board.o
 .debug_macro   0x00000000       0xfd src/stm32l05x_board.o
 .debug_macro   0x00000000       0x22 src/stm32l05x_board.o
 .debug_macro   0x00000000      0x1df src/stm32l05x_board.o
 .debug_macro   0x00000000       0x34 src/stm32l05x_board.o
 .debug_macro   0x00000000       0x26 src/stm32l05x_board.o
 .debug_macro   0x00000000      0x44f src/stm32l05x_board.o
 .debug_macro   0x00000000     0x8202 src/stm32l05x_board.o
 .debug_macro   0x00000000       0x2e src/stm32l05x_board.o
 .debug_macro   0x00000000       0x3c src/stm32l05x_board.o
 .debug_macro   0x00000000      0x196 src/stm32l05x_board.o
 .debug_macro   0x00000000      0x4b3 src/stm32l05x_board.o
 .debug_macro   0x00000000       0xd6 src/stm32l05x_board.o
 .debug_macro   0x00000000       0xc5 src/stm32l05x_board.o
 .debug_macro   0x00000000      0x1ae src/stm32l05x_board.o
 .debug_macro   0x00000000      0x23b src/stm32l05x_board.o
 .debug_macro   0x00000000       0x58 src/stm32l05x_board.o
 .debug_macro   0x00000000       0x35 src/stm32l05x_board.o
 .debug_macro   0x00000000       0x9c src/stm32l05x_board.o
 .debug_macro   0x00000000       0x16 src/stm32l05x_board.o
 .debug_macro   0x00000000      0x10e src/stm32l05x_board.o
 .debug_macro   0x00000000       0x8d src/stm32l05x_board.o
 .debug_macro   0x00000000       0x52 src/stm32l05x_board.o
 .debug_macro   0x00000000       0x16 src/stm32l05x_board.o
 .debug_macro   0x00000000       0x43 src/stm32l05x_board.o
 .debug_macro   0x00000000      0x187 src/stm32l05x_board.o
 .debug_macro   0x00000000      0x329 src/stm32l05x_board.o
 .debug_macro   0x00000000       0x16 src/stm32l05x_board.o
 .debug_macro   0x00000000       0x29 src/stm32l05x_board.o
 .debug_macro   0x00000000       0x16 src/stm32l05x_board.o
 .debug_macro   0x00000000       0x35 src/stm32l05x_board.o
 .group         0x00000000        0x8 src/stm32l0xx_it.o
 .group         0x00000000        0x8 src/stm32l0xx_it.o
 .group         0x00000000        0x8 src/stm32l0xx_it.o
 .group         0x00000000        0x8 src/stm32l0xx_it.o
 .group         0x00000000        0x8 src/stm32l0xx_it.o
 .group         0x00000000        0x8 src/stm32l0xx_it.o
 .group         0x00000000        0x8 src/stm32l0xx_it.o
 .group         0x00000000        0x8 src/stm32l0xx_it.o
 .group         0x00000000        0x8 src/stm32l0xx_it.o
 .group         0x00000000        0x8 src/stm32l0xx_it.o
 .group         0x00000000        0x8 src/stm32l0xx_it.o
 .group         0x00000000        0x8 src/stm32l0xx_it.o
 .group         0x00000000        0x8 src/stm32l0xx_it.o
 .group         0x00000000        0x8 src/stm32l0xx_it.o
 .group         0x00000000        0x8 src/stm32l0xx_it.o
 .group         0x00000000        0x8 src/stm32l0xx_it.o
 .group         0x00000000        0x8 src/stm32l0xx_it.o
 .group         0x00000000        0x8 src/stm32l0xx_it.o
 .group         0x00000000        0x8 src/stm32l0xx_it.o
 .group         0x00000000        0x8 src/stm32l0xx_it.o
 .group         0x00000000        0x8 src/stm32l0xx_it.o
 .group         0x00000000        0x8 src/stm32l0xx_it.o
 .group         0x00000000        0x8 src/stm32l0xx_it.o
 .group         0x00000000        0x8 src/stm32l0xx_it.o
 .group         0x00000000        0x8 src/stm32l0xx_it.o
 .group         0x00000000        0x8 src/stm32l0xx_it.o
 .group         0x00000000        0x8 src/stm32l0xx_it.o
 .group         0x00000000        0x8 src/stm32l0xx_it.o
 .group         0x00000000        0x8 src/stm32l0xx_it.o
 .group         0x00000000        0x8 src/stm32l0xx_it.o
 .group         0x00000000        0x8 src/stm32l0xx_it.o
 .group         0x00000000        0x8 src/stm32l0xx_it.o
 .group         0x00000000        0x8 src/stm32l0xx_it.o
 .text          0x00000000        0x0 src/stm32l0xx_it.o
 .data          0x00000000        0x0 src/stm32l0xx_it.o
 .bss           0x00000000        0x0 src/stm32l0xx_it.o
 .text.DebugMon_Handler
                0x00000000        0xc src/stm32l0xx_it.o
 .text.TIM6_IRQHandler
                0x00000000        0xc src/stm32l0xx_it.o
 .debug_macro   0x00000000      0x826 src/stm32l0xx_it.o
 .debug_macro   0x00000000       0x28 src/stm32l0xx_it.o
 .debug_macro   0x00000000       0x22 src/stm32l0xx_it.o
 .debug_macro   0x00000000       0x44 src/stm32l0xx_it.o
 .debug_macro   0x00000000       0xfd src/stm32l0xx_it.o
 .debug_macro   0x00000000       0x22 src/stm32l0xx_it.o
 .debug_macro   0x00000000      0x1df src/stm32l0xx_it.o
 .debug_macro   0x00000000       0x34 src/stm32l0xx_it.o
 .debug_macro   0x00000000       0x26 src/stm32l0xx_it.o
 .debug_macro   0x00000000      0x44f src/stm32l0xx_it.o
 .debug_macro   0x00000000     0x8202 src/stm32l0xx_it.o
 .debug_macro   0x00000000       0x2e src/stm32l0xx_it.o
 .debug_macro   0x00000000       0x3c src/stm32l0xx_it.o
 .debug_macro   0x00000000      0x196 src/stm32l0xx_it.o
 .debug_macro   0x00000000      0x4b3 src/stm32l0xx_it.o
 .debug_macro   0x00000000       0xd6 src/stm32l0xx_it.o
 .debug_macro   0x00000000       0xc5 src/stm32l0xx_it.o
 .debug_macro   0x00000000      0x1ae src/stm32l0xx_it.o
 .debug_macro   0x00000000      0x23b src/stm32l0xx_it.o
 .debug_macro   0x00000000       0x58 src/stm32l0xx_it.o
 .debug_macro   0x00000000       0x35 src/stm32l0xx_it.o
 .debug_macro   0x00000000       0x9c src/stm32l0xx_it.o
 .debug_macro   0x00000000       0x16 src/stm32l0xx_it.o
 .debug_macro   0x00000000      0x10e src/stm32l0xx_it.o
 .debug_macro   0x00000000       0x8d src/stm32l0xx_it.o
 .debug_macro   0x00000000       0x52 src/stm32l0xx_it.o
 .debug_macro   0x00000000       0x16 src/stm32l0xx_it.o
 .debug_macro   0x00000000       0x43 src/stm32l0xx_it.o
 .debug_macro   0x00000000      0x187 src/stm32l0xx_it.o
 .debug_macro   0x00000000      0x329 src/stm32l0xx_it.o
 .debug_macro   0x00000000       0x16 src/stm32l0xx_it.o
 .debug_macro   0x00000000       0x29 src/stm32l0xx_it.o
 .debug_macro   0x00000000      0x138 src/stm32l0xx_it.o
 .text          0x00000000       0x14 startup/startup_stm32l053xx.o
 .data          0x00000000        0x0 startup/startup_stm32l053xx.o
 .bss           0x00000000        0x0 startup/startup_stm32l053xx.o
 .text          0x00000000        0x0 c:/ac6/systemworkbench/plugins/fr.ac6.mcu.externaltools.arm-none.win32_1.7.0.201602121829/tools/compiler/bin/../lib/gcc/arm-none-eabi/5.2.1/../../../../arm-none-eabi/lib/armv6-m\libc.a(lib_a-exit.o)
 .data          0x00000000        0x0 c:/ac6/systemworkbench/plugins/fr.ac6.mcu.externaltools.arm-none.win32_1.7.0.201602121829/tools/compiler/bin/../lib/gcc/arm-none-eabi/5.2.1/../../../../arm-none-eabi/lib/armv6-m\libc.a(lib_a-exit.o)
 .bss           0x00000000        0x0 c:/ac6/systemworkbench/plugins/fr.ac6.mcu.externaltools.arm-none.win32_1.7.0.201602121829/tools/compiler/bin/../lib/gcc/arm-none-eabi/5.2.1/../../../../arm-none-eabi/lib/armv6-m\libc.a(lib_a-exit.o)
 .text.exit     0x00000000       0x20 c:/ac6/systemworkbench/plugins/fr.ac6.mcu.externaltools.arm-none.win32_1.7.0.201602121829/tools/compiler/bin/../lib/gcc/arm-none-eabi/5.2.1/../../../../arm-none-eabi/lib/armv6-m\libc.a(lib_a-exit.o)
 .debug_frame   0x00000000       0x28 c:/ac6/systemworkbench/plugins/fr.ac6.mcu.externaltools.arm-none.win32_1.7.0.201602121829/tools/compiler/bin/../lib/gcc/arm-none-eabi/5.2.1/../../../../arm-none-eabi/lib/armv6-m\libc.a(lib_a-exit.o)
 .ARM.attributes
                0x00000000       0x2c c:/ac6/systemworkbench/plugins/fr.ac6.mcu.externaltools.arm-none.win32_1.7.0.201602121829/tools/compiler/bin/../lib/gcc/arm-none-eabi/5.2.1/../../../../arm-none-eabi/lib/armv6-m\libc.a(lib_a-exit.o)
 .text          0x00000000        0x0 c:/ac6/systemworkbench/plugins/fr.ac6.mcu.externaltools.arm-none.win32_1.7.0.201602121829/tools/compiler/bin/../lib/gcc/arm-none-eabi/5.2.1/../../../../arm-none-eabi/lib/armv6-m\libc.a(lib_a-impure.o)
 .data          0x00000000        0x0 c:/ac6/systemworkbench/plugins/fr.ac6.mcu.externaltools.arm-none.win32_1.7.0.201602121829/tools/compiler/bin/../lib/gcc/arm-none-eabi/5.2.1/../../../../arm-none-eabi/lib/armv6-m\libc.a(lib_a-impure.o)
 .bss           0x00000000        0x0 c:/ac6/systemworkbench/plugins/fr.ac6.mcu.externaltools.arm-none.win32_1.7.0.201602121829/tools/compiler/bin/../lib/gcc/arm-none-eabi/5.2.1/../../../../arm-none-eabi/lib/armv6-m\libc.a(lib_a-impure.o)
 .data._impure_ptr
                0x00000000        0x4 c:/ac6/systemworkbench/plugins/fr.ac6.mcu.externaltools.arm-none.win32_1.7.0.201602121829/tools/compiler/bin/../lib/gcc/arm-none-eabi/5.2.1/../../../../arm-none-eabi/lib/armv6-m\libc.a(lib_a-impure.o)
 .text          0x00000000        0x0 c:/ac6/systemworkbench/plugins/fr.ac6.mcu.externaltools.arm-none.win32_1.7.0.201602121829/tools/compiler/bin/../lib/gcc/arm-none-eabi/5.2.1/../../../../arm-none-eabi/lib/armv6-m\libc.a(lib_a-init.o)
 .data          0x00000000        0x0 c:/ac6/systemworkbench/plugins/fr.ac6.mcu.externaltools.arm-none.win32_1.7.0.201602121829/tools/compiler/bin/../lib/gcc/arm-none-eabi/5.2.1/../../../../arm-none-eabi/lib/armv6-m\libc.a(lib_a-init.o)
 .bss           0x00000000        0x0 c:/ac6/systemworkbench/plugins/fr.ac6.mcu.externaltools.arm-none.win32_1.7.0.201602121829/tools/compiler/bin/../lib/gcc/arm-none-eabi/5.2.1/../../../../arm-none-eabi/lib/armv6-m\libc.a(lib_a-init.o)
 .text          0x00000000        0x0 c:/ac6/systemworkbench/plugins/fr.ac6.mcu.externaltools.arm-none.win32_1.7.0.201602121829/tools/compiler/bin/../lib/gcc/arm-none-eabi/5.2.1/../../../../arm-none-eabi/lib/armv6-m\libc.a(lib_a-memset.o)
 .data          0x00000000        0x0 c:/ac6/systemworkbench/plugins/fr.ac6.mcu.externaltools.arm-none.win32_1.7.0.201602121829/tools/compiler/bin/../lib/gcc/arm-none-eabi/5.2.1/../../../../arm-none-eabi/lib/armv6-m\libc.a(lib_a-memset.o)
 .bss           0x00000000        0x0 c:/ac6/systemworkbench/plugins/fr.ac6.mcu.externaltools.arm-none.win32_1.7.0.201602121829/tools/compiler/bin/../lib/gcc/arm-none-eabi/5.2.1/../../../../arm-none-eabi/lib/armv6-m\libc.a(lib_a-memset.o)
 .text.memset   0x00000000       0x8c c:/ac6/systemworkbench/plugins/fr.ac6.mcu.externaltools.arm-none.win32_1.7.0.201602121829/tools/compiler/bin/../lib/gcc/arm-none-eabi/5.2.1/../../../../arm-none-eabi/lib/armv6-m\libc.a(lib_a-memset.o)
 .debug_frame   0x00000000       0x2c c:/ac6/systemworkbench/plugins/fr.ac6.mcu.externaltools.arm-none.win32_1.7.0.201602121829/tools/compiler/bin/../lib/gcc/arm-none-eabi/5.2.1/../../../../arm-none-eabi/lib/armv6-m\libc.a(lib_a-memset.o)
 .ARM.attributes
                0x00000000       0x2c c:/ac6/systemworkbench/plugins/fr.ac6.mcu.externaltools.arm-none.win32_1.7.0.201602121829/tools/compiler/bin/../lib/gcc/arm-none-eabi/5.2.1/../../../../arm-none-eabi/lib/armv6-m\libc.a(lib_a-memset.o)
 .text          0x00000000        0x0 c:/ac6/systemworkbench/plugins/fr.ac6.mcu.externaltools.arm-none.win32_1.7.0.201602121829/tools/compiler/bin/../lib/gcc/arm-none-eabi/5.2.1/../../../../arm-none-eabi/lib/armv6-m\libc.a(lib_a-__call_atexit.o)
 .data          0x00000000        0x0 c:/ac6/systemworkbench/plugins/fr.ac6.mcu.externaltools.arm-none.win32_1.7.0.201602121829/tools/compiler/bin/../lib/gcc/arm-none-eabi/5.2.1/../../../../arm-none-eabi/lib/armv6-m\libc.a(lib_a-__call_atexit.o)
 .bss           0x00000000        0x0 c:/ac6/systemworkbench/plugins/fr.ac6.mcu.externaltools.arm-none.win32_1.7.0.201602121829/tools/compiler/bin/../lib/gcc/arm-none-eabi/5.2.1/../../../../arm-none-eabi/lib/armv6-m\libc.a(lib_a-__call_atexit.o)
 .text.__call_exitprocs
                0x00000000       0xfc c:/ac6/systemworkbench/plugins/fr.ac6.mcu.externaltools.arm-none.win32_1.7.0.201602121829/tools/compiler/bin/../lib/gcc/arm-none-eabi/5.2.1/../../../../arm-none-eabi/lib/armv6-m\libc.a(lib_a-__call_atexit.o)
 .text          0x00000000        0x0 c:/ac6/systemworkbench/plugins/fr.ac6.mcu.externaltools.arm-none.win32_1.7.0.201602121829/tools/compiler/bin/../lib/gcc/arm-none-eabi/5.2.1/../../../../arm-none-eabi/lib/armv6-m\libc.a(lib_a-atexit.o)
 .data          0x00000000        0x0 c:/ac6/systemworkbench/plugins/fr.ac6.mcu.externaltools.arm-none.win32_1.7.0.201602121829/tools/compiler/bin/../lib/gcc/arm-none-eabi/5.2.1/../../../../arm-none-eabi/lib/armv6-m\libc.a(lib_a-atexit.o)
 .bss           0x00000000        0x0 c:/ac6/systemworkbench/plugins/fr.ac6.mcu.externaltools.arm-none.win32_1.7.0.201602121829/tools/compiler/bin/../lib/gcc/arm-none-eabi/5.2.1/../../../../arm-none-eabi/lib/armv6-m\libc.a(lib_a-atexit.o)
 .text          0x00000000        0x0 c:/ac6/systemworkbench/plugins/fr.ac6.mcu.externaltools.arm-none.win32_1.7.0.201602121829/tools/compiler/bin/../lib/gcc/arm-none-eabi/5.2.1/../../../../arm-none-eabi/lib/armv6-m\libc.a(lib_a-fini.o)
 .data          0x00000000        0x0 c:/ac6/systemworkbench/plugins/fr.ac6.mcu.externaltools.arm-none.win32_1.7.0.201602121829/tools/compiler/bin/../lib/gcc/arm-none-eabi/5.2.1/../../../../arm-none-eabi/lib/armv6-m\libc.a(lib_a-fini.o)
 .bss           0x00000000        0x0 c:/ac6/systemworkbench/plugins/fr.ac6.mcu.externaltools.arm-none.win32_1.7.0.201602121829/tools/compiler/bin/../lib/gcc/arm-none-eabi/5.2.1/../../../../arm-none-eabi/lib/armv6-m\libc.a(lib_a-fini.o)
 .text          0x00000000        0x0 c:/ac6/systemworkbench/plugins/fr.ac6.mcu.externaltools.arm-none.win32_1.7.0.201602121829/tools/compiler/bin/../lib/gcc/arm-none-eabi/5.2.1/../../../../arm-none-eabi/lib/armv6-m\libc.a(lib_a-__atexit.o)
 .data          0x00000000        0x0 c:/ac6/systemworkbench/plugins/fr.ac6.mcu.externaltools.arm-none.win32_1.7.0.201602121829/tools/compiler/bin/../lib/gcc/arm-none-eabi/5.2.1/../../../../arm-none-eabi/lib/armv6-m\libc.a(lib_a-__atexit.o)
 .bss           0x00000000        0x0 c:/ac6/systemworkbench/plugins/fr.ac6.mcu.externaltools.arm-none.win32_1.7.0.201602121829/tools/compiler/bin/../lib/gcc/arm-none-eabi/5.2.1/../../../../arm-none-eabi/lib/armv6-m\libc.a(lib_a-__atexit.o)
 .text          0x00000000        0x0 c:/ac6/systemworkbench/plugins/fr.ac6.mcu.externaltools.arm-none.win32_1.7.0.201602121829/tools/compiler/bin/../lib/gcc/arm-none-eabi/5.2.1/armv6-m/crtend.o
 .data          0x00000000        0x0 c:/ac6/systemworkbench/plugins/fr.ac6.mcu.externaltools.arm-none.win32_1.7.0.201602121829/tools/compiler/bin/../lib/gcc/arm-none-eabi/5.2.1/armv6-m/crtend.o
 .bss           0x00000000        0x0 c:/ac6/systemworkbench/plugins/fr.ac6.mcu.externaltools.arm-none.win32_1.7.0.201602121829/tools/compiler/bin/../lib/gcc/arm-none-eabi/5.2.1/armv6-m/crtend.o
 .eh_frame      0x00000000        0x4 c:/ac6/systemworkbench/plugins/fr.ac6.mcu.externaltools.arm-none.win32_1.7.0.201602121829/tools/compiler/bin/../lib/gcc/arm-none-eabi/5.2.1/armv6-m/crtend.o
 .jcr           0x00000000        0x4 c:/ac6/systemworkbench/plugins/fr.ac6.mcu.externaltools.arm-none.win32_1.7.0.201602121829/tools/compiler/bin/../lib/gcc/arm-none-eabi/5.2.1/armv6-m/crtend.o
 .text          0x00000000        0x0 c:/ac6/systemworkbench/plugins/fr.ac6.mcu.externaltools.arm-none.win32_1.7.0.201602121829/tools/compiler/bin/../lib/gcc/arm-none-eabi/5.2.1/armv6-m/crtn.o
 .data          0x00000000        0x0 c:/ac6/systemworkbench/plugins/fr.ac6.mcu.externaltools.arm-none.win32_1.7.0.201602121829/tools/compiler/bin/../lib/gcc/arm-none-eabi/5.2.1/armv6-m/crtn.o
 .bss           0x00000000        0x0 c:/ac6/systemworkbench/plugins/fr.ac6.mcu.externaltools.arm-none.win32_1.7.0.201602121829/tools/compiler/bin/../lib/gcc/arm-none-eabi/5.2.1/armv6-m/crtn.o

Memory Configuration

Name             Origin             Length             Attributes
RAM              0x20000000         0x00002000         xrw
ROM              0x08000000         0x00010000         xr
*default*        0x00000000         0xffffffff

Linker script and memory map

LOAD c:/ac6/systemworkbench/plugins/fr.ac6.mcu.externaltools.arm-none.win32_1.7.0.201602121829/tools/compiler/bin/../lib/gcc/arm-none-eabi/5.2.1/armv6-m/crti.o
LOAD c:/ac6/systemworkbench/plugins/fr.ac6.mcu.externaltools.arm-none.win32_1.7.0.201602121829/tools/compiler/bin/../lib/gcc/arm-none-eabi/5.2.1/armv6-m/crtbegin.o
LOAD c:/ac6/systemworkbench/plugins/fr.ac6.mcu.externaltools.arm-none.win32_1.7.0.201602121829/tools/compiler/bin/../lib/gcc/arm-none-eabi/5.2.1/../../../../arm-none-eabi/lib/armv6-m/crt0.o
LOAD c:/ac6/systemworkbench/plugins/fr.ac6.mcu.externaltools.arm-none.win32_1.7.0.201602121829/tools/compiler/bin/../lib/gcc/arm-none-eabi/5.2.1/../../../../arm-none-eabi/lib/armv6-m\libm.a
LOAD src/main.o
LOAD src/stm32l05x_board.o
LOAD src/stm32l0xx_it.o
LOAD startup/startup_stm32l053xx.o
START GROUP
LOAD c:/ac6/systemworkbench/plugins/fr.ac6.mcu.externaltools.arm-none.win32_1.7.0.201602121829/tools/compiler/bin/../lib/gcc/arm-none-eabi/5.2.1/armv6-m\libgcc.a
LOAD c:/ac6/systemworkbench/plugins/fr.ac6.mcu.externaltools.arm-none.win32_1.7.0.201602121829/tools/compiler/bin/../lib/gcc/arm-none-eabi/5.2.1/../../../../arm-none-eabi/lib/armv6-m\libc.a
END GROUP
LOAD c:/ac6/systemworkbench/plugins/fr.ac6.mcu.externaltools.arm-none.win32_1.7.0.201602121829/tools/compiler/bin/../lib/gcc/arm-none-eabi/5.2.1/armv6-m/crtend.o
LOAD c:/ac6/systemworkbench/plugins/fr.ac6.mcu.externaltools.arm-none.win32_1.7.0.201602121829/tools/compiler/bin/../lib/gcc/arm-none-eabi/5.2.1/armv6-m/crtn.o
                0x20002000                _estack = 0x20002000
                0x00000000                _Min_Heap_Size = 0x0
                0x00000400                _Min_Stack_Size = 0x400

.isr_vector     0x08000000       0xc0
                0x08000000                . = ALIGN (0x4)
 *(.isr_vector)
 .isr_vector    0x08000000       0xc0 startup/startup_stm32l053xx.o
                0x08000000                g_pfnVectors
                0x080000c0                . = ALIGN (0x4)

.text           0x080000c0     0x1118
                0x080000c0                . = ALIGN (0x4)
 *(.text)
 .text          0x080000c0       0xb4 c:/ac6/systemworkbench/plugins/fr.ac6.mcu.externaltools.arm-none.win32_1.7.0.201602121829/tools/compiler/bin/../lib/gcc/arm-none-eabi/5.2.1/armv6-m/crtbegin.o
 *(.text*)
 .text.main     0x08000174       0x50 src/main.o
                0x08000174                main
 .text.NVIC_EnableIRQ
                0x080001c4       0x2c src/stm32l05x_board.o
 .text.NVIC_SetPriority
                0x080001f0       0xdc src/stm32l05x_board.o
 .text.LL_RTC_EnableWriteProtection
                0x080002cc       0x18 src/stm32l05x_board.o
 .text.LL_RTC_DisableWriteProtection
                0x080002e4       0x1c src/stm32l05x_board.o
 .text.LL_RTC_ALMA_Disable
                0x08000300       0x20 src/stm32l05x_board.o
 .text.LL_RTC_IsActiveFlag_ALRAW
                0x08000320       0x20 src/stm32l05x_board.o
 .text.LL_RTC_EnableIT_ALRA
                0x08000340       0x20 src/stm32l05x_board.o
 .text.LL_EXTI_EnableIT_0_31
                0x08000360       0x20 src/stm32l05x_board.o
 .text.LL_EXTI_EnableRisingTrig_0_31
                0x08000380       0x20 src/stm32l05x_board.o
 .text.LL_PWR_SetRegulVoltageScaling
                0x080003a0       0x28 src/stm32l05x_board.o
 .text.LL_PWR_EnableBkUpAccess
                0x080003c8       0x1c src/stm32l05x_board.o
 .text.LL_PWR_IsEnabledBkUpAccess
                0x080003e4       0x20 src/stm32l05x_board.o
 .text.LL_LPTIM_Enable
                0x08000404       0x1c src/stm32l05x_board.o
 .text.LL_LPTIM_StartCounter
                0x08000420       0x24 src/stm32l05x_board.o
 .text.LL_LPTIM_SetAutoReload
                0x08000444       0x24 src/stm32l05x_board.o
 .text.LL_LPTIM_SetCompare
                0x08000468       0x24 src/stm32l05x_board.o
 .text.LL_LPTIM_SetPrescaler
                0x0800048c       0x28 src/stm32l05x_board.o
 .text.LL_LPTIM_EnableTimeout
                0x080004b4       0x20 src/stm32l05x_board.o
 .text.LL_LPTIM_EnableIT_CMPM
                0x080004d4       0x1c src/stm32l05x_board.o
 .text.LL_APB1_GRP1_EnableClock
                0x080004f0       0x2c src/stm32l05x_board.o
 .text.LL_APB2_GRP1_EnableClock
                0x0800051c       0x2c src/stm32l05x_board.o
 .text.LL_IOP_GRP1_EnableClock
                0x08000548       0x2c src/stm32l05x_board.o
 .text.LL_RCC_HSI_Enable
                0x08000574       0x1c src/stm32l05x_board.o
 .text.LL_RCC_HSI_IsReady
                0x08000590       0x1c src/stm32l05x_board.o
 .text.LL_RCC_LSE_Enable
                0x080005ac       0x1c src/stm32l05x_board.o
 .text.LL_RCC_LSE_IsReady
                0x080005c8       0x20 src/stm32l05x_board.o
 .text.LL_RCC_SetSysClkSource
                0x080005e8       0x28 src/stm32l05x_board.o
 .text.LL_RCC_SetUSARTClockSource
                0x08000610       0x2c src/stm32l05x_board.o
 .text.LL_RCC_SetLPTIMClockSource
                0x0800063c       0x28 src/stm32l05x_board.o
 .text.LL_RCC_SetRTCClockSource
                0x08000664       0x28 src/stm32l05x_board.o
 .text.LL_RCC_EnableRTC
                0x0800068c       0x1c src/stm32l05x_board.o
 .text.SystemInit
                0x080006a8       0x58 src/stm32l05x_board.o
                0x080006a8                SystemInit
 .text.setPortBit
                0x08000700       0x24 src/stm32l05x_board.o
 .text.resetPortBit
                0x08000724       0x24 src/stm32l05x_board.o
 .text.readPortBit
                0x08000748       0x28 src/stm32l05x_board.o
                0x08000748                readPortBit
 .text.configurePortPinAsInput
                0x08000770       0x58 src/stm32l05x_board.o
                0x08000770                configurePortPinAsInput
 .text.configurePortPinAsOutput
                0x080007c8       0xa8 src/stm32l05x_board.o
                0x080007c8                configurePortPinAsOutput
 .text.configurePortPinAsAf
                0x08000870       0xbc src/stm32l05x_board.o
                0x08000870                configurePortPinAsAf
 .text.configurePortPinPullDown
                0x0800092c       0x44 src/stm32l05x_board.o
                0x0800092c                configurePortPinPullDown
 .text.configureButton
                0x08000970       0x58 src/stm32l05x_board.o
 .text.configureUart
                0x080009c8       0x48 src/stm32l05x_board.o
                0x080009c8                configureUart
 .text.configureUart2
                0x08000a10       0x40 src/stm32l05x_board.o
 .text.configureSpi1
                0x08000a50       0x78 src/stm32l05x_board.o
 .text.enableRTC
                0x08000ac8       0x9c src/stm32l05x_board.o
 .text.enableLPTim
                0x08000b64       0x70 src/stm32l05x_board.o
 .text.init_Board_Peripherals
                0x08000bd4       0xe8 src/stm32l05x_board.o
                0x08000bd4                init_Board_Peripherals
 .text.startLpTimer
                0x08000cbc       0x30 src/stm32l05x_board.o
                0x08000cbc                startLpTimer
 .text.uart2Transmit
                0x08000cec       0x3c src/stm32l05x_board.o
                0x08000cec                uart2Transmit
 .text.boardGreenLedOn
                0x08000d28       0x18 src/stm32l05x_board.o
                0x08000d28                boardGreenLedOn
 .text.boardGreenLedOff
                0x08000d40       0x18 src/stm32l05x_board.o
                0x08000d40                boardGreenLedOff
 .text.boardGreenLedToggle
                0x08000d58       0x24 src/stm32l05x_board.o
                0x08000d58                boardGreenLedToggle
 .text.LL_LPTIM_ClearFLAG_CMPM
                0x08000d7c       0x1c src/stm32l0xx_it.o
 .text.LL_LPTIM_IsActiveFlag_CMPM
                0x08000d98       0x20 src/stm32l0xx_it.o
 .text.NMI_Handler
                0x08000db8        0xc src/stm32l0xx_it.o
                0x08000db8                NMI_Handler
 .text.HardFault_Handler
                0x08000dc4        0x8 src/stm32l0xx_it.o
                0x08000dc4                HardFault_Handler
 .text.SVC_Handler
                0x08000dcc        0xc src/stm32l0xx_it.o
                0x08000dcc                SVC_Handler
 .text.PendSV_Handler
                0x08000dd8        0xc src/stm32l0xx_it.o
                0x08000dd8                PendSV_Handler
 .text.SysTick_Handler
                0x08000de4        0xc src/stm32l0xx_it.o
                0x08000de4                SysTick_Handler
 .text.EXTI4_15_IRQHandler
                0x08000df0       0x88 src/stm32l0xx_it.o
                0x08000df0                EXTI4_15_IRQHandler
 .text.USART2_IRQHandler
                0x08000e78       0xb8 src/stm32l0xx_it.o
                0x08000e78                USART2_IRQHandler
 .text.RTC_IRQHandler
                0x08000f30       0x84 src/stm32l0xx_it.o
                0x08000f30                RTC_IRQHandler
 .text.LPTIM1_IRQHandler
                0x08000fb4       0x40 src/stm32l0xx_it.o
                0x08000fb4                LPTIM1_IRQHandler
 .text.Reset_Handler
                0x08000ff4       0x50 startup/startup_stm32l053xx.o
                0x08000ff4                Reset_Handler
 .text.Default_Handler
                0x08001044        0x2 startup/startup_stm32l053xx.o
                0x08001044                TSC_IRQHandler
                0x08001044                ADC1_COMP_IRQHandler
                0x08001044                PVD_IRQHandler
                0x08001044                I2C1_IRQHandler
                0x08001044                RCC_CRS_IRQHandler
                0x08001044                SPI1_IRQHandler
                0x08001044                TIM6_DAC_IRQHandler
                0x08001044                EXTI2_3_IRQHandler
                0x08001044                I2C2_IRQHandler
                0x08001044                LCD_IRQHandler
                0x08001044                DMA1_Channel4_5_6_7_IRQHandler
                0x08001044                DMA1_Channel1_IRQHandler
                0x08001044                Default_Handler
                0x08001044                TIM22_IRQHandler
                0x08001044                EXTI0_1_IRQHandler
                0x08001044                USB_IRQHandler
                0x08001044                SPI2_IRQHandler
                0x08001044                TIM21_IRQHandler
                0x08001044                WWDG_IRQHandler
                0x08001044                TIM2_IRQHandler
                0x08001044                DMA1_Channel2_3_IRQHandler
                0x08001044                FLASH_IRQHandler
                0x08001044                USART1_IRQHandler
                0x08001044                RNG_LPUART1_IRQHandler
 *fill*         0x08001046        0x2 
 .text.__libc_init_array
                0x08001048       0x48 c:/ac6/systemworkbench/plugins/fr.ac6.mcu.externaltools.arm-none.win32_1.7.0.201602121829/tools/compiler/bin/../lib/gcc/arm-none-eabi/5.2.1/../../../../arm-none-eabi/lib/armv6-m\libc.a(lib_a-init.o)
                0x08001048                __libc_init_array
 .text.startup.register_fini
                0x08001090       0x18 c:/ac6/systemworkbench/plugins/fr.ac6.mcu.externaltools.arm-none.win32_1.7.0.201602121829/tools/compiler/bin/../lib/gcc/arm-none-eabi/5.2.1/../../../../arm-none-eabi/lib/armv6-m\libc.a(lib_a-__call_atexit.o)
 .text.atexit   0x080010a8       0x10 c:/ac6/systemworkbench/plugins/fr.ac6.mcu.externaltools.arm-none.win32_1.7.0.201602121829/tools/compiler/bin/../lib/gcc/arm-none-eabi/5.2.1/../../../../arm-none-eabi/lib/armv6-m\libc.a(lib_a-atexit.o)
                0x080010a8                atexit
 .text.__libc_fini_array
                0x080010b8       0x34 c:/ac6/systemworkbench/plugins/fr.ac6.mcu.externaltools.arm-none.win32_1.7.0.201602121829/tools/compiler/bin/../lib/gcc/arm-none-eabi/5.2.1/../../../../arm-none-eabi/lib/armv6-m\libc.a(lib_a-fini.o)
                0x080010b8                __libc_fini_array
 .text.__register_exitproc
                0x080010ec       0xd4 c:/ac6/systemworkbench/plugins/fr.ac6.mcu.externaltools.arm-none.win32_1.7.0.201602121829/tools/compiler/bin/../lib/gcc/arm-none-eabi/5.2.1/../../../../arm-none-eabi/lib/armv6-m\libc.a(lib_a-__atexit.o)
                0x080010ec                __register_exitproc
 *(.glue_7)
 .glue_7        0x080011c0        0x0 linker stubs
 *(.glue_7t)
 .glue_7t       0x080011c0        0x0 linker stubs
 *(.eh_frame)
 .eh_frame      0x080011c0        0x0 c:/ac6/systemworkbench/plugins/fr.ac6.mcu.externaltools.arm-none.win32_1.7.0.201602121829/tools/compiler/bin/../lib/gcc/arm-none-eabi/5.2.1/armv6-m/crtbegin.o
 *(.init)
 .init          0x080011c0        0x4 c:/ac6/systemworkbench/plugins/fr.ac6.mcu.externaltools.arm-none.win32_1.7.0.201602121829/tools/compiler/bin/../lib/gcc/arm-none-eabi/5.2.1/armv6-m/crti.o
                0x080011c0                _init
 .init          0x080011c4        0x8 c:/ac6/systemworkbench/plugins/fr.ac6.mcu.externaltools.arm-none.win32_1.7.0.201602121829/tools/compiler/bin/../lib/gcc/arm-none-eabi/5.2.1/armv6-m/crtn.o
 *(.fini)
 .fini          0x080011cc        0x4 c:/ac6/systemworkbench/plugins/fr.ac6.mcu.externaltools.arm-none.win32_1.7.0.201602121829/tools/compiler/bin/../lib/gcc/arm-none-eabi/5.2.1/armv6-m/crti.o
                0x080011cc                _fini
 .fini          0x080011d0        0x8 c:/ac6/systemworkbench/plugins/fr.ac6.mcu.externaltools.arm-none.win32_1.7.0.201602121829/tools/compiler/bin/../lib/gcc/arm-none-eabi/5.2.1/armv6-m/crtn.o
                0x080011d8                . = ALIGN (0x4)
                0x080011d8                _etext = .

.vfp11_veneer   0x080011d8        0x0
 .vfp11_veneer  0x080011d8        0x0 linker stubs

.v4_bx          0x080011d8        0x0
 .v4_bx         0x080011d8        0x0 linker stubs

.iplt           0x080011d8        0x0
 .iplt          0x080011d8        0x0 c:/ac6/systemworkbench/plugins/fr.ac6.mcu.externaltools.arm-none.win32_1.7.0.201602121829/tools/compiler/bin/../lib/gcc/arm-none-eabi/5.2.1/armv6-m/crtbegin.o

.rodata         0x080011d8       0x68
                0x080011d8                . = ALIGN (0x4)
 *(.rodata)
 .rodata        0x080011d8        0xe src/main.o
 *fill*         0x080011e6        0x2 
 .rodata        0x080011e8       0x50 src/stm32l05x_board.o
 *(.rodata*)
 .rodata.str1.4
                0x08001238        0x4 c:/ac6/systemworkbench/plugins/fr.ac6.mcu.externaltools.arm-none.win32_1.7.0.201602121829/tools/compiler/bin/../lib/gcc/arm-none-eabi/5.2.1/../../../../arm-none-eabi/lib/armv6-m\libc.a(lib_a-impure.o)
                                  0x2 (size before relaxing)
 .rodata._global_impure_ptr
                0x0800123c        0x4 c:/ac6/systemworkbench/plugins/fr.ac6.mcu.externaltools.arm-none.win32_1.7.0.201602121829/tools/compiler/bin/../lib/gcc/arm-none-eabi/5.2.1/../../../../arm-none-eabi/lib/armv6-m\libc.a(lib_a-impure.o)
                0x0800123c                _global_impure_ptr
                0x08001240                . = ALIGN (0x4)

.rel.dyn        0x08001240        0x0
 .rel.iplt      0x08001240        0x0 c:/ac6/systemworkbench/plugins/fr.ac6.mcu.externaltools.arm-none.win32_1.7.0.201602121829/tools/compiler/bin/../lib/gcc/arm-none-eabi/5.2.1/armv6-m/crtbegin.o

.ARM.extab      0x08001240        0x0
                0x08001240                . = ALIGN (0x4)
 *(.ARM.extab* .gnu.linkonce.armextab.*)
                0x08001240                . = ALIGN (0x4)

.ARM            0x08001240        0x0
                0x08001240                . = ALIGN (0x4)
                0x08001240                __exidx_start = .
 *(.ARM.exidx*)
                0x08001240                __exidx_end = .
                0x08001240                . = ALIGN (0x4)

.preinit_array  0x08001240        0x0
                0x08001240                . = ALIGN (0x4)
                0x08001240                PROVIDE (__preinit_array_start, .)
 *(.preinit_array*)
                0x08001240                PROVIDE (__preinit_array_end, .)
                0x08001240                . = ALIGN (0x4)

.init_array     0x08001240        0x8
                0x08001240                . = ALIGN (0x4)
                0x08001240                PROVIDE (__init_array_start, .)
 *(SORT(.init_array.*))
 .init_array.00000
                0x08001240        0x4 c:/ac6/systemworkbench/plugins/fr.ac6.mcu.externaltools.arm-none.win32_1.7.0.201602121829/tools/compiler/bin/../lib/gcc/arm-none-eabi/5.2.1/../../../../arm-none-eabi/lib/armv6-m\libc.a(lib_a-__call_atexit.o)
 *(.init_array*)
 .init_array    0x08001244        0x4 c:/ac6/systemworkbench/plugins/fr.ac6.mcu.externaltools.arm-none.win32_1.7.0.201602121829/tools/compiler/bin/../lib/gcc/arm-none-eabi/5.2.1/armv6-m/crtbegin.o
                0x08001248                PROVIDE (__init_array_end, .)
                0x08001248                . = ALIGN (0x4)

.fini_array     0x08001248        0x4
                0x08001248                . = ALIGN (0x4)
                0x08001248                PROVIDE (__fini_array_start, .)
 *(SORT(.fini_array.*))
 *(.fini_array*)
 .fini_array    0x08001248        0x4 c:/ac6/systemworkbench/plugins/fr.ac6.mcu.externaltools.arm-none.win32_1.7.0.201602121829/tools/compiler/bin/../lib/gcc/arm-none-eabi/5.2.1/armv6-m/crtbegin.o
                0x0800124c                PROVIDE (__fini_array_end, .)
                0x0800124c                . = ALIGN (0x4)
                0x0800124c                _sidata = LOADADDR (.data)

.data           0x20000000      0x428 load address 0x0800124c
                0x20000000                . = ALIGN (0x4)
                0x20000000                _sdata = .
 *(.data)
 *(.data*)
 .data.impure_data
                0x20000000      0x428 c:/ac6/systemworkbench/plugins/fr.ac6.mcu.externaltools.arm-none.win32_1.7.0.201602121829/tools/compiler/bin/../lib/gcc/arm-none-eabi/5.2.1/../../../../arm-none-eabi/lib/armv6-m\libc.a(lib_a-impure.o)
                0x20000428                . = ALIGN (0x4)
                0x20000428                _edata = .

.jcr            0x20000428        0x0 load address 0x08001674
 .jcr           0x20000428        0x0 c:/ac6/systemworkbench/plugins/fr.ac6.mcu.externaltools.arm-none.win32_1.7.0.201602121829/tools/compiler/bin/../lib/gcc/arm-none-eabi/5.2.1/armv6-m/crtbegin.o

.tm_clone_table
                0x20000428        0x0 load address 0x08001674
 .tm_clone_table
                0x20000428        0x0 c:/ac6/systemworkbench/plugins/fr.ac6.mcu.externaltools.arm-none.win32_1.7.0.201602121829/tools/compiler/bin/../lib/gcc/arm-none-eabi/5.2.1/armv6-m/crtbegin.o
 .tm_clone_table
                0x20000428        0x0 c:/ac6/systemworkbench/plugins/fr.ac6.mcu.externaltools.arm-none.win32_1.7.0.201602121829/tools/compiler/bin/../lib/gcc/arm-none-eabi/5.2.1/armv6-m/crtend.o

.igot.plt       0x20000428        0x0 load address 0x08001674
 .igot.plt      0x20000428        0x0 c:/ac6/systemworkbench/plugins/fr.ac6.mcu.externaltools.arm-none.win32_1.7.0.201602121829/tools/compiler/bin/../lib/gcc/arm-none-eabi/5.2.1/armv6-m/crtbegin.o
                0x20000428                . = ALIGN (0x4)

.bss            0x20000428       0x70 load address 0x08001674
                0x20000428                _sbss = .
                0x20000428                __bss_start__ = _sbss
 *(.bss)
 .bss           0x20000428       0x1c c:/ac6/systemworkbench/plugins/fr.ac6.mcu.externaltools.arm-none.win32_1.7.0.201602121829/tools/compiler/bin/../lib/gcc/arm-none-eabi/5.2.1/armv6-m/crtbegin.o
 *(.bss*)
 *(COMMON)
 COMMON         0x20000444       0x53 src/main.o
                0x20000444                tmp
                0x20000448                DeviceState
                0x2000044c                SoftwareEvents
                0x2000044e                UartRxCounter
                0x20000450                HardwareEvents
                0x20000454                UartRxBuffer
                0x20000474                Uart2Tx
                0x20000496                uint8tmp
                0x20000498                . = ALIGN (0x4)
 *fill*         0x20000497        0x1 
                0x20000498                _ebss = .
                0x20000498                __bss_end__ = _ebss

._user_heap_stack
                0x20000498      0x400 load address 0x08001674
                0x20000498                . = ALIGN (0x8)
                [!provide]                PROVIDE (end, .)
                [!provide]                PROVIDE (_end, .)
                0x20000498                . = (. + _Min_Heap_Size)
                0x20000898                . = (. + _Min_Stack_Size)
 *fill*         0x20000498      0x400 
                0x20000898                . = ALIGN (0x8)

/DISCARD/
 libc.a(*)
 libm.a(*)
 libgcc.a(*)

.ARM.attributes
                0x00000000       0x28
 *(.ARM.attributes)
 .ARM.attributes
                0x00000000       0x1e c:/ac6/systemworkbench/plugins/fr.ac6.mcu.externaltools.arm-none.win32_1.7.0.201602121829/tools/compiler/bin/../lib/gcc/arm-none-eabi/5.2.1/armv6-m/crti.o
 .ARM.attributes
                0x0000001e       0x2c c:/ac6/systemworkbench/plugins/fr.ac6.mcu.externaltools.arm-none.win32_1.7.0.201602121829/tools/compiler/bin/../lib/gcc/arm-none-eabi/5.2.1/armv6-m/crtbegin.o
 .ARM.attributes
                0x0000004a       0x32 src/main.o
 .ARM.attributes
                0x0000007c       0x32 src/stm32l05x_board.o
 .ARM.attributes
                0x000000ae       0x32 src/stm32l0xx_it.o
 .ARM.attributes
                0x000000e0       0x22 startup/startup_stm32l053xx.o
 .ARM.attributes
                0x00000102       0x2c c:/ac6/systemworkbench/plugins/fr.ac6.mcu.externaltools.arm-none.win32_1.7.0.201602121829/tools/compiler/bin/../lib/gcc/arm-none-eabi/5.2.1/../../../../arm-none-eabi/lib/armv6-m\libc.a(lib_a-impure.o)
 .ARM.attributes
                0x0000012e       0x2c c:/ac6/systemworkbench/plugins/fr.ac6.mcu.externaltools.arm-none.win32_1.7.0.201602121829/tools/compiler/bin/../lib/gcc/arm-none-eabi/5.2.1/../../../../arm-none-eabi/lib/armv6-m\libc.a(lib_a-init.o)
 .ARM.attributes
                0x0000015a       0x2c c:/ac6/systemworkbench/plugins/fr.ac6.mcu.externaltools.arm-none.win32_1.7.0.201602121829/tools/compiler/bin/../lib/gcc/arm-none-eabi/5.2.1/../../../../arm-none-eabi/lib/armv6-m\libc.a(lib_a-__call_atexit.o)
 .ARM.attributes
                0x00000186       0x2c c:/ac6/systemworkbench/plugins/fr.ac6.mcu.externaltools.arm-none.win32_1.7.0.201602121829/tools/compiler/bin/../lib/gcc/arm-none-eabi/5.2.1/../../../../arm-none-eabi/lib/armv6-m\libc.a(lib_a-atexit.o)
 .ARM.attributes
                0x000001b2       0x2c c:/ac6/systemworkbench/plugins/fr.ac6.mcu.externaltools.arm-none.win32_1.7.0.201602121829/tools/compiler/bin/../lib/gcc/arm-none-eabi/5.2.1/../../../../arm-none-eabi/lib/armv6-m\libc.a(lib_a-fini.o)
 .ARM.attributes
                0x000001de       0x2c c:/ac6/systemworkbench/plugins/fr.ac6.mcu.externaltools.arm-none.win32_1.7.0.201602121829/tools/compiler/bin/../lib/gcc/arm-none-eabi/5.2.1/../../../../arm-none-eabi/lib/armv6-m\libc.a(lib_a-__atexit.o)
 .ARM.attributes
                0x0000020a       0x2c c:/ac6/systemworkbench/plugins/fr.ac6.mcu.externaltools.arm-none.win32_1.7.0.201602121829/tools/compiler/bin/../lib/gcc/arm-none-eabi/5.2.1/armv6-m/crtend.o
 .ARM.attributes
                0x00000236       0x1e c:/ac6/systemworkbench/plugins/fr.ac6.mcu.externaltools.arm-none.win32_1.7.0.201602121829/tools/compiler/bin/../lib/gcc/arm-none-eabi/5.2.1/armv6-m/crtn.o
OUTPUT(ubiquitytest.elf elf32-littlearm)

.debug_info     0x00000000     0x1e11
 .debug_info    0x00000000      0x25c src/main.o
 .debug_info    0x0000025c     0x1523 src/stm32l05x_board.o
 .debug_info    0x0000177f      0x623 src/stm32l0xx_it.o
 .debug_info    0x00001da2       0x6f startup/startup_stm32l053xx.o

.debug_abbrev   0x00000000      0x55a
 .debug_abbrev  0x00000000       0xf5 src/main.o
 .debug_abbrev  0x000000f5      0x2e2 src/stm32l05x_board.o
 .debug_abbrev  0x000003d7      0x171 src/stm32l0xx_it.o
 .debug_abbrev  0x00000548       0x12 startup/startup_stm32l053xx.o

.debug_aranges  0x00000000      0x2f8
 .debug_aranges
                0x00000000       0x20 src/main.o
 .debug_aranges
                0x00000020      0x230 src/stm32l05x_board.o
 .debug_aranges
                0x00000250       0x80 src/stm32l0xx_it.o
 .debug_aranges
                0x000002d0       0x28 startup/startup_stm32l053xx.o

.debug_ranges   0x00000000      0x2c0
 .debug_ranges  0x00000000       0x10 src/main.o
 .debug_ranges  0x00000010      0x220 src/stm32l05x_board.o
 .debug_ranges  0x00000230       0x70 src/stm32l0xx_it.o
 .debug_ranges  0x000002a0       0x20 startup/startup_stm32l053xx.o

.debug_macro    0x00000000     0xb445
 .debug_macro   0x00000000      0x1db src/main.o
 .debug_macro   0x000001db      0x826 src/main.o
 .debug_macro   0x00000a01       0x28 src/main.o
 .debug_macro   0x00000a29       0x22 src/main.o
 .debug_macro   0x00000a4b       0x44 src/main.o
 .debug_macro   0x00000a8f       0xfd src/main.o
 .debug_macro   0x00000b8c       0x22 src/main.o
 .debug_macro   0x00000bae      0x1df src/main.o
 .debug_macro   0x00000d8d       0x34 src/main.o
 .debug_macro   0x00000dc1       0x26 src/main.o
 .debug_macro   0x00000de7      0x44f src/main.o
 .debug_macro   0x00001236     0x8202 src/main.o
 .debug_macro   0x00009438       0x2e src/main.o
 .debug_macro   0x00009466       0x3c src/main.o
 .debug_macro   0x000094a2      0x196 src/main.o
 .debug_macro   0x00009638      0x4b3 src/main.o
 .debug_macro   0x00009aeb       0xd6 src/main.o
 .debug_macro   0x00009bc1       0xc5 src/main.o
 .debug_macro   0x00009c86      0x1ae src/main.o
 .debug_macro   0x00009e34      0x23b src/main.o
 .debug_macro   0x0000a06f       0x58 src/main.o
 .debug_macro   0x0000a0c7       0x35 src/main.o
 .debug_macro   0x0000a0fc       0x9c src/main.o
 .debug_macro   0x0000a198       0x16 src/main.o
 .debug_macro   0x0000a1ae      0x10e src/main.o
 .debug_macro   0x0000a2bc       0x8d src/main.o
 .debug_macro   0x0000a349       0x52 src/main.o
 .debug_macro   0x0000a39b       0x16 src/main.o
 .debug_macro   0x0000a3b1       0x43 src/main.o
 .debug_macro   0x0000a3f4      0x187 src/main.o
 .debug_macro   0x0000a57b      0x329 src/main.o
 .debug_macro   0x0000a8a4       0x16 src/main.o
 .debug_macro   0x0000a8ba       0x29 src/main.o
 .debug_macro   0x0000a8e3      0x138 src/main.o
 .debug_macro   0x0000aa1b       0x16 src/main.o
 .debug_macro   0x0000aa31       0x35 src/main.o
 .debug_macro   0x0000aa66      0x1ed src/stm32l05x_board.o
 .debug_macro   0x0000ac53      0x138 src/stm32l05x_board.o
 .debug_macro   0x0000ad8b       0xdb src/stm32l05x_board.o
 .debug_macro   0x0000ae66      0x421 src/stm32l05x_board.o
 .debug_macro   0x0000b287      0x1be src/stm32l0xx_it.o

.debug_line     0x00000000     0x18f7
 .debug_line    0x00000000      0x5b6 src/main.o
 .debug_line    0x000005b6      0xc01 src/stm32l05x_board.o
 .debug_line    0x000011b7      0x6bd src/stm32l0xx_it.o
 .debug_line    0x00001874       0x83 startup/startup_stm32l053xx.o

.debug_str      0x00000000    0x3c191
 .debug_str     0x00000000    0x392e7 src/main.o
                              0x39599 (size before relaxing)
 .debug_str     0x000392e7     0x2dc0 src/stm32l05x_board.o
                              0x3c2c5 (size before relaxing)
 .debug_str     0x0003c0a7       0xea src/stm32l0xx_it.o
                              0x39722 (size before relaxing)

.comment        0x00000000       0x6e
 .comment       0x00000000       0x6e src/main.o
                                 0x6f (size before relaxing)
 .comment       0x0000006e       0x6f src/stm32l05x_board.o
 .comment       0x0000006e       0x6f src/stm32l0xx_it.o

.debug_frame    0x00000000      0xad0
 .debug_frame   0x00000000       0x2c src/main.o
 .debug_frame   0x0000002c      0x810 src/stm32l05x_board.o
 .debug_frame   0x0000083c      0x184 src/stm32l0xx_it.o
 .debug_frame   0x000009c0       0x2c c:/ac6/systemworkbench/plugins/fr.ac6.mcu.externaltools.arm-none.win32_1.7.0.201602121829/tools/compiler/bin/../lib/gcc/arm-none-eabi/5.2.1/../../../../arm-none-eabi/lib/armv6-m\libc.a(lib_a-init.o)
 .debug_frame   0x000009ec       0x54 c:/ac6/systemworkbench/plugins/fr.ac6.mcu.externaltools.arm-none.win32_1.7.0.201602121829/tools/compiler/bin/../lib/gcc/arm-none-eabi/5.2.1/../../../../arm-none-eabi/lib/armv6-m\libc.a(lib_a-__call_atexit.o)
 .debug_frame   0x00000a40       0x28 c:/ac6/systemworkbench/plugins/fr.ac6.mcu.externaltools.arm-none.win32_1.7.0.201602121829/tools/compiler/bin/../lib/gcc/arm-none-eabi/5.2.1/../../../../arm-none-eabi/lib/armv6-m\libc.a(lib_a-atexit.o)
 .debug_frame   0x00000a68       0x2c c:/ac6/systemworkbench/plugins/fr.ac6.mcu.externaltools.arm-none.win32_1.7.0.201602121829/tools/compiler/bin/../lib/gcc/arm-none-eabi/5.2.1/../../../../arm-none-eabi/lib/armv6-m\libc.a(lib_a-fini.o)
 .debug_frame   0x00000a94       0x3c c:/ac6/systemworkbench/plugins/fr.ac6.mcu.externaltools.arm-none.win32_1.7.0.201602121829/tools/compiler/bin/../lib/gcc/arm-none-eabi/5.2.1/../../../../arm-none-eabi/lib/armv6-m\libc.a(lib_a-__atexit.o)
