Archive member included to satisfy reference by file (symbol)

c:/ac6/systemworkbench/plugins/fr.ac6.mcu.externaltools.arm-none.win32_1.7.0.201602121829/tools/compiler/bin/../lib/gcc/arm-none-eabi/5.2.1/armv6-m\libgcc.a(_thumb1_case_uqi.o)
                              Drivers/CMSIS/system_stm32l0xx.o (__gnu_thumb1_case_uqi)
c:/ac6/systemworkbench/plugins/fr.ac6.mcu.externaltools.arm-none.win32_1.7.0.201602121829/tools/compiler/bin/../lib/gcc/arm-none-eabi/5.2.1/armv6-m\libgcc.a(_udivsi3.o)
                              Drivers/CMSIS/system_stm32l0xx.o (__aeabi_uidiv)
c:/ac6/systemworkbench/plugins/fr.ac6.mcu.externaltools.arm-none.win32_1.7.0.201602121829/tools/compiler/bin/../lib/gcc/arm-none-eabi/5.2.1/armv6-m\libgcc.a(_dvmd_tls.o)
                              c:/ac6/systemworkbench/plugins/fr.ac6.mcu.externaltools.arm-none.win32_1.7.0.201602121829/tools/compiler/bin/../lib/gcc/arm-none-eabi/5.2.1/armv6-m\libgcc.a(_udivsi3.o) (__aeabi_idiv0)
c:/ac6/systemworkbench/plugins/fr.ac6.mcu.externaltools.arm-none.win32_1.7.0.201602121829/tools/compiler/bin/../lib/gcc/arm-none-eabi/5.2.1/../../../../arm-none-eabi/lib/armv6-m\libc_nano.a(lib_a-exit.o)
                              c:/ac6/systemworkbench/plugins/fr.ac6.mcu.externaltools.arm-none.win32_1.7.0.201602121829/tools/compiler/bin/../lib/gcc/arm-none-eabi/5.2.1/../../../../arm-none-eabi/lib/armv6-m/crt0.o (exit)
c:/ac6/systemworkbench/plugins/fr.ac6.mcu.externaltools.arm-none.win32_1.7.0.201602121829/tools/compiler/bin/../lib/gcc/arm-none-eabi/5.2.1/../../../../arm-none-eabi/lib/armv6-m\libc_nano.a(lib_a-impure.o)
                              c:/ac6/systemworkbench/plugins/fr.ac6.mcu.externaltools.arm-none.win32_1.7.0.201602121829/tools/compiler/bin/../lib/gcc/arm-none-eabi/5.2.1/../../../../arm-none-eabi/lib/armv6-m\libc_nano.a(lib_a-exit.o) (_global_impure_ptr)
c:/ac6/systemworkbench/plugins/fr.ac6.mcu.externaltools.arm-none.win32_1.7.0.201602121829/tools/compiler/bin/../lib/gcc/arm-none-eabi/5.2.1/../../../../arm-none-eabi/lib/armv6-m\libc_nano.a(lib_a-init.o)
                              c:/ac6/systemworkbench/plugins/fr.ac6.mcu.externaltools.arm-none.win32_1.7.0.201602121829/tools/compiler/bin/../lib/gcc/arm-none-eabi/5.2.1/../../../../arm-none-eabi/lib/armv6-m/crt0.o (__libc_init_array)
c:/ac6/systemworkbench/plugins/fr.ac6.mcu.externaltools.arm-none.win32_1.7.0.201602121829/tools/compiler/bin/../lib/gcc/arm-none-eabi/5.2.1/../../../../arm-none-eabi/lib/armv6-m\libc_nano.a(lib_a-memset.o)
                              c:/ac6/systemworkbench/plugins/fr.ac6.mcu.externaltools.arm-none.win32_1.7.0.201602121829/tools/compiler/bin/../lib/gcc/arm-none-eabi/5.2.1/../../../../arm-none-eabi/lib/armv6-m/crt0.o (memset)
c:/ac6/systemworkbench/plugins/fr.ac6.mcu.externaltools.arm-none.win32_1.7.0.201602121829/tools/compiler/bin/../lib/gcc/arm-none-eabi/5.2.1/../../../../arm-none-eabi/lib/armv6-m\libc_nano.a(lib_a-sprintf.o)
                              Example/User/main.o (sprintf)
c:/ac6/systemworkbench/plugins/fr.ac6.mcu.externaltools.arm-none.win32_1.7.0.201602121829/tools/compiler/bin/../lib/gcc/arm-none-eabi/5.2.1/../../../../arm-none-eabi/lib/armv6-m\libc_nano.a(lib_a-nano-svfprintf.o)
                              c:/ac6/systemworkbench/plugins/fr.ac6.mcu.externaltools.arm-none.win32_1.7.0.201602121829/tools/compiler/bin/../lib/gcc/arm-none-eabi/5.2.1/../../../../arm-none-eabi/lib/armv6-m\libc_nano.a(lib_a-sprintf.o) (_svfprintf_r)
c:/ac6/systemworkbench/plugins/fr.ac6.mcu.externaltools.arm-none.win32_1.7.0.201602121829/tools/compiler/bin/../lib/gcc/arm-none-eabi/5.2.1/../../../../arm-none-eabi/lib/armv6-m\libc_nano.a(lib_a-nano-vfprintf_i.o)
                              c:/ac6/systemworkbench/plugins/fr.ac6.mcu.externaltools.arm-none.win32_1.7.0.201602121829/tools/compiler/bin/../lib/gcc/arm-none-eabi/5.2.1/../../../../arm-none-eabi/lib/armv6-m\libc_nano.a(lib_a-nano-svfprintf.o) (_printf_i)
c:/ac6/systemworkbench/plugins/fr.ac6.mcu.externaltools.arm-none.win32_1.7.0.201602121829/tools/compiler/bin/../lib/gcc/arm-none-eabi/5.2.1/../../../../arm-none-eabi/lib/armv6-m\libc_nano.a(lib_a-memchr-stub.o)
                              c:/ac6/systemworkbench/plugins/fr.ac6.mcu.externaltools.arm-none.win32_1.7.0.201602121829/tools/compiler/bin/../lib/gcc/arm-none-eabi/5.2.1/../../../../arm-none-eabi/lib/armv6-m\libc_nano.a(lib_a-nano-svfprintf.o) (memchr)
c:/ac6/systemworkbench/plugins/fr.ac6.mcu.externaltools.arm-none.win32_1.7.0.201602121829/tools/compiler/bin/../lib/gcc/arm-none-eabi/5.2.1/../../../../arm-none-eabi/lib/armv6-m\libc_nano.a(lib_a-memcpy-stub.o)
                              c:/ac6/systemworkbench/plugins/fr.ac6.mcu.externaltools.arm-none.win32_1.7.0.201602121829/tools/compiler/bin/../lib/gcc/arm-none-eabi/5.2.1/../../../../arm-none-eabi/lib/armv6-m\libc_nano.a(lib_a-nano-svfprintf.o) (memcpy)
[...]
Memory Configuration

Name             Origin             Length             Attributes
FLASH            0x08000000         0x00010000         xr
RAM              0x20000000         0x00002000         xrw
*default*        0x00000000         0xffffffff

Linker script and memory map

LOAD c:/ac6/systemworkbench/plugins/fr.ac6.mcu.externaltools.arm-none.win32_1.7.0.201602121829/tools/compiler/bin/../lib/gcc/arm-none-eabi/5.2.1/armv6-m/crti.o
LOAD c:/ac6/systemworkbench/plugins/fr.ac6.mcu.externaltools.arm-none.win32_1.7.0.201602121829/tools/compiler/bin/../lib/gcc/arm-none-eabi/5.2.1/armv6-m/crtbegin.o
LOAD c:/ac6/systemworkbench/plugins/fr.ac6.mcu.externaltools.arm-none.win32_1.7.0.201602121829/tools/compiler/bin/../lib/gcc/arm-none-eabi/5.2.1/../../../../arm-none-eabi/lib/armv6-m/crt0.o
LOAD c:/ac6/systemworkbench/plugins/fr.ac6.mcu.externaltools.arm-none.win32_1.7.0.201602121829/tools/compiler/bin/../lib/gcc/arm-none-eabi/5.2.1/../../../../arm-none-eabi/lib/armv6-m\libm.a
LOAD Drivers/BSP/STM32L053R8_NUCLEO/stm32l0xx_nucleo.o
LOAD Drivers/CMSIS/system_stm32l0xx.o
LOAD Drivers/STM32L0xx_HAL_Driver/stm32l0xx_hal.o
LOAD Drivers/STM32L0xx_HAL_Driver/stm32l0xx_hal_adc.o
LOAD Drivers/STM32L0xx_HAL_Driver/stm32l0xx_hal_adc_ex.o
LOAD Drivers/STM32L0xx_HAL_Driver/stm32l0xx_hal_cortex.o
LOAD Drivers/STM32L0xx_HAL_Driver/stm32l0xx_hal_dma.o
LOAD Drivers/STM32L0xx_HAL_Driver/stm32l0xx_hal_flash.o
LOAD Drivers/STM32L0xx_HAL_Driver/stm32l0xx_hal_flash_ex.o
LOAD Drivers/STM32L0xx_HAL_Driver/stm32l0xx_hal_gpio.o
LOAD Drivers/STM32L0xx_HAL_Driver/stm32l0xx_hal_pwr.o
LOAD Drivers/STM32L0xx_HAL_Driver/stm32l0xx_hal_pwr_ex.o
LOAD Drivers/STM32L0xx_HAL_Driver/stm32l0xx_hal_rcc.o
LOAD Drivers/STM32L0xx_HAL_Driver/stm32l0xx_hal_rcc_ex.o
LOAD Drivers/STM32L0xx_HAL_Driver/stm32l0xx_hal_rtc.o
LOAD Drivers/STM32L0xx_HAL_Driver/stm32l0xx_hal_rtc_ex.o
LOAD Drivers/STM32L0xx_HAL_Driver/stm32l0xx_hal_spi.o
LOAD Example/SW4STM32/startup_stm32l053xx.o
LOAD Example/User/main.o
LOAD Example/User/stm32l0xx_hal_msp.o
LOAD Example/User/stm32l0xx_it.o
START GROUP
LOAD c:/ac6/systemworkbench/plugins/fr.ac6.mcu.externaltools.arm-none.win32_1.7.0.201602121829/tools/compiler/bin/../lib/gcc/arm-none-eabi/5.2.1/armv6-m\libgcc.a
LOAD c:/ac6/systemworkbench/plugins/fr.ac6.mcu.externaltools.arm-none.win32_1.7.0.201602121829/tools/compiler/bin/../lib/gcc/arm-none-eabi/5.2.1/../../../../arm-none-eabi/lib/armv6-m\libc_nano.a
END GROUP
START GROUP
LOAD c:/ac6/systemworkbench/plugins/fr.ac6.mcu.externaltools.arm-none.win32_1.7.0.201602121829/tools/compiler/bin/../lib/gcc/arm-none-eabi/5.2.1/armv6-m\libgcc.a
LOAD c:/ac6/systemworkbench/plugins/fr.ac6.mcu.externaltools.arm-none.win32_1.7.0.201602121829/tools/compiler/bin/../lib/gcc/arm-none-eabi/5.2.1/../../../../arm-none-eabi/lib/armv6-m\libc_nano.a
LOAD c:/ac6/systemworkbench/plugins/fr.ac6.mcu.externaltools.arm-none.win32_1.7.0.201602121829/tools/compiler/bin/../lib/gcc/arm-none-eabi/5.2.1/../../../../arm-none-eabi/lib/armv6-m\libnosys.a
END GROUP
START GROUP
LOAD c:/ac6/systemworkbench/plugins/fr.ac6.mcu.externaltools.arm-none.win32_1.7.0.201602121829/tools/compiler/bin/../lib/gcc/arm-none-eabi/5.2.1/armv6-m\libgcc.a
LOAD c:/ac6/systemworkbench/plugins/fr.ac6.mcu.externaltools.arm-none.win32_1.7.0.201602121829/tools/compiler/bin/../lib/gcc/arm-none-eabi/5.2.1/../../../../arm-none-eabi/lib/armv6-m\libc_nano.a
LOAD c:/ac6/systemworkbench/plugins/fr.ac6.mcu.externaltools.arm-none.win32_1.7.0.201602121829/tools/compiler/bin/../lib/gcc/arm-none-eabi/5.2.1/../../../../arm-none-eabi/lib/armv6-m\libnosys.a
END GROUP
LOAD c:/ac6/systemworkbench/plugins/fr.ac6.mcu.externaltools.arm-none.win32_1.7.0.201602121829/tools/compiler/bin/../lib/gcc/arm-none-eabi/5.2.1/armv6-m/crtend.o
LOAD c:/ac6/systemworkbench/plugins/fr.ac6.mcu.externaltools.arm-none.win32_1.7.0.201602121829/tools/compiler/bin/../lib/gcc/arm-none-eabi/5.2.1/armv6-m/crtn.o
                0x20002000                _estack = 0x20002000
                0x00000200                _Min_Heap_Size = 0x200
                0x00000400                _Min_Stack_Size = 0x400

.isr_vector     0x08000000       0xc0
                0x08000000                . = ALIGN (0x4)
 *(.isr_vector)
 .isr_vector    0x08000000       0xc0 Example/SW4STM32/startup_stm32l053xx.o
                0x08000000                g_pfnVectors
                0x080000c0                . = ALIGN (0x4)

.text           0x080000c0     0x1e34
                0x080000c0                . = ALIGN (0x4)
 *(.text)
 .text          0x080000c0       0xb4 c:/ac6/systemworkbench/plugins/fr.ac6.mcu.externaltools.arm-none.win32_1.7.0.201602121829/tools/compiler/bin/../lib/gcc/arm-none-eabi/5.2.1/armv6-m/crtbegin.o
 .text          0x08000174       0x14 c:/ac6/systemworkbench/plugins/fr.ac6.mcu.externaltools.arm-none.win32_1.7.0.201602121829/tools/compiler/bin/../lib/gcc/arm-none-eabi/5.2.1/armv6-m\libgcc.a(_thumb1_case_uqi.o)
                0x08000174                __gnu_thumb1_case_uqi
 .text          0x08000188      0x114 c:/ac6/systemworkbench/plugins/fr.ac6.mcu.externaltools.arm-none.win32_1.7.0.201602121829/tools/compiler/bin/../lib/gcc/arm-none-eabi/5.2.1/armv6-m\libgcc.a(_udivsi3.o)
                0x08000188                __aeabi_uidiv
                0x08000188                __udivsi3
                0x08000294                __aeabi_uidivmod
 .text          0x0800029c        0x4 c:/ac6/systemworkbench/plugins/fr.ac6.mcu.externaltools.arm-none.win32_1.7.0.201602121829/tools/compiler/bin/../lib/gcc/arm-none-eabi/5.2.1/armv6-m\libgcc.a(_dvmd_tls.o)
                0x0800029c                __aeabi_idiv0
                0x0800029c                __aeabi_ldiv0
 *(.text*)
 .text.BSP_LED_Init
                0x080002a0       0x48 Drivers/BSP/STM32L053R8_NUCLEO/stm32l0xx_nucleo.o
                0x080002a0                BSP_LED_Init
 .text.BSP_LED_On
                0x080002e8       0x18 Drivers/BSP/STM32L053R8_NUCLEO/stm32l0xx_nucleo.o
                0x080002e8                BSP_LED_On
 .text.BSP_LED_Toggle
                0x08000300       0x18 Drivers/BSP/STM32L053R8_NUCLEO/stm32l0xx_nucleo.o
                0x08000300                BSP_LED_Toggle
 .text.SystemInit
                0x08000318       0x5c Drivers/CMSIS/system_stm32l0xx.o
                0x08000318                SystemInit
 .text.HAL_MspInit
                0x08000374        0x2 Drivers/STM32L0xx_HAL_Driver/stm32l0xx_hal.o
                0x08000374                HAL_MspInit
 *fill*         0x08000376        0x2 
 .text.HAL_InitTick
                0x08000378       0x28 Drivers/STM32L0xx_HAL_Driver/stm32l0xx_hal.o
                0x08000378                HAL_InitTick
 .text.HAL_Init
                0x080003a0       0x28 Drivers/STM32L0xx_HAL_Driver/stm32l0xx_hal.o
                0x080003a0                HAL_Init
 .text.HAL_IncTick
                0x080003c8       0x10 Drivers/STM32L0xx_HAL_Driver/stm32l0xx_hal.o
                0x080003c8                HAL_IncTick
 .text.HAL_GetTick
                0x080003d8        0xc Drivers/STM32L0xx_HAL_Driver/stm32l0xx_hal.o
                0x080003d8                HAL_GetTick
 .text.HAL_Delay
                0x080003e4       0x18 Drivers/STM32L0xx_HAL_Driver/stm32l0xx_hal.o
                0x080003e4                HAL_Delay
 .text.HAL_NVIC_SetPriority
                0x080003fc       0x60 Drivers/STM32L0xx_HAL_Driver/stm32l0xx_hal_cortex.o
                0x080003fc                HAL_NVIC_SetPriority
 .text.HAL_NVIC_EnableIRQ
                0x0800045c       0x14 Drivers/STM32L0xx_HAL_Driver/stm32l0xx_hal_cortex.o
                0x0800045c                HAL_NVIC_EnableIRQ
 .text.HAL_SYSTICK_Config
                0x08000470       0x34 Drivers/STM32L0xx_HAL_Driver/stm32l0xx_hal_cortex.o
                0x08000470                HAL_SYSTICK_Config
 .text.HAL_GPIO_Init
                0x080004a4      0x16c Drivers/STM32L0xx_HAL_Driver/stm32l0xx_hal_gpio.o
                0x080004a4                HAL_GPIO_Init
 .text.HAL_GPIO_WritePin
                0x08000610        0xc Drivers/STM32L0xx_HAL_Driver/stm32l0xx_hal_gpio.o
                0x08000610                HAL_GPIO_WritePin
 .text.HAL_GPIO_TogglePin
                0x0800061c        0x8 Drivers/STM32L0xx_HAL_Driver/stm32l0xx_hal_gpio.o
                0x0800061c                HAL_GPIO_TogglePin
 .text.HAL_RCC_GetSysClockFreq
                0x08000624       0x84 Drivers/STM32L0xx_HAL_Driver/stm32l0xx_hal_rcc.o
                0x08000624                HAL_RCC_GetSysClockFreq
 .text.HAL_RCC_OscConfig
                0x080006a8      0x4cc Drivers/STM32L0xx_HAL_Driver/stm32l0xx_hal_rcc.o
                0x080006a8                HAL_RCC_OscConfig
 .text.HAL_RCC_ClockConfig
                0x08000b74      0x16c Drivers/STM32L0xx_HAL_Driver/stm32l0xx_hal_rcc.o
                0x08000b74                HAL_RCC_ClockConfig
 .text.HAL_RCCEx_PeriphCLKConfig
                0x08000ce0      0x190 Drivers/STM32L0xx_HAL_Driver/stm32l0xx_hal_rcc_ex.o
                0x08000ce0                HAL_RCCEx_PeriphCLKConfig
 .text.HAL_RTC_AlarmIRQHandler
                0x08000e70       0x60 Drivers/STM32L0xx_HAL_Driver/stm32l0xx_hal_rtc.o
                0x08000e70                HAL_RTC_AlarmIRQHandler
 .text.HAL_RTC_WaitForSynchro
                0x08000ed0       0x34 Drivers/STM32L0xx_HAL_Driver/stm32l0xx_hal_rtc.o
                0x08000ed0                HAL_RTC_WaitForSynchro
 .text.RTC_EnterInitMode
                0x08000f04       0x38 Drivers/STM32L0xx_HAL_Driver/stm32l0xx_hal_rtc.o
                0x08000f04                RTC_EnterInitMode
 .text.HAL_RTC_Init
                0x08000f3c       0x94 Drivers/STM32L0xx_HAL_Driver/stm32l0xx_hal_rtc.o
                0x08000f3c                HAL_RTC_Init
 .text.RTC_ByteToBcd2
                0x08000fd0       0x16 Drivers/STM32L0xx_HAL_Driver/stm32l0xx_hal_rtc.o
                0x08000fd0                RTC_ByteToBcd2
 *fill*         0x08000fe6        0x2 
 .text.HAL_RTC_SetTime
                0x08000fe8       0xfc Drivers/STM32L0xx_HAL_Driver/stm32l0xx_hal_rtc.o
                0x08000fe8                HAL_RTC_SetTime
 .text.HAL_RTC_SetDate
                0x080010e4       0xe0 Drivers/STM32L0xx_HAL_Driver/stm32l0xx_hal_rtc.o
                0x080010e4                HAL_RTC_SetDate
 .text.HAL_RTC_SetAlarm_IT
                0x080011c4      0x194 Drivers/STM32L0xx_HAL_Driver/stm32l0xx_hal_rtc.o
                0x080011c4                HAL_RTC_SetAlarm_IT
 .text.RTC_Bcd2ToByte
                0x08001358       0x10 Drivers/STM32L0xx_HAL_Driver/stm32l0xx_hal_rtc.o
                0x08001358                RTC_Bcd2ToByte
 .text.HAL_RTC_GetTime
                0x08001368       0x54 Drivers/STM32L0xx_HAL_Driver/stm32l0xx_hal_rtc.o
                0x08001368                HAL_RTC_GetTime
 .text.HAL_RTC_GetDate
                0x080013bc       0x44 Drivers/STM32L0xx_HAL_Driver/stm32l0xx_hal_rtc.o
                0x080013bc                HAL_RTC_GetDate
 .text.HAL_RTCEx_AlarmBEventCallback
                0x08001400        0x2 Drivers/STM32L0xx_HAL_Driver/stm32l0xx_hal_rtc_ex.o
                0x08001400                HAL_RTCEx_AlarmBEventCallback
 *fill*         0x08001402        0x2 
 .text.Reset_Handler
                0x08001404       0x50 Example/SW4STM32/startup_stm32l053xx.o
                0x08001404                Reset_Handler
 .text.Default_Handler
                0x08001454        0x2 Example/SW4STM32/startup_stm32l053xx.o
                0x08001454                TSC_IRQHandler
                0x08001454                ADC1_COMP_IRQHandler
                0x08001454                PVD_IRQHandler
                0x08001454                I2C1_IRQHandler
                0x08001454                RCC_CRS_IRQHandler
                0x08001454                SPI1_IRQHandler
                0x08001454                TIM6_DAC_IRQHandler
                0x08001454                EXTI2_3_IRQHandler
                0x08001454                I2C2_IRQHandler
                0x08001454                LCD_IRQHandler
                0x08001454                DMA1_Channel4_5_6_7_IRQHandler
                0x08001454                EXTI4_15_IRQHandler
                0x08001454                DMA1_Channel1_IRQHandler
                0x08001454                Default_Handler
                0x08001454                TIM22_IRQHandler
                0x08001454                EXTI0_1_IRQHandler
                0x08001454                USB_IRQHandler
                0x08001454                SPI2_IRQHandler
                0x08001454                TIM21_IRQHandler
                0x08001454                WWDG_IRQHandler
                0x08001454                TIM2_IRQHandler
                0x08001454                DMA1_Channel2_3_IRQHandler
                0x08001454                USART2_IRQHandler
                0x08001454                FLASH_IRQHandler
                0x08001454                USART1_IRQHandler
                0x08001454                RNG_LPUART1_IRQHandler
                0x08001454                LPTIM1_IRQHandler
 .text.unlikely.Error_Handler
                0x08001456       0x10 Example/User/main.o
 *fill*         0x08001466        0x2 
 .text.startup.main
                0x08001468      0x138 Example/User/main.o
                0x08001468                main
 .text.HAL_RTC_AlarmAEventCallback
                0x080015a0        0xa Example/User/main.o
                0x080015a0                HAL_RTC_AlarmAEventCallback
 *fill*         0x080015aa        0x2 
 .text.HAL_RTC_MspInit
                0x080015ac       0x70 Example/User/stm32l0xx_hal_msp.o
                0x080015ac                HAL_RTC_MspInit
 .text.NMI_Handler
                0x0800161c        0x2 Example/User/stm32l0xx_it.o
                0x0800161c                NMI_Handler
 .text.HardFault_Handler
                0x0800161e        0x2 Example/User/stm32l0xx_it.o
                0x0800161e                HardFault_Handler
 .text.SVC_Handler
                0x08001620        0x2 Example/User/stm32l0xx_it.o
                0x08001620                SVC_Handler
 .text.PendSV_Handler
                0x08001622        0x2 Example/User/stm32l0xx_it.o
                0x08001622                PendSV_Handler
 .text.SysTick_Handler
                0x08001624        0x8 Example/User/stm32l0xx_it.o
                0x08001624                SysTick_Handler
 .text.RTC_IRQHandler
                0x0800162c       0x10 Example/User/stm32l0xx_it.o
                0x0800162c                RTC_IRQHandler
 .text.__libc_init_array
                0x0800163c       0x4c c:/ac6/systemworkbench/plugins/fr.ac6.mcu.externaltools.arm-none.win32_1.7.0.201602121829/tools/compiler/bin/../lib/gcc/arm-none-eabi/5.2.1/../../../../arm-none-eabi/lib/armv6-m\libc_nano.a(lib_a-init.o)
                0x0800163c                __libc_init_array
 .text.sprintf  0x08001688       0x44 c:/ac6/systemworkbench/plugins/fr.ac6.mcu.externaltools.arm-none.win32_1.7.0.201602121829/tools/compiler/bin/../lib/gcc/arm-none-eabi/5.2.1/../../../../arm-none-eabi/lib/armv6-m\libc_nano.a(lib_a-sprintf.o)
                0x08001688                siprintf
                0x08001688                sprintf
 .text.__ssputs_r
                0x080016cc       0xc4 c:/ac6/systemworkbench/plugins/fr.ac6.mcu.externaltools.arm-none.win32_1.7.0.201602121829/tools/compiler/bin/../lib/gcc/arm-none-eabi/5.2.1/../../../../arm-none-eabi/lib/armv6-m\libc_nano.a(lib_a-nano-svfprintf.o)
                0x080016cc                __ssputs_r
 .text._svfprintf_r
                0x08001790      0x1fc c:/ac6/systemworkbench/plugins/fr.ac6.mcu.externaltools.arm-none.win32_1.7.0.201602121829/tools/compiler/bin/../lib/gcc/arm-none-eabi/5.2.1/../../../../arm-none-eabi/lib/armv6-m\libc_nano.a(lib_a-nano-svfprintf.o)
                0x08001790                _svfiprintf_r
                0x08001790                _svfprintf_r
 .text._printf_common
                0x0800198c       0xdc c:/ac6/systemworkbench/plugins/fr.ac6.mcu.externaltools.arm-none.win32_1.7.0.201602121829/tools/compiler/bin/../lib/gcc/arm-none-eabi/5.2.1/../../../../arm-none-eabi/lib/armv6-m\libc_nano.a(lib_a-nano-vfprintf_i.o)
                0x0800198c                _printf_common
 .text._printf_i
                0x08001a68      0x244 c:/ac6/systemworkbench/plugins/fr.ac6.mcu.externaltools.arm-none.win32_1.7.0.201602121829/tools/compiler/bin/../lib/gcc/arm-none-eabi/5.2.1/../../../../arm-none-eabi/lib/armv6-m\libc_nano.a(lib_a-nano-vfprintf_i.o)
                0x08001a68                _printf_i
 .text.memchr   0x08001cac       0x16 c:/ac6/systemworkbench/plugins/fr.ac6.mcu.externaltools.arm-none.win32_1.7.0.201602121829/tools/compiler/bin/../lib/gcc/arm-none-eabi/5.2.1/../../../../arm-none-eabi/lib/armv6-m\libc_nano.a(lib_a-memchr-stub.o)
                0x08001cac                memchr
 .text.memcpy   0x08001cc2       0x12 c:/ac6/systemworkbench/plugins/fr.ac6.mcu.externaltools.arm-none.win32_1.7.0.201602121829/tools/compiler/bin/../lib/gcc/arm-none-eabi/5.2.1/../../../../arm-none-eabi/lib/armv6-m\libc_nano.a(lib_a-memcpy-stub.o)
                0x08001cc2                memcpy
 .text.memmove  0x08001cd4       0x2a c:/ac6/systemworkbench/plugins/fr.ac6.mcu.externaltools.arm-none.win32_1.7.0.201602121829/tools/compiler/bin/../lib/gcc/arm-none-eabi/5.2.1/../../../../arm-none-eabi/lib/armv6-m\libc_nano.a(lib_a-memmove.o)
                0x08001cd4                memmove
 *fill*         0x08001cfe        0x2 
 .text._free_r  0x08001d00       0x8c c:/ac6/systemworkbench/plugins/fr.ac6.mcu.externaltools.arm-none.win32_1.7.0.201602121829/tools/compiler/bin/../lib/gcc/arm-none-eabi/5.2.1/../../../../arm-none-eabi/lib/armv6-m\libc_nano.a(lib_a-nano-freer.o)
                0x08001d00                _free_r
 .text._malloc_r
                0x08001d8c       0xac c:/ac6/systemworkbench/plugins/fr.ac6.mcu.externaltools.arm-none.win32_1.7.0.201602121829/tools/compiler/bin/../lib/gcc/arm-none-eabi/5.2.1/../../../../arm-none-eabi/lib/armv6-m\libc_nano.a(lib_a-nano-mallocr.o)
                0x08001d8c                _malloc_r
 .text._realloc_r
                0x08001e38       0x4c c:/ac6/systemworkbench/plugins/fr.ac6.mcu.externaltools.arm-none.win32_1.7.0.201602121829/tools/compiler/bin/../lib/gcc/arm-none-eabi/5.2.1/../../../../arm-none-eabi/lib/armv6-m\libc_nano.a(lib_a-nano-reallocr.o)
                0x08001e38                _realloc_r
 .text._sbrk_r  0x08001e84       0x24 c:/ac6/systemworkbench/plugins/fr.ac6.mcu.externaltools.arm-none.win32_1.7.0.201602121829/tools/compiler/bin/../lib/gcc/arm-none-eabi/5.2.1/../../../../arm-none-eabi/lib/armv6-m\libc_nano.a(lib_a-sbrkr.o)
                0x08001e84                _sbrk_r
 .text._malloc_usable_size_r
                0x08001ea8       0x16 c:/ac6/systemworkbench/plugins/fr.ac6.mcu.externaltools.arm-none.win32_1.7.0.201602121829/tools/compiler/bin/../lib/gcc/arm-none-eabi/5.2.1/../../../../arm-none-eabi/lib/armv6-m\libc_nano.a(lib_a-nano-msizer.o)
                0x08001ea8                _malloc_usable_size_r
 *fill*         0x08001ebe        0x2 
 .text._sbrk    0x08001ec0       0x1c c:/ac6/systemworkbench/plugins/fr.ac6.mcu.externaltools.arm-none.win32_1.7.0.201602121829/tools/compiler/bin/../lib/gcc/arm-none-eabi/5.2.1/../../../../arm-none-eabi/lib/armv6-m\libnosys.a(sbrk.o)
                0x08001ec0                _sbrk
 *(.glue_7)
 .glue_7        0x08001edc        0x0 linker stubs
 *(.glue_7t)
 .glue_7t       0x08001edc        0x0 linker stubs
 *(.eh_frame)
 .eh_frame      0x08001edc        0x0 c:/ac6/systemworkbench/plugins/fr.ac6.mcu.externaltools.arm-none.win32_1.7.0.201602121829/tools/compiler/bin/../lib/gcc/arm-none-eabi/5.2.1/armv6-m/crtbegin.o
 *(.init)
 .init          0x08001edc        0x4 c:/ac6/systemworkbench/plugins/fr.ac6.mcu.externaltools.arm-none.win32_1.7.0.201602121829/tools/compiler/bin/../lib/gcc/arm-none-eabi/5.2.1/armv6-m/crti.o
                0x08001edc                _init
 .init          0x08001ee0        0x8 c:/ac6/systemworkbench/plugins/fr.ac6.mcu.externaltools.arm-none.win32_1.7.0.201602121829/tools/compiler/bin/../lib/gcc/arm-none-eabi/5.2.1/armv6-m/crtn.o
 *(.fini)
 .fini          0x08001ee8        0x4 c:/ac6/systemworkbench/plugins/fr.ac6.mcu.externaltools.arm-none.win32_1.7.0.201602121829/tools/compiler/bin/../lib/gcc/arm-none-eabi/5.2.1/armv6-m/crti.o
                0x08001ee8                _fini
 .fini          0x08001eec        0x8 c:/ac6/systemworkbench/plugins/fr.ac6.mcu.externaltools.arm-none.win32_1.7.0.201602121829/tools/compiler/bin/../lib/gcc/arm-none-eabi/5.2.1/armv6-m/crtn.o
                0x08001ef4                . = ALIGN (0x4)
                0x08001ef4                _etext = .

.vfp11_veneer   0x08001ef4        0x0
 .vfp11_veneer  0x08001ef4        0x0 linker stubs

.v4_bx          0x08001ef4        0x0
 .v4_bx         0x08001ef4        0x0 linker stubs

.iplt           0x08001ef4        0x0
 .iplt          0x08001ef4        0x0 c:/ac6/systemworkbench/plugins/fr.ac6.mcu.externaltools.arm-none.win32_1.7.0.201602121829/tools/compiler/bin/../lib/gcc/arm-none-eabi/5.2.1/armv6-m/crtbegin.o

.rodata         0x08001ef4       0x68
                0x08001ef4                . = ALIGN (0x4)
 *(.rodata)
 .rodata        0x08001ef4       0x21 Drivers/CMSIS/system_stm32l0xx.o
                0x08001ef4                PLLMulTable
                0x08001efd                AHBPrescTable
                0x08001f0d                APBPrescTable
 *(.rodata*)
 .rodata.str1.1
                0x08001f15        0xf Example/User/main.o
 .rodata.str1.1
                0x08001f24        0x2 c:/ac6/systemworkbench/plugins/fr.ac6.mcu.externaltools.arm-none.win32_1.7.0.201602121829/tools/compiler/bin/../lib/gcc/arm-none-eabi/5.2.1/../../../../arm-none-eabi/lib/armv6-m\libc_nano.a(lib_a-impure.o)
 .rodata.str1.1
                0x08001f26       0x11 c:/ac6/systemworkbench/plugins/fr.ac6.mcu.externaltools.arm-none.win32_1.7.0.201602121829/tools/compiler/bin/../lib/gcc/arm-none-eabi/5.2.1/../../../../arm-none-eabi/lib/armv6-m\libc_nano.a(lib_a-nano-svfprintf.o)
 .rodata.str1.1
                0x08001f37       0x22 c:/ac6/systemworkbench/plugins/fr.ac6.mcu.externaltools.arm-none.win32_1.7.0.201602121829/tools/compiler/bin/../lib/gcc/arm-none-eabi/5.2.1/../../../../arm-none-eabi/lib/armv6-m\libc_nano.a(lib_a-nano-vfprintf_i.o)
                0x08001f5c                . = ALIGN (0x4)
 *fill*         0x08001f59        0x3 

.rel.dyn        0x08001f5c        0x0
 .rel.iplt      0x08001f5c        0x0 c:/ac6/systemworkbench/plugins/fr.ac6.mcu.externaltools.arm-none.win32_1.7.0.201602121829/tools/compiler/bin/../lib/gcc/arm-none-eabi/5.2.1/armv6-m/crtbegin.o

.ARM.extab
 *(.ARM.extab* .gnu.linkonce.armextab.*)

.ARM            0x08001f5c        0x0
                0x08001f5c                __exidx_start = .
 *(.ARM.exidx*)
                0x08001f5c                __exidx_end = .

.preinit_array  0x08001f5c        0x0
                0x08001f5c                PROVIDE (__preinit_array_start, .)
 *(.preinit_array*)
                0x08001f5c                PROVIDE (__preinit_array_end, .)

.init_array     0x08001f5c        0x4
                0x08001f5c                PROVIDE (__init_array_start, .)
 *(SORT(.init_array.*))
 *(.init_array*)
 .init_array    0x08001f5c        0x4 c:/ac6/systemworkbench/plugins/fr.ac6.mcu.externaltools.arm-none.win32_1.7.0.201602121829/tools/compiler/bin/../lib/gcc/arm-none-eabi/5.2.1/armv6-m/crtbegin.o
                0x08001f60                PROVIDE (__init_array_end, .)

.fini_array     0x08001f60        0x4
                [!provide]                PROVIDE (__fini_array_start, .)
 *(SORT(.fini_array.*))
 *(.fini_array*)
 .fini_array    0x08001f60        0x4 c:/ac6/systemworkbench/plugins/fr.ac6.mcu.externaltools.arm-none.win32_1.7.0.201602121829/tools/compiler/bin/../lib/gcc/arm-none-eabi/5.2.1/armv6-m/crtbegin.o
                [!provide]                PROVIDE (__fini_array_end, .)
                0x08001f64                _sidata = LOADADDR (.data)

.data           0x20000000       0x74 load address 0x08001f64
                0x20000000                . = ALIGN (0x4)
                0x20000000                _sdata = .
 *(.data)
 .data          0x20000000        0xc Drivers/BSP/STM32L053R8_NUCLEO/stm32l0xx_nucleo.o
                0x20000000                SpixTimeout
                0x20000004                LED_PORT
                0x20000008                BUTTON_PORT
 .data          0x2000000c        0x4 Drivers/CMSIS/system_stm32l0xx.o
                0x2000000c                SystemCoreClock
 *(.data*)
 .data.impure_data
                0x20000010       0x60 c:/ac6/systemworkbench/plugins/fr.ac6.mcu.externaltools.arm-none.win32_1.7.0.201602121829/tools/compiler/bin/../lib/gcc/arm-none-eabi/5.2.1/../../../../arm-none-eabi/lib/armv6-m\libc_nano.a(lib_a-impure.o)
 .data._impure_ptr
                0x20000070        0x4 c:/ac6/systemworkbench/plugins/fr.ac6.mcu.externaltools.arm-none.win32_1.7.0.201602121829/tools/compiler/bin/../lib/gcc/arm-none-eabi/5.2.1/../../../../arm-none-eabi/lib/armv6-m\libc_nano.a(lib_a-impure.o)
                0x20000070                _impure_ptr
                0x20000074                . = ALIGN (0x4)
                0x20000074                _edata = .

.jcr            0x20000074        0x0 load address 0x08001fd8
 .jcr           0x20000074        0x0 c:/ac6/systemworkbench/plugins/fr.ac6.mcu.externaltools.arm-none.win32_1.7.0.201602121829/tools/compiler/bin/../lib/gcc/arm-none-eabi/5.2.1/armv6-m/crtbegin.o

.tm_clone_table
                0x20000074        0x0 load address 0x08001fd8
 .tm_clone_table
                0x20000074        0x0 c:/ac6/systemworkbench/plugins/fr.ac6.mcu.externaltools.arm-none.win32_1.7.0.201602121829/tools/compiler/bin/../lib/gcc/arm-none-eabi/5.2.1/armv6-m/crtbegin.o
 .tm_clone_table
                0x20000074        0x0 c:/ac6/systemworkbench/plugins/fr.ac6.mcu.externaltools.arm-none.win32_1.7.0.201602121829/tools/compiler/bin/../lib/gcc/arm-none-eabi/5.2.1/armv6-m/crtend.o

.igot.plt       0x20000074        0x0 load address 0x08001fd8
 .igot.plt      0x20000074        0x0 c:/ac6/systemworkbench/plugins/fr.ac6.mcu.externaltools.arm-none.win32_1.7.0.201602121829/tools/compiler/bin/../lib/gcc/arm-none-eabi/5.2.1/armv6-m/crtbegin.o
                0x20000074                . = ALIGN (0x4)

.bss            0x20000074       0x88 load address 0x08001fd8
                0x20000074                _sbss = .
                0x20000074                __bss_start__ = _sbss
 *(.bss)
 .bss           0x20000074       0x1c c:/ac6/systemworkbench/plugins/fr.ac6.mcu.externaltools.arm-none.win32_1.7.0.201602121829/tools/compiler/bin/../lib/gcc/arm-none-eabi/5.2.1/armv6-m/crtbegin.o
 .bss           0x20000090       0x32 Example/User/main.o
                0x20000090                aShowTime
 *(.bss*)
 *fill*         0x200000c2        0x2 
 .bss.__malloc_sbrk_start
                0x200000c4        0x4 c:/ac6/systemworkbench/plugins/fr.ac6.mcu.externaltools.arm-none.win32_1.7.0.201602121829/tools/compiler/bin/../lib/gcc/arm-none-eabi/5.2.1/../../../../arm-none-eabi/lib/armv6-m\libc_nano.a(lib_a-nano-mallocr.o)
                0x200000c4                __malloc_sbrk_start
 .bss.__malloc_free_list
                0x200000c8        0x4 c:/ac6/systemworkbench/plugins/fr.ac6.mcu.externaltools.arm-none.win32_1.7.0.201602121829/tools/compiler/bin/../lib/gcc/arm-none-eabi/5.2.1/../../../../arm-none-eabi/lib/armv6-m\libc_nano.a(lib_a-nano-mallocr.o)
                0x200000c8                __malloc_free_list
 .bss.heap_end.4167
                0x200000cc        0x4 c:/ac6/systemworkbench/plugins/fr.ac6.mcu.externaltools.arm-none.win32_1.7.0.201602121829/tools/compiler/bin/../lib/gcc/arm-none-eabi/5.2.1/../../../../arm-none-eabi/lib/armv6-m\libnosys.a(sbrk.o)
 *(COMMON)
 COMMON         0x200000d0        0x4 Drivers/STM32L0xx_HAL_Driver/stm32l0xx_hal.o
                0x200000d0                uwTick
 COMMON         0x200000d4       0x24 Example/User/main.o
                0x200000d4                RtcHandle
 COMMON         0x200000f8        0x4 c:/ac6/systemworkbench/plugins/fr.ac6.mcu.externaltools.arm-none.win32_1.7.0.201602121829/tools/compiler/bin/../lib/gcc/arm-none-eabi/5.2.1/../../../../arm-none-eabi/lib/armv6-m\libc_nano.a(lib_a-reent.o)
                0x200000f8                errno
                0x200000fc                . = ALIGN (0x4)
                0x200000fc                _ebss = .
                0x200000fc                __bss_end__ = _ebss

._user_heap_stack
                0x200000fc      0x604 load address 0x08001fd8
                0x20000100                . = ALIGN (0x8)
 *fill*         0x200000fc        0x4 
                0x20000100                PROVIDE (end, .)
                [!provide]                PROVIDE (_end, .)
                0x20000300                . = (. + _Min_Heap_Size)
 *fill*         0x20000100      0x200 
                0x20000700                . = (. + _Min_Stack_Size)
 *fill*         0x20000300      0x400 
                0x20000700                . = ALIGN (0x8)

/DISCARD/
 libc.a(*)
 libm.a(*)
 libgcc.a(*)

.ARM.attributes
                0x00000000       0x28
 *(.ARM.attributes)
 .ARM.attributes
                0x00000000       0x1e c:/ac6/systemworkbench/plugins/fr.ac6.mcu.externaltools.arm-none.win32_1.7.0.201602121829/tools/compiler/bin/../lib/gcc/arm-none-eabi/5.2.1/armv6-m/crti.o
 .ARM.attributes
                0x0000001e       0x2c c:/ac6/systemworkbench/plugins/fr.ac6.mcu.externaltools.arm-none.win32_1.7.0.201602121829/tools/compiler/bin/../lib/gcc/arm-none-eabi/5.2.1/armv6-m/crtbegin.o
 .ARM.attributes
                0x0000004a       0x32 Drivers/BSP/STM32L053R8_NUCLEO/stm32l0xx_nucleo.o
 .ARM.attributes
                0x0000007c       0x32 Drivers/CMSIS/system_stm32l0xx.o
 .ARM.attributes
                0x000000ae       0x32 Drivers/STM32L0xx_HAL_Driver/stm32l0xx_hal.o
 .ARM.attributes
                0x000000e0       0x32 Drivers/STM32L0xx_HAL_Driver/stm32l0xx_hal_cortex.o
 .ARM.attributes
                0x00000112       0x32 Drivers/STM32L0xx_HAL_Driver/stm32l0xx_hal_gpio.o
 .ARM.attributes
                0x00000144       0x32 Drivers/STM32L0xx_HAL_Driver/stm32l0xx_hal_rcc.o
 .ARM.attributes
                0x00000176       0x32 Drivers/STM32L0xx_HAL_Driver/stm32l0xx_hal_rcc_ex.o
 .ARM.attributes
                0x000001a8       0x32 Drivers/STM32L0xx_HAL_Driver/stm32l0xx_hal_rtc.o
 .ARM.attributes
                0x000001da       0x32 Drivers/STM32L0xx_HAL_Driver/stm32l0xx_hal_rtc_ex.o
 .ARM.attributes
                0x0000020c       0x22 Example/SW4STM32/startup_stm32l053xx.o
 .ARM.attributes
                0x0000022e       0x32 Example/User/main.o
 .ARM.attributes
                0x00000260       0x32 Example/User/stm32l0xx_hal_msp.o
 .ARM.attributes
                0x00000292       0x32 Example/User/stm32l0xx_it.o
 .ARM.attributes
                0x000002c4       0x1e c:/ac6/systemworkbench/plugins/fr.ac6.mcu.externaltools.arm-none.win32_1.7.0.201602121829/tools/compiler/bin/../lib/gcc/arm-none-eabi/5.2.1/armv6-m\libgcc.a(_thumb1_case_uqi.o)
 .ARM.attributes
                0x000002e2       0x1e c:/ac6/systemworkbench/plugins/fr.ac6.mcu.externaltools.arm-none.win32_1.7.0.201602121829/tools/compiler/bin/../lib/gcc/arm-none-eabi/5.2.1/armv6-m\libgcc.a(_udivsi3.o)
 .ARM.attributes
                0x00000300       0x1e c:/ac6/systemworkbench/plugins/fr.ac6.mcu.externaltools.arm-none.win32_1.7.0.201602121829/tools/compiler/bin/../lib/gcc/arm-none-eabi/5.2.1/armv6-m\libgcc.a(_dvmd_tls.o)
 .ARM.attributes
                0x0000031e       0x2c c:/ac6/systemworkbench/plugins/fr.ac6.mcu.externaltools.arm-none.win32_1.7.0.201602121829/tools/compiler/bin/../lib/gcc/arm-none-eabi/5.2.1/../../../../arm-none-eabi/lib/armv6-m\libc_nano.a(lib_a-impure.o)
 .ARM.attributes
                0x0000034a       0x2c c:/ac6/systemworkbench/plugins/fr.ac6.mcu.externaltools.arm-none.win32_1.7.0.201602121829/tools/compiler/bin/../lib/gcc/arm-none-eabi/5.2.1/../../../../arm-none-eabi/lib/armv6-m\libc_nano.a(lib_a-init.o)
 .ARM.attributes
                0x00000376       0x2c c:/ac6/systemworkbench/plugins/fr.ac6.mcu.externaltools.arm-none.win32_1.7.0.201602121829/tools/compiler/bin/../lib/gcc/arm-none-eabi/5.2.1/../../../../arm-none-eabi/lib/armv6-m\libc_nano.a(lib_a-sprintf.o)
 .ARM.attributes
                0x000003a2       0x2c c:/ac6/systemworkbench/plugins/fr.ac6.mcu.externaltools.arm-none.win32_1.7.0.201602121829/tools/compiler/bin/../lib/gcc/arm-none-eabi/5.2.1/../../../../arm-none-eabi/lib/armv6-m\libc_nano.a(lib_a-nano-svfprintf.o)
 .ARM.attributes
                0x000003ce       0x2c c:/ac6/systemworkbench/plugins/fr.ac6.mcu.externaltools.arm-none.win32_1.7.0.201602121829/tools/compiler/bin/../lib/gcc/arm-none-eabi/5.2.1/../../../../arm-none-eabi/lib/armv6-m\libc_nano.a(lib_a-nano-vfprintf_i.o)
 .ARM.attributes
                0x000003fa       0x2c c:/ac6/systemworkbench/plugins/fr.ac6.mcu.externaltools.arm-none.win32_1.7.0.201602121829/tools/compiler/bin/../lib/gcc/arm-none-eabi/5.2.1/../../../../arm-none-eabi/lib/armv6-m\libc_nano.a(lib_a-memchr-stub.o)
 .ARM.attributes
                0x00000426       0x2c c:/ac6/systemworkbench/plugins/fr.ac6.mcu.externaltools.arm-none.win32_1.7.0.201602121829/tools/compiler/bin/../lib/gcc/arm-none-eabi/5.2.1/../../../../arm-none-eabi/lib/armv6-m\libc_nano.a(lib_a-memcpy-stub.o)
 .ARM.attributes
                0x00000452       0x2c c:/ac6/systemworkbench/plugins/fr.ac6.mcu.externaltools.arm-none.win32_1.7.0.201602121829/tools/compiler/bin/../lib/gcc/arm-none-eabi/5.2.1/../../../../arm-none-eabi/lib/armv6-m\libc_nano.a(lib_a-memmove.o)
 .ARM.attributes
                0x0000047e       0x2c c:/ac6/systemworkbench/plugins/fr.ac6.mcu.externaltools.arm-none.win32_1.7.0.201602121829/tools/compiler/bin/../lib/gcc/arm-none-eabi/5.2.1/../../../../arm-none-eabi/lib/armv6-m\libc_nano.a(lib_a-nano-freer.o)
 .ARM.attributes
                0x000004aa       0x2c c:/ac6/systemworkbench/plugins/fr.ac6.mcu.externaltools.arm-none.win32_1.7.0.201602121829/tools/compiler/bin/../lib/gcc/arm-none-eabi/5.2.1/../../../../arm-none-eabi/lib/armv6-m\libc_nano.a(lib_a-nano-mallocr.o)
 .ARM.attributes
                0x000004d6       0x2c c:/ac6/systemworkbench/plugins/fr.ac6.mcu.externaltools.arm-none.win32_1.7.0.201602121829/tools/compiler/bin/../lib/gcc/arm-none-eabi/5.2.1/../../../../arm-none-eabi/lib/armv6-m\libc_nano.a(lib_a-nano-reallocr.o)
 .ARM.attributes
                0x00000502       0x2c c:/ac6/systemworkbench/plugins/fr.ac6.mcu.externaltools.arm-none.win32_1.7.0.201602121829/tools/compiler/bin/../lib/gcc/arm-none-eabi/5.2.1/../../../../arm-none-eabi/lib/armv6-m\libc_nano.a(lib_a-sbrkr.o)
 .ARM.attributes
                0x0000052e       0x2c c:/ac6/systemworkbench/plugins/fr.ac6.mcu.externaltools.arm-none.win32_1.7.0.201602121829/tools/compiler/bin/../lib/gcc/arm-none-eabi/5.2.1/../../../../arm-none-eabi/lib/armv6-m\libc_nano.a(lib_a-nano-msizer.o)
 .ARM.attributes
                0x0000055a       0x2c c:/ac6/systemworkbench/plugins/fr.ac6.mcu.externaltools.arm-none.win32_1.7.0.201602121829/tools/compiler/bin/../lib/gcc/arm-none-eabi/5.2.1/../../../../arm-none-eabi/lib/armv6-m\libc_nano.a(lib_a-reent.o)
 .ARM.attributes
                0x00000586       0x2c c:/ac6/systemworkbench/plugins/fr.ac6.mcu.externaltools.arm-none.win32_1.7.0.201602121829/tools/compiler/bin/../lib/gcc/arm-none-eabi/5.2.1/../../../../arm-none-eabi/lib/armv6-m\libnosys.a(sbrk.o)
 .ARM.attributes
                0x000005b2       0x2c c:/ac6/systemworkbench/plugins/fr.ac6.mcu.externaltools.arm-none.win32_1.7.0.201602121829/tools/compiler/bin/../lib/gcc/arm-none-eabi/5.2.1/armv6-m/crtend.o
 .ARM.attributes
                0x000005de       0x1e c:/ac6/systemworkbench/plugins/fr.ac6.mcu.externaltools.arm-none.win32_1.7.0.201602121829/tools/compiler/bin/../lib/gcc/arm-none-eabi/5.2.1/armv6-m/crtn.o
OUTPUT(STM32L053R8_NUCLEO.elf elf32-littlearm)

.debug_info     0x00000000     0x79c7
 .debug_info    0x00000000     0x1ab7 Drivers/BSP/STM32L053R8_NUCLEO/stm32l0xx_nucleo.o
 .debug_info    0x00001ab7      0x376 Drivers/CMSIS/system_stm32l0xx.o
 .debug_info    0x00001e2d      0x73a Drivers/STM32L0xx_HAL_Driver/stm32l0xx_hal.o
 .debug_info    0x00002567      0x8d7 Drivers/STM32L0xx_HAL_Driver/stm32l0xx_hal_cortex.o
 .debug_info    0x00002e3e      0x63d Drivers/STM32L0xx_HAL_Driver/stm32l0xx_hal_gpio.o
 .debug_info    0x0000347b      0xae3 Drivers/STM32L0xx_HAL_Driver/stm32l0xx_hal_rcc.o
 .debug_info    0x00003f5e      0x773 Drivers/STM32L0xx_HAL_Driver/stm32l0xx_hal_rcc_ex.o
 .debug_info    0x000046d1      0xd08 Drivers/STM32L0xx_HAL_Driver/stm32l0xx_hal_rtc.o
 .debug_info    0x000053d9      0xe8b Drivers/STM32L0xx_HAL_Driver/stm32l0xx_hal_rtc_ex.o
 .debug_info    0x00006264      0x144 Example/SW4STM32/startup_stm32l053xx.o
 .debug_info    0x000063a8      0xa97 Example/User/main.o
 .debug_info    0x00006e3f      0x7f7 Example/User/stm32l0xx_hal_msp.o
 .debug_info    0x00007636      0x391 Example/User/stm32l0xx_it.o

.debug_abbrev   0x00000000     0x17ab
 .debug_abbrev  0x00000000      0x369 Drivers/BSP/STM32L053R8_NUCLEO/stm32l0xx_nucleo.o
 .debug_abbrev  0x00000369       0xf3 Drivers/CMSIS/system_stm32l0xx.o
 .debug_abbrev  0x0000045c      0x21b Drivers/STM32L0xx_HAL_Driver/stm32l0xx_hal.o
 .debug_abbrev  0x00000677      0x292 Drivers/STM32L0xx_HAL_Driver/stm32l0xx_hal_cortex.o
 .debug_abbrev  0x00000909      0x1bc Drivers/STM32L0xx_HAL_Driver/stm32l0xx_hal_gpio.o
 .debug_abbrev  0x00000ac5      0x292 Drivers/STM32L0xx_HAL_Driver/stm32l0xx_hal_rcc.o
 .debug_abbrev  0x00000d57      0x1e5 Drivers/STM32L0xx_HAL_Driver/stm32l0xx_hal_rcc_ex.o
 .debug_abbrev  0x00000f3c      0x1dc Drivers/STM32L0xx_HAL_Driver/stm32l0xx_hal_rtc.o
 .debug_abbrev  0x00001118      0x1ed Drivers/STM32L0xx_HAL_Driver/stm32l0xx_hal_rtc_ex.o
 .debug_abbrev  0x00001305       0x12 Example/SW4STM32/startup_stm32l053xx.o
 .debug_abbrev  0x00001317      0x211 Example/User/main.o
 .debug_abbrev  0x00001528      0x14a Example/User/stm32l0xx_hal_msp.o
 .debug_abbrev  0x00001672      0x139 Example/User/stm32l0xx_it.o

.debug_loc      0x00000000     0x2fdd
 .debug_loc     0x00000000      0x4f1 Drivers/BSP/STM32L053R8_NUCLEO/stm32l0xx_nucleo.o
 .debug_loc     0x000004f1      0x123 Drivers/CMSIS/system_stm32l0xx.o
 .debug_loc     0x00000614       0xac Drivers/STM32L0xx_HAL_Driver/stm32l0xx_hal.o
 .debug_loc     0x000006c0      0x3da Drivers/STM32L0xx_HAL_Driver/stm32l0xx_hal_cortex.o
 .debug_loc     0x00000a9a      0x2cc Drivers/STM32L0xx_HAL_Driver/stm32l0xx_hal_gpio.o
 .debug_loc     0x00000d66      0x4bc Drivers/STM32L0xx_HAL_Driver/stm32l0xx_hal_rcc.o
 .debug_loc     0x00001222      0x540 Drivers/STM32L0xx_HAL_Driver/stm32l0xx_hal_rcc_ex.o
 .debug_loc     0x00001762      0xab7 Drivers/STM32L0xx_HAL_Driver/stm32l0xx_hal_rtc.o
 .debug_loc     0x00002219      0xd82 Drivers/STM32L0xx_HAL_Driver/stm32l0xx_hal_rtc_ex.o
 .debug_loc     0x00002f9b       0x21 Example/User/main.o
 .debug_loc     0x00002fbc       0x21 Example/User/stm32l0xx_hal_msp.o

.debug_aranges  0x00000000      0x5f8
 .debug_aranges
                0x00000000       0xb8 Drivers/BSP/STM32L053R8_NUCLEO/stm32l0xx_nucleo.o
 .debug_aranges
                0x000000b8       0x28 Drivers/CMSIS/system_stm32l0xx.o
 .debug_aranges
                0x000000e0       0xd8 Drivers/STM32L0xx_HAL_Driver/stm32l0xx_hal.o
 .debug_aranges
                0x000001b8       0x80 Drivers/STM32L0xx_HAL_Driver/stm32l0xx_hal_cortex.o
 .debug_aranges
                0x00000238       0x58 Drivers/STM32L0xx_HAL_Driver/stm32l0xx_hal_gpio.o
 .debug_aranges
                0x00000290       0x80 Drivers/STM32L0xx_HAL_Driver/stm32l0xx_hal_rcc.o
 .debug_aranges
                0x00000310       0x88 Drivers/STM32L0xx_HAL_Driver/stm32l0xx_hal_rcc_ex.o
 .debug_aranges
                0x00000398       0xa8 Drivers/STM32L0xx_HAL_Driver/stm32l0xx_hal_rtc.o
 .debug_aranges
                0x00000440      0x100 Drivers/STM32L0xx_HAL_Driver/stm32l0xx_hal_rtc_ex.o
 .debug_aranges
                0x00000540       0x28 Example/SW4STM32/startup_stm32l053xx.o
 .debug_aranges
                0x00000568       0x30 Example/User/main.o
 .debug_aranges
                0x00000598       0x28 Example/User/stm32l0xx_hal_msp.o
 .debug_aranges
                0x000005c0       0x38 Example/User/stm32l0xx_it.o

.debug_ranges   0x00000000      0x7d0
 .debug_ranges  0x00000000      0x280 Drivers/BSP/STM32L053R8_NUCLEO/stm32l0xx_nucleo.o
 .debug_ranges  0x00000280       0x18 Drivers/CMSIS/system_stm32l0xx.o
 .debug_ranges  0x00000298       0xc8 Drivers/STM32L0xx_HAL_Driver/stm32l0xx_hal.o
 .debug_ranges  0x00000360       0xf0 Drivers/STM32L0xx_HAL_Driver/stm32l0xx_hal_cortex.o
 .debug_ranges  0x00000450       0x48 Drivers/STM32L0xx_HAL_Driver/stm32l0xx_hal_gpio.o
 .debug_ranges  0x00000498       0xb8 Drivers/STM32L0xx_HAL_Driver/stm32l0xx_hal_rcc.o
 .debug_ranges  0x00000550       0x78 Drivers/STM32L0xx_HAL_Driver/stm32l0xx_hal_rcc_ex.o
 .debug_ranges  0x000005c8       0x98 Drivers/STM32L0xx_HAL_Driver/stm32l0xx_hal_rtc.o
 .debug_ranges  0x00000660       0xf0 Drivers/STM32L0xx_HAL_Driver/stm32l0xx_hal_rtc_ex.o
 .debug_ranges  0x00000750       0x20 Example/SW4STM32/startup_stm32l053xx.o
 .debug_ranges  0x00000770       0x20 Example/User/main.o
 .debug_ranges  0x00000790       0x18 Example/User/stm32l0xx_hal_msp.o
 .debug_ranges  0x000007a8       0x28 Example/User/stm32l0xx_it.o

.debug_macro    0x00000000    0x14032
 .debug_macro   0x00000000      0x32c Drivers/BSP/STM32L053R8_NUCLEO/stm32l0xx_nucleo.o
 .debug_macro   0x0000032c      0x832 Drivers/BSP/STM32L053R8_NUCLEO/stm32l0xx_nucleo.o
 .debug_macro   0x00000b5e       0xa2 Drivers/BSP/STM32L053R8_NUCLEO/stm32l0xx_nucleo.o
 .debug_macro   0x00000c00       0x2e Drivers/BSP/STM32L053R8_NUCLEO/stm32l0xx_nucleo.o
 .debug_macro   0x00000c2e       0x28 Drivers/BSP/STM32L053R8_NUCLEO/stm32l0xx_nucleo.o
 .debug_macro   0x00000c56       0x22 Drivers/BSP/STM32L053R8_NUCLEO/stm32l0xx_nucleo.o
 .debug_macro   0x00000c78       0x44 Drivers/BSP/STM32L053R8_NUCLEO/stm32l0xx_nucleo.o
 .debug_macro   0x00000cbc       0xfd Drivers/BSP/STM32L053R8_NUCLEO/stm32l0xx_nucleo.o
 .debug_macro   0x00000db9       0x22 Drivers/BSP/STM32L053R8_NUCLEO/stm32l0xx_nucleo.o
 .debug_macro   0x00000ddb      0x1df Drivers/BSP/STM32L053R8_NUCLEO/stm32l0xx_nucleo.o
 .debug_macro   0x00000fba       0x34 Drivers/BSP/STM32L053R8_NUCLEO/stm32l0xx_nucleo.o
 .debug_macro   0x00000fee       0x26 Drivers/BSP/STM32L053R8_NUCLEO/stm32l0xx_nucleo.o
 .debug_macro   0x00001014      0x44f Drivers/BSP/STM32L053R8_NUCLEO/stm32l0xx_nucleo.o
 .debug_macro   0x00001463     0x9cc0 Drivers/BSP/STM32L053R8_NUCLEO/stm32l0xx_nucleo.o
 .debug_macro   0x0000b123       0x3c Drivers/BSP/STM32L053R8_NUCLEO/stm32l0xx_nucleo.o
 .debug_macro   0x0000b15f     0x3440 Drivers/BSP/STM32L053R8_NUCLEO/stm32l0xx_nucleo.o
 .debug_macro   0x0000e59f       0x58 Drivers/BSP/STM32L053R8_NUCLEO/stm32l0xx_nucleo.o
 .debug_macro   0x0000e5f7       0x35 Drivers/BSP/STM32L053R8_NUCLEO/stm32l0xx_nucleo.o
 .debug_macro   0x0000e62c       0x9c Drivers/BSP/STM32L053R8_NUCLEO/stm32l0xx_nucleo.o
 .debug_macro   0x0000e6c8       0x16 Drivers/BSP/STM32L053R8_NUCLEO/stm32l0xx_nucleo.o
 .debug_macro   0x0000e6de       0x97 Drivers/BSP/STM32L053R8_NUCLEO/stm32l0xx_nucleo.o
 .debug_macro   0x0000e775      0x329 Drivers/BSP/STM32L053R8_NUCLEO/stm32l0xx_nucleo.o
 .debug_macro   0x0000ea9e       0xfd Drivers/BSP/STM32L053R8_NUCLEO/stm32l0xx_nucleo.o
 .debug_macro   0x0000eb9b       0x10 Drivers/BSP/STM32L053R8_NUCLEO/stm32l0xx_nucleo.o
 .debug_macro   0x0000ebab       0x52 Drivers/BSP/STM32L053R8_NUCLEO/stm32l0xx_nucleo.o
 .debug_macro   0x0000ebfd       0x16 Drivers/BSP/STM32L053R8_NUCLEO/stm32l0xx_nucleo.o
 .debug_macro   0x0000ec13       0x43 Drivers/BSP/STM32L053R8_NUCLEO/stm32l0xx_nucleo.o
 .debug_macro   0x0000ec56      0x187 Drivers/BSP/STM32L053R8_NUCLEO/stm32l0xx_nucleo.o
 .debug_macro   0x0000eddd       0x10 Drivers/BSP/STM32L053R8_NUCLEO/stm32l0xx_nucleo.o
 .debug_macro   0x0000eded       0x22 Drivers/BSP/STM32L053R8_NUCLEO/stm32l0xx_nucleo.o
 .debug_macro   0x0000ee0f       0x3a Drivers/BSP/STM32L053R8_NUCLEO/stm32l0xx_nucleo.o
 .debug_macro   0x0000ee49       0x10 Drivers/BSP/STM32L053R8_NUCLEO/stm32l0xx_nucleo.o
 .debug_macro   0x0000ee59       0x40 Drivers/BSP/STM32L053R8_NUCLEO/stm32l0xx_nucleo.o
 .debug_macro   0x0000ee99       0x65 Drivers/BSP/STM32L053R8_NUCLEO/stm32l0xx_nucleo.o
 .debug_macro   0x0000eefe       0x16 Drivers/BSP/STM32L053R8_NUCLEO/stm32l0xx_nucleo.o
 .debug_macro   0x0000ef14      0x197 Drivers/BSP/STM32L053R8_NUCLEO/stm32l0xx_nucleo.o
 .debug_macro   0x0000f0ab       0x57 Drivers/BSP/STM32L053R8_NUCLEO/stm32l0xx_nucleo.o
 .debug_macro   0x0000f102      0x7eb Drivers/BSP/STM32L053R8_NUCLEO/stm32l0xx_nucleo.o
 .debug_macro   0x0000f8ed      0x7b9 Drivers/BSP/STM32L053R8_NUCLEO/stm32l0xx_nucleo.o
 .debug_macro   0x000100a6      0x14d Drivers/BSP/STM32L053R8_NUCLEO/stm32l0xx_nucleo.o
 .debug_macro   0x000101f3      0x184 Drivers/BSP/STM32L053R8_NUCLEO/stm32l0xx_nucleo.o
 .debug_macro   0x00010377      0x272 Drivers/BSP/STM32L053R8_NUCLEO/stm32l0xx_nucleo.o
 .debug_macro   0x000105e9      0x1ef Drivers/BSP/STM32L053R8_NUCLEO/stm32l0xx_nucleo.o
 .debug_macro   0x000107d8      0x4e4 Drivers/BSP/STM32L053R8_NUCLEO/stm32l0xx_nucleo.o
 .debug_macro   0x00010cbc       0x66 Drivers/BSP/STM32L053R8_NUCLEO/stm32l0xx_nucleo.o
 .debug_macro   0x00010d22      0x120 Drivers/BSP/STM32L053R8_NUCLEO/stm32l0xx_nucleo.o
 .debug_macro   0x00010e42      0x2bf Drivers/BSP/STM32L053R8_NUCLEO/stm32l0xx_nucleo.o
 .debug_macro   0x00011101       0x12 Drivers/BSP/STM32L053R8_NUCLEO/stm32l0xx_nucleo.o
 .debug_macro   0x00011113      0x189 Drivers/BSP/STM32L053R8_NUCLEO/stm32l0xx_nucleo.o
 .debug_macro   0x0001129c       0x16 Drivers/BSP/STM32L053R8_NUCLEO/stm32l0xx_nucleo.o
 .debug_macro   0x000112b2      0x30c Drivers/BSP/STM32L053R8_NUCLEO/stm32l0xx_nucleo.o
 .debug_macro   0x000115be      0x3f1 Drivers/BSP/STM32L053R8_NUCLEO/stm32l0xx_nucleo.o
 .debug_macro   0x000119af       0xdd Drivers/BSP/STM32L053R8_NUCLEO/stm32l0xx_nucleo.o
 .debug_macro   0x00011a8c      0x202 Drivers/BSP/STM32L053R8_NUCLEO/stm32l0xx_nucleo.o
 .debug_macro   0x00011c8e      0x165 Drivers/BSP/STM32L053R8_NUCLEO/stm32l0xx_nucleo.o
 .debug_macro   0x00011df3       0x16 Drivers/BSP/STM32L053R8_NUCLEO/stm32l0xx_nucleo.o
 .debug_macro   0x00011e09       0x35 Drivers/BSP/STM32L053R8_NUCLEO/stm32l0xx_nucleo.o
 .debug_macro   0x00011e3e       0x16 Drivers/BSP/STM32L053R8_NUCLEO/stm32l0xx_nucleo.o
 .debug_macro   0x00011e54       0x29 Drivers/BSP/STM32L053R8_NUCLEO/stm32l0xx_nucleo.o
 .debug_macro   0x00011e7d      0x1a1 Drivers/BSP/STM32L053R8_NUCLEO/stm32l0xx_nucleo.o
 .debug_macro   0x0001201e      0x2c5 Drivers/CMSIS/system_stm32l0xx.o
 .debug_macro   0x000122e3      0x2e3 Drivers/STM32L0xx_HAL_Driver/stm32l0xx_hal.o
 .debug_macro   0x000125c6      0x2bf Drivers/STM32L0xx_HAL_Driver/stm32l0xx_hal_cortex.o
 .debug_macro   0x00012885      0x2f8 Drivers/STM32L0xx_HAL_Driver/stm32l0xx_hal_gpio.o
 .debug_macro   0x00012b7d      0x30d Drivers/STM32L0xx_HAL_Driver/stm32l0xx_hal_rcc.o
 .debug_macro   0x00012e8a      0x2d1 Drivers/STM32L0xx_HAL_Driver/stm32l0xx_hal_rcc_ex.o
 .debug_macro   0x0001315b      0x2bf Drivers/STM32L0xx_HAL_Driver/stm32l0xx_hal_rtc.o
 .debug_macro   0x0001341a      0x2bf Drivers/STM32L0xx_HAL_Driver/stm32l0xx_hal_rtc_ex.o
 .debug_macro   0x000136d9      0x311 Example/User/main.o
 .debug_macro   0x000139ea       0x1c Example/User/main.o
 .debug_macro   0x00013a06      0x311 Example/User/stm32l0xx_hal_msp.o
 .debug_macro   0x00013d17      0x31b Example/User/stm32l0xx_it.o

.debug_line     0x00000000     0x819e
 .debug_line    0x00000000      0xb98 Drivers/BSP/STM32L053R8_NUCLEO/stm32l0xx_nucleo.o
 .debug_line    0x00000b98      0x89c Drivers/CMSIS/system_stm32l0xx.o
 .debug_line    0x00001434      0xa30 Drivers/STM32L0xx_HAL_Driver/stm32l0xx_hal.o
 .debug_line    0x00001e64      0x9ee Drivers/STM32L0xx_HAL_Driver/stm32l0xx_hal_cortex.o
 .debug_line    0x00002852      0x9e9 Drivers/STM32L0xx_HAL_Driver/stm32l0xx_hal_gpio.o
 .debug_line    0x0000323b      0xb6e Drivers/STM32L0xx_HAL_Driver/stm32l0xx_hal_rcc.o
 .debug_line    0x00003da9      0xb30 Drivers/STM32L0xx_HAL_Driver/stm32l0xx_hal_rcc_ex.o
 .debug_line    0x000048d9      0xc19 Drivers/STM32L0xx_HAL_Driver/stm32l0xx_hal_rtc.o
 .debug_line    0x000054f2      0xfb0 Drivers/STM32L0xx_HAL_Driver/stm32l0xx_hal_rtc_ex.o
 .debug_line    0x000064a2       0xf0 Example/SW4STM32/startup_stm32l053xx.o
 .debug_line    0x00006592      0x987 Example/User/main.o
 .debug_line    0x00006f19      0x943 Example/User/stm32l0xx_hal_msp.o
 .debug_line    0x0000785c      0x942 Example/User/stm32l0xx_it.o

.debug_str      0x00000000    0x7776f
 .debug_str     0x00000000    0x758ea Drivers/BSP/STM32L053R8_NUCLEO/stm32l0xx_nucleo.o
                              0x75cf7 (size before relaxing)
 .debug_str     0x000758ea      0x115 Drivers/CMSIS/system_stm32l0xx.o
                              0x743a6 (size before relaxing)
 .debug_str     0x000759ff      0x3fc Drivers/STM32L0xx_HAL_Driver/stm32l0xx_hal.o
                              0x7492e (size before relaxing)
 .debug_str     0x00075dfb      0x233 Drivers/STM32L0xx_HAL_Driver/stm32l0xx_hal_cortex.o
                              0x7474c (size before relaxing)
 .debug_str     0x0007602e      0x23c Drivers/STM32L0xx_HAL_Driver/stm32l0xx_hal_gpio.o
                              0x745df (size before relaxing)
 .debug_str     0x0007626a      0x4ac Drivers/STM32L0xx_HAL_Driver/stm32l0xx_hal_rcc.o
                              0x748e7 (size before relaxing)
 .debug_str     0x00076716      0x405 Drivers/STM32L0xx_HAL_Driver/stm32l0xx_hal_rcc_ex.o
                              0x747a0 (size before relaxing)
 .debug_str     0x00076b1b      0x450 Drivers/STM32L0xx_HAL_Driver/stm32l0xx_hal_rtc.o
                              0x74713 (size before relaxing)
 .debug_str     0x00076f6b      0x4db Drivers/STM32L0xx_HAL_Driver/stm32l0xx_hal_rtc_ex.o
                              0x749d8 (size before relaxing)
 .debug_str     0x00077446      0x198 Example/User/main.o
                              0x754a3 (size before relaxing)
 .debug_str     0x000775de       0xbd Example/User/stm32l0xx_hal_msp.o
                              0x754b6 (size before relaxing)
 .debug_str     0x0007769b       0xd4 Example/User/stm32l0xx_it.o
                              0x75072 (size before relaxing)

.comment        0x00000000       0x6e
 .comment       0x00000000       0x6e Drivers/BSP/STM32L053R8_NUCLEO/stm32l0xx_nucleo.o
                                 0x6f (size before relaxing)
 .comment       0x0000006e       0x6f Drivers/CMSIS/system_stm32l0xx.o
 .comment       0x0000006e       0x6f Drivers/STM32L0xx_HAL_Driver/stm32l0xx_hal.o
 .comment       0x0000006e       0x6f Drivers/STM32L0xx_HAL_Driver/stm32l0xx_hal_cortex.o
 .comment       0x0000006e       0x6f Drivers/STM32L0xx_HAL_Driver/stm32l0xx_hal_gpio.o
 .comment       0x0000006e       0x6f Drivers/STM32L0xx_HAL_Driver/stm32l0xx_hal_rcc.o
 .comment       0x0000006e       0x6f Drivers/STM32L0xx_HAL_Driver/stm32l0xx_hal_rcc_ex.o
 .comment       0x0000006e       0x6f Drivers/STM32L0xx_HAL_Driver/stm32l0xx_hal_rtc.o
 .comment       0x0000006e       0x6f Drivers/STM32L0xx_HAL_Driver/stm32l0xx_hal_rtc_ex.o
 .comment       0x0000006e       0x6f Example/User/main.o
 .comment       0x0000006e       0x6f Example/User/stm32l0xx_hal_msp.o
 .comment       0x0000006e       0x6f Example/User/stm32l0xx_it.o

.debug_frame    0x00000000     0x122c
 .debug_frame   0x00000000      0x234 Drivers/BSP/STM32L053R8_NUCLEO/stm32l0xx_nucleo.o
 .debug_frame   0x00000234       0x3c Drivers/CMSIS/system_stm32l0xx.o
 .debug_frame   0x00000270      0x1c4 Drivers/STM32L0xx_HAL_Driver/stm32l0xx_hal.o
 .debug_frame   0x00000434       0xf4 Drivers/STM32L0xx_HAL_Driver/stm32l0xx_hal_cortex.o
 .debug_frame   0x00000528       0xbc Drivers/STM32L0xx_HAL_Driver/stm32l0xx_hal_gpio.o
 .debug_frame   0x000005e4      0x134 Drivers/STM32L0xx_HAL_Driver/stm32l0xx_hal_rcc.o
 .debug_frame   0x00000718      0x12c Drivers/STM32L0xx_HAL_Driver/stm32l0xx_hal_rcc_ex.o
 .debug_frame   0x00000844      0x230 Drivers/STM32L0xx_HAL_Driver/stm32l0xx_hal_rtc.o
 .debug_frame   0x00000a74      0x37c Drivers/STM32L0xx_HAL_Driver/stm32l0xx_hal_rtc_ex.o
 .debug_frame   0x00000df0       0x64 Example/User/main.o
 .debug_frame   0x00000e54       0x38 Example/User/stm32l0xx_hal_msp.o
 .debug_frame   0x00000e8c       0x90 Example/User/stm32l0xx_it.o
 .debug_frame   0x00000f1c       0x20 c:/ac6/systemworkbench/plugins/fr.ac6.mcu.externaltools.arm-none.win32_1.7.0.201602121829/tools/compiler/bin/../lib/gcc/arm-none-eabi/5.2.1/armv6-m\libgcc.a(_udivsi3.o)
 .debug_frame   0x00000f3c       0x2c c:/ac6/systemworkbench/plugins/fr.ac6.mcu.externaltools.arm-none.win32_1.7.0.201602121829/tools/compiler/bin/../lib/gcc/arm-none-eabi/5.2.1/../../../../arm-none-eabi/lib/armv6-m\libc_nano.a(lib_a-init.o)
 .debug_frame   0x00000f68       0x50 c:/ac6/systemworkbench/plugins/fr.ac6.mcu.externaltools.arm-none.win32_1.7.0.201602121829/tools/compiler/bin/../lib/gcc/arm-none-eabi/5.2.1/../../../../arm-none-eabi/lib/armv6-m\libc_nano.a(lib_a-sprintf.o)
 .debug_frame   0x00000fb8       0x74 c:/ac6/systemworkbench/plugins/fr.ac6.mcu.externaltools.arm-none.win32_1.7.0.201602121829/tools/compiler/bin/../lib/gcc/arm-none-eabi/5.2.1/../../../../arm-none-eabi/lib/armv6-m\libc_nano.a(lib_a-nano-svfprintf.o)
 .debug_frame   0x0000102c       0x54 c:/ac6/systemworkbench/plugins/fr.ac6.mcu.externaltools.arm-none.win32_1.7.0.201602121829/tools/compiler/bin/../lib/gcc/arm-none-eabi/5.2.1/../../../../arm-none-eabi/lib/armv6-m\libc_nano.a(lib_a-nano-vfprintf_i.o)
 .debug_frame   0x00001080       0x20 c:/ac6/systemworkbench/plugins/fr.ac6.mcu.externaltools.arm-none.win32_1.7.0.201602121829/tools/compiler/bin/../lib/gcc/arm-none-eabi/5.2.1/../../../../arm-none-eabi/lib/armv6-m\libc_nano.a(lib_a-memchr-stub.o)
 .debug_frame   0x000010a0       0x28 c:/ac6/systemworkbench/plugins/fr.ac6.mcu.externaltools.arm-none.win32_1.7.0.201602121829/tools/compiler/bin/../lib/gcc/arm-none-eabi/5.2.1/../../../../arm-none-eabi/lib/armv6-m\libc_nano.a(lib_a-memcpy-stub.o)
 .debug_frame   0x000010c8       0x28 c:/ac6/systemworkbench/plugins/fr.ac6.mcu.externaltools.arm-none.win32_1.7.0.201602121829/tools/compiler/bin/../lib/gcc/arm-none-eabi/5.2.1/../../../../arm-none-eabi/lib/armv6-m\libc_nano.a(lib_a-memmove.o)
 .debug_frame   0x000010f0       0x2c c:/ac6/systemworkbench/plugins/fr.ac6.mcu.externaltools.arm-none.win32_1.7.0.201602121829/tools/compiler/bin/../lib/gcc/arm-none-eabi/5.2.1/../../../../arm-none-eabi/lib/armv6-m\libc_nano.a(lib_a-nano-freer.o)
 .debug_frame   0x0000111c       0x2c c:/ac6/systemworkbench/plugins/fr.ac6.mcu.externaltools.arm-none.win32_1.7.0.201602121829/tools/compiler/bin/../lib/gcc/arm-none-eabi/5.2.1/../../../../arm-none-eabi/lib/armv6-m\libc_nano.a(lib_a-nano-mallocr.o)
 .debug_frame   0x00001148       0x30 c:/ac6/systemworkbench/plugins/fr.ac6.mcu.externaltools.arm-none.win32_1.7.0.201602121829/tools/compiler/bin/../lib/gcc/arm-none-eabi/5.2.1/../../../../arm-none-eabi/lib/armv6-m\libc_nano.a(lib_a-nano-reallocr.o)
 .debug_frame   0x00001178       0x2c c:/ac6/systemworkbench/plugins/fr.ac6.mcu.externaltools.arm-none.win32_1.7.0.201602121829/tools/compiler/bin/../lib/gcc/arm-none-eabi/5.2.1/../../../../arm-none-eabi/lib/armv6-m\libc_nano.a(lib_a-sbrkr.o)
 .debug_frame   0x000011a4       0x20 c:/ac6/systemworkbench/plugins/fr.ac6.mcu.externaltools.arm-none.win32_1.7.0.201602121829/tools/compiler/bin/../lib/gcc/arm-none-eabi/5.2.1/../../../../arm-none-eabi/lib/armv6-m\libc_nano.a(lib_a-nano-msizer.o)
 .debug_frame   0x000011c4       0x48 c:/ac6/systemworkbench/plugins/fr.ac6.mcu.externaltools.arm-none.win32_1.7.0.201602121829/tools/compiler/bin/../lib/gcc/arm-none-eabi/5.2.1/../../../../arm-none-eabi/lib/armv6-m\libc_nano.a(lib_a-reent.o)
 .debug_frame   0x0000120c       0x20 c:/ac6/systemworkbench/plugins/fr.ac6.mcu.externaltools.arm-none.win32_1.7.0.201602121829/tools/compiler/bin/../lib/gcc/arm-none-eabi/5.2.1/../../../../arm-none-eabi/lib/armv6-m\libnosys.a(sbrk.o)
